21:53:32 **** Incremental Build of configuration Debug for project ETH_MQTT_SPI_I2C ****
make -j8 all 
arm-none-eabi-g++ "../Src/main.cpp" -mcpu=cortex-m4 -std=gnu++14 -g3 -DDEBUG -DSTM32F407xx -DSTM32 -DSTM32F4 -DSTM32F407VGTx -c -I../Inc -I"D:/TRABAJO/UMAKER/CURSOS/ARM - NUCLEO/STM32_FromScratch/SETIEMBRE-2023/ETH_MQTT_SPI_I2C/Components/mpu6050" -I"D:/TRABAJO/UMAKER/CURSOS/ARM - NUCLEO/STM32_FromScratch/SETIEMBRE-2023/ETH_MQTT_SPI_I2C/Components/ArduinoJson/src" -I"D:/TRABAJO/UMAKER/CURSOS/ARM - NUCLEO/STM32_FromScratch/SETIEMBRE-2023/ETH_MQTT_SPI_I2C/Components/ioLibrary_Driver/Ethernet" -I"D:/TRABAJO/UMAKER/CURSOS/ARM - NUCLEO/STM32_FromScratch/SETIEMBRE-2023/ETH_MQTT_SPI_I2C/Components/ioLibrary_Driver/Internet" -I"D:/TRABAJO/UMAKER/CURSOS/ARM - NUCLEO/STM32_FromScratch/SETIEMBRE-2023/ETH_MQTT_SPI_I2C/Components/ioLibrary_Driver/Internet/DHCP" -I"D:/TRABAJO/UMAKER/CURSOS/ARM - NUCLEO/STM32_FromScratch/SETIEMBRE-2023/ETH_MQTT_SPI_I2C/Components/ioLibrary_Driver/Internet/DNS" -I"D:/TRABAJO/UMAKER/CURSOS/ARM - NUCLEO/STM32_FromScratch/SETIEMBRE-2023/ETH_MQTT_SPI_I2C/Components/ioLibrary_Driver/Internet/FTPClient" -I"D:/TRABAJO/UMAKER/CURSOS/ARM - NUCLEO/STM32_FromScratch/SETIEMBRE-2023/ETH_MQTT_SPI_I2C/Components/ioLibrary_Driver/Internet/FTPServer" -I"D:/TRABAJO/UMAKER/CURSOS/ARM - NUCLEO/STM32_FromScratch/SETIEMBRE-2023/ETH_MQTT_SPI_I2C/Components/ioLibrary_Driver/Internet/httpServer" -I"D:/TRABAJO/UMAKER/CURSOS/ARM - NUCLEO/STM32_FromScratch/SETIEMBRE-2023/ETH_MQTT_SPI_I2C/Components/ioLibrary_Driver/Internet/MQTT" -I"D:/TRABAJO/UMAKER/CURSOS/ARM - NUCLEO/STM32_FromScratch/SETIEMBRE-2023/ETH_MQTT_SPI_I2C/Components/ioLibrary_Driver/Internet/SNMP" -I"D:/TRABAJO/UMAKER/CURSOS/ARM - NUCLEO/STM32_FromScratch/SETIEMBRE-2023/ETH_MQTT_SPI_I2C/Components/ioLibrary_Driver/Internet/SNTP" -I"D:/TRABAJO/UMAKER/CURSOS/ARM - NUCLEO/STM32_FromScratch/SETIEMBRE-2023/ETH_MQTT_SPI_I2C/Components/ioLibrary_Driver/Internet/TFTP" -I"D:/TRABAJO/UMAKER/CURSOS/ARM - NUCLEO/STM32_FromScratch/SETIEMBRE-2023/ETH_MQTT_SPI_I2C/Drivers/CMSIS/Device/ST/STM32F4xx/Include" -I"D:/TRABAJO/UMAKER/CURSOS/ARM - NUCLEO/STM32_FromScratch/SETIEMBRE-2023/ETH_MQTT_SPI_I2C/Drivers/CMSIS/Include" -O0 -ffunction-sections -fdata-sections -fno-exceptions -fno-rtti -fno-use-cxa-atexit -Wall -fstack-usage -fcyclomatic-complexity -MMD -MP -MF"Src/main.d" -MT"Src/main.o" --specs=nano.specs -mfpu=fpv4-sp-d16 -mfloat-abi=hard -mthumb -o "Src/main.o"
arm-none-eabi-g++ -o "ETH_MQTT_SPI_I2C.elf" @"objects.list"   -mcpu=cortex-m4 -T"D:\TRABAJO\UMAKER\CURSOS\ARM - NUCLEO\STM32_FromScratch\SETIEMBRE-2023\ETH_MQTT_SPI_I2C\STM32F407VGTX_FLASH.ld" --specs=nosys.specs -Wl,-Map="ETH_MQTT_SPI_I2C.map" -Wl,--gc-sections -static --specs=nano.specs -mfpu=fpv4-sp-d16 -mfloat-abi=hard -mthumb -Wl,--start-group -lc -lm -lstdc++ -lsupc++ -Wl,--end-group
Finished building target: ETH_MQTT_SPI_I2C.elf
 
arm-none-eabi-size   ETH_MQTT_SPI_I2C.elf 
arm-none-eabi-objdump -h -S  ETH_MQTT_SPI_I2C.elf  > "ETH_MQTT_SPI_I2C.list"
arm-none-eabi-objcopy  -O ihex  ETH_MQTT_SPI_I2C.elf  "ETH_MQTT_SPI_I2C.hex"
arm-none-eabi-objcopy  -O binary  ETH_MQTT_SPI_I2C.elf  "ETH_MQTT_SPI_I2C.bin"
   text	   data	    bss	    dec	    hex	filename
  74292	    264	   9888	  84444	  149dc	ETH_MQTT_SPI_I2C.elf
Finished building: default.size.stdout
 
Finished building: ETH_MQTT_SPI_I2C.bin
 
Finished building: ETH_MQTT_SPI_I2C.hex
 
Finished building: ETH_MQTT_SPI_I2C.list
 

21:53:51 Build Finished. 0 errors, 0 warnings. (took 18s.949ms)

