22:06:27 **** Incremental Build of configuration Debug for project ETH_MQTT_RTOS ****
make -j8 all 
arm-none-eabi-g++ "../Src/main.cpp" -mcpu=cortex-m4 -std=gnu++14 -g3 -DDEBUG -DSTM32F407xx -DSTM32 -DSTM32F4 -DSTM32F407VGTx -c -I../Inc -I"D:/TRABAJO/UMAKER/CURSOS/ARM - NUCLEO/STM32_FromScratch/SETIEMBRE-2023/ETH_MQTT_RTOS/Components/mpu6050" -I"D:/TRABAJO/UMAKER/CURSOS/ARM - NUCLEO/STM32_FromScratch/SETIEMBRE-2023/ETH_MQTT_RTOS/Components/ArduinoJson/src" -I"D:/TRABAJO/UMAKER/CURSOS/ARM - NUCLEO/STM32_FromScratch/SETIEMBRE-2023/ETH_MQTT_RTOS/Components/ioLibrary_Driver/Ethernet" -I"D:/TRABAJO/UMAKER/CURSOS/ARM - NUCLEO/STM32_FromScratch/SETIEMBRE-2023/ETH_MQTT_RTOS/Components/ioLibrary_Driver/Internet" -I"D:/TRABAJO/UMAKER/CURSOS/ARM - NUCLEO/STM32_FromScratch/SETIEMBRE-2023/ETH_MQTT_RTOS/Components/ioLibrary_Driver/Internet/DHCP" -I"D:/TRABAJO/UMAKER/CURSOS/ARM - NUCLEO/STM32_FromScratch/SETIEMBRE-2023/ETH_MQTT_RTOS/Components/ioLibrary_Driver/Internet/DNS" -I"D:/TRABAJO/UMAKER/CURSOS/ARM - NUCLEO/STM32_FromScratch/SETIEMBRE-2023/ETH_MQTT_RTOS/Components/ioLibrary_Driver/Internet/FTPClient" -I"D:/TRABAJO/UMAKER/CURSOS/ARM - NUCLEO/STM32_FromScratch/SETIEMBRE-2023/ETH_MQTT_RTOS/Components/ioLibrary_Driver/Internet/FTPServer" -I"D:/TRABAJO/UMAKER/CURSOS/ARM - NUCLEO/STM32_FromScratch/SETIEMBRE-2023/ETH_MQTT_RTOS/Components/ioLibrary_Driver/Internet/httpServer" -I"D:/TRABAJO/UMAKER/CURSOS/ARM - NUCLEO/STM32_FromScratch/SETIEMBRE-2023/ETH_MQTT_RTOS/Components/ioLibrary_Driver/Internet/MQTT" -I"D:/TRABAJO/UMAKER/CURSOS/ARM - NUCLEO/STM32_FromScratch/SETIEMBRE-2023/ETH_MQTT_RTOS/Middlewares/Third_Party/FreeRTOS/CMSIS_RTOS" -I"D:/TRABAJO/UMAKER/CURSOS/ARM - NUCLEO/STM32_FromScratch/SETIEMBRE-2023/ETH_MQTT_RTOS/Middlewares/Third_Party/FreeRTOS/include" -I"D:/TRABAJO/UMAKER/CURSOS/ARM - NUCLEO/STM32_FromScratch/SETIEMBRE-2023/ETH_MQTT_RTOS/Middlewares/Third_Party/FreeRTOS/portable/GCC/ARM_CM4F" -I"D:/TRABAJO/UMAKER/CURSOS/ARM - NUCLEO/STM32_FromScratch/SETIEMBRE-2023/ETH_MQTT_RTOS/Components/ioLibrary_Driver/Internet/SNMP" -I"D:/TRABAJO/UMAKER/CURSOS/ARM - NUCLEO/STM32_FromScratch/SETIEMBRE-2023/ETH_MQTT_RTOS/Components/ioLibrary_Driver/Internet/SNTP" -I"D:/TRABAJO/UMAKER/CURSOS/ARM - NUCLEO/STM32_FromScratch/SETIEMBRE-2023/ETH_MQTT_RTOS/Components/ioLibrary_Driver/Internet/TFTP" -I"D:/TRABAJO/UMAKER/CURSOS/ARM - NUCLEO/STM32_FromScratch/SETIEMBRE-2023/ETH_MQTT_RTOS/Drivers/CMSIS/Device/ST/STM32F4xx/Include" -I"D:/TRABAJO/UMAKER/CURSOS/ARM - NUCLEO/STM32_FromScratch/SETIEMBRE-2023/ETH_MQTT_RTOS/Drivers/CMSIS/Include" -O0 -ffunction-sections -fdata-sections -fno-exceptions -fno-rtti -fno-use-cxa-atexit -Wall -fstack-usage -fcyclomatic-complexity -MMD -MP -MF"Src/main.d" -MT"Src/main.o" --specs=nano.specs -mfpu=fpv4-sp-d16 -mfloat-abi=hard -mthumb -o "Src/main.o"
arm-none-eabi-gcc "../Middlewares/Third_Party/FreeRTOS/portable/MemMang/heap_4.c" -mcpu=cortex-m4 -std=gnu11 -g3 -DDEBUG -DSTM32F407xx -DSTM32 -DSTM32F4 -DSTM32F407VGTx -c -I../Inc -I"D:/TRABAJO/UMAKER/CURSOS/ARM - NUCLEO/STM32_FromScratch/SETIEMBRE-2023/ETH_MQTT_RTOS/Middlewares/Third_Party/FreeRTOS/CMSIS_RTOS" -I"D:/TRABAJO/UMAKER/CURSOS/ARM - NUCLEO/STM32_FromScratch/SETIEMBRE-2023/ETH_MQTT_RTOS/Middlewares/Third_Party/FreeRTOS/include" -I"D:/TRABAJO/UMAKER/CURSOS/ARM - NUCLEO/STM32_FromScratch/SETIEMBRE-2023/ETH_MQTT_RTOS/Middlewares/Third_Party/FreeRTOS/portable/GCC/ARM_CM4F" -I"D:/TRABAJO/UMAKER/CURSOS/ARM - NUCLEO/STM32_FromScratch/SETIEMBRE-2023/ETH_MQTT_RTOS/Components/mpu6050" -I"D:/TRABAJO/UMAKER/CURSOS/ARM - NUCLEO/STM32_FromScratch/SETIEMBRE-2023/ETH_MQTT_RTOS/Components/ioLibrary_Driver/Ethernet" -I"D:/TRABAJO/UMAKER/CURSOS/ARM - NUCLEO/STM32_FromScratch/SETIEMBRE-2023/ETH_MQTT_RTOS/Components/ioLibrary_Driver/Internet" -I"D:/TRABAJO/UMAKER/CURSOS/ARM - NUCLEO/STM32_FromScratch/SETIEMBRE-2023/ETH_MQTT_RTOS/Components/ioLibrary_Driver/Internet/DHCP" -I"D:/TRABAJO/UMAKER/CURSOS/ARM - NUCLEO/STM32_FromScratch/SETIEMBRE-2023/ETH_MQTT_RTOS/Components/ioLibrary_Driver/Internet/DNS" -I"D:/TRABAJO/UMAKER/CURSOS/ARM - NUCLEO/STM32_FromScratch/SETIEMBRE-2023/ETH_MQTT_RTOS/Components/ioLibrary_Driver/Internet/FTPClient" -I"D:/TRABAJO/UMAKER/CURSOS/ARM - NUCLEO/STM32_FromScratch/SETIEMBRE-2023/ETH_MQTT_RTOS/Components/ioLibrary_Driver/Internet/FTPServer" -I"D:/TRABAJO/UMAKER/CURSOS/ARM - NUCLEO/STM32_FromScratch/SETIEMBRE-2023/ETH_MQTT_RTOS/Components/ioLibrary_Driver/Internet/httpServer" -I"D:/TRABAJO/UMAKER/CURSOS/ARM - NUCLEO/STM32_FromScratch/SETIEMBRE-2023/ETH_MQTT_RTOS/Components/ioLibrary_Driver/Internet/MQTT" -I"D:/TRABAJO/UMAKER/CURSOS/ARM - NUCLEO/STM32_FromScratch/SETIEMBRE-2023/ETH_MQTT_RTOS/Components/ioLibrary_Driver/Internet/SNMP" -I"D:/TRABAJO/UMAKER/CURSOS/ARM - NUCLEO/STM32_FromScratch/SETIEMBRE-2023/ETH_MQTT_RTOS/Components/ioLibrary_Driver/Internet/SNTP" -I"D:/TRABAJO/UMAKER/CURSOS/ARM - NUCLEO/STM32_FromScratch/SETIEMBRE-2023/ETH_MQTT_RTOS/Components/ioLibrary_Driver/Internet/TFTP" -I"D:/TRABAJO/UMAKER/CURSOS/ARM - NUCLEO/STM32_FromScratch/SETIEMBRE-2023/ETH_MQTT_RTOS/Drivers/CMSIS/Device/ST/STM32F4xx/Include" -I"D:/TRABAJO/UMAKER/CURSOS/ARM - NUCLEO/STM32_FromScratch/SETIEMBRE-2023/ETH_MQTT_RTOS/Drivers/CMSIS/Include" -O0 -ffunction-sections -fdata-sections -Wall -fstack-usage -fcyclomatic-complexity -MMD -MP -MF"Middlewares/Third_Party/FreeRTOS/portable/MemMang/heap_4.d" -MT"Middlewares/Third_Party/FreeRTOS/portable/MemMang/heap_4.o" --specs=nano.specs -mfpu=fpv4-sp-d16 -mfloat-abi=hard -mthumb -o "Middlewares/Third_Party/FreeRTOS/portable/MemMang/heap_4.o"
arm-none-eabi-gcc "../Middlewares/Third_Party/FreeRTOS/portable/GCC/ARM_CM4F/port.c" -mcpu=cortex-m4 -std=gnu11 -g3 -DDEBUG -DSTM32F407xx -DSTM32 -DSTM32F4 -DSTM32F407VGTx -c -I../Inc -I"D:/TRABAJO/UMAKER/CURSOS/ARM - NUCLEO/STM32_FromScratch/SETIEMBRE-2023/ETH_MQTT_RTOS/Middlewares/Third_Party/FreeRTOS/CMSIS_RTOS" -I"D:/TRABAJO/UMAKER/CURSOS/ARM - NUCLEO/STM32_FromScratch/SETIEMBRE-2023/ETH_MQTT_RTOS/Middlewares/Third_Party/FreeRTOS/include" -I"D:/TRABAJO/UMAKER/CURSOS/ARM - NUCLEO/STM32_FromScratch/SETIEMBRE-2023/ETH_MQTT_RTOS/Middlewares/Third_Party/FreeRTOS/portable/GCC/ARM_CM4F" -I"D:/TRABAJO/UMAKER/CURSOS/ARM - NUCLEO/STM32_FromScratch/SETIEMBRE-2023/ETH_MQTT_RTOS/Components/mpu6050" -I"D:/TRABAJO/UMAKER/CURSOS/ARM - NUCLEO/STM32_FromScratch/SETIEMBRE-2023/ETH_MQTT_RTOS/Components/ioLibrary_Driver/Ethernet" -I"D:/TRABAJO/UMAKER/CURSOS/ARM - NUCLEO/STM32_FromScratch/SETIEMBRE-2023/ETH_MQTT_RTOS/Components/ioLibrary_Driver/Internet" -I"D:/TRABAJO/UMAKER/CURSOS/ARM - NUCLEO/STM32_FromScratch/SETIEMBRE-2023/ETH_MQTT_RTOS/Components/ioLibrary_Driver/Internet/DHCP" -I"D:/TRABAJO/UMAKER/CURSOS/ARM - NUCLEO/STM32_FromScratch/SETIEMBRE-2023/ETH_MQTT_RTOS/Components/ioLibrary_Driver/Internet/DNS" -I"D:/TRABAJO/UMAKER/CURSOS/ARM - NUCLEO/STM32_FromScratch/SETIEMBRE-2023/ETH_MQTT_RTOS/Components/ioLibrary_Driver/Internet/FTPClient" -I"D:/TRABAJO/UMAKER/CURSOS/ARM - NUCLEO/STM32_FromScratch/SETIEMBRE-2023/ETH_MQTT_RTOS/Components/ioLibrary_Driver/Internet/FTPServer" -I"D:/TRABAJO/UMAKER/CURSOS/ARM - NUCLEO/STM32_FromScratch/SETIEMBRE-2023/ETH_MQTT_RTOS/Components/ioLibrary_Driver/Internet/httpServer" -I"D:/TRABAJO/UMAKER/CURSOS/ARM - NUCLEO/STM32_FromScratch/SETIEMBRE-2023/ETH_MQTT_RTOS/Components/ioLibrary_Driver/Internet/MQTT" -I"D:/TRABAJO/UMAKER/CURSOS/ARM - NUCLEO/STM32_FromScratch/SETIEMBRE-2023/ETH_MQTT_RTOS/Components/ioLibrary_Driver/Internet/SNMP" -I"D:/TRABAJO/UMAKER/CURSOS/ARM - NUCLEO/STM32_FromScratch/SETIEMBRE-2023/ETH_MQTT_RTOS/Components/ioLibrary_Driver/Internet/SNTP" -I"D:/TRABAJO/UMAKER/CURSOS/ARM - NUCLEO/STM32_FromScratch/SETIEMBRE-2023/ETH_MQTT_RTOS/Components/ioLibrary_Driver/Internet/TFTP" -I"D:/TRABAJO/UMAKER/CURSOS/ARM - NUCLEO/STM32_FromScratch/SETIEMBRE-2023/ETH_MQTT_RTOS/Drivers/CMSIS/Device/ST/STM32F4xx/Include" -I"D:/TRABAJO/UMAKER/CURSOS/ARM - NUCLEO/STM32_FromScratch/SETIEMBRE-2023/ETH_MQTT_RTOS/Drivers/CMSIS/Include" -O0 -ffunction-sections -fdata-sections -Wall -fstack-usage -fcyclomatic-complexity -MMD -MP -MF"Middlewares/Third_Party/FreeRTOS/portable/GCC/ARM_CM4F/port.d" -MT"Middlewares/Third_Party/FreeRTOS/portable/GCC/ARM_CM4F/port.o" --specs=nano.specs -mfpu=fpv4-sp-d16 -mfloat-abi=hard -mthumb -o "Middlewares/Third_Party/FreeRTOS/portable/GCC/ARM_CM4F/port.o"
arm-none-eabi-gcc "../Middlewares/Third_Party/FreeRTOS/CMSIS_RTOS/cmsis_os.c" -mcpu=cortex-m4 -std=gnu11 -g3 -DDEBUG -DSTM32F407xx -DSTM32 -DSTM32F4 -DSTM32F407VGTx -c -I../Inc -I"D:/TRABAJO/UMAKER/CURSOS/ARM - NUCLEO/STM32_FromScratch/SETIEMBRE-2023/ETH_MQTT_RTOS/Middlewares/Third_Party/FreeRTOS/CMSIS_RTOS" -I"D:/TRABAJO/UMAKER/CURSOS/ARM - NUCLEO/STM32_FromScratch/SETIEMBRE-2023/ETH_MQTT_RTOS/Middlewares/Third_Party/FreeRTOS/include" -I"D:/TRABAJO/UMAKER/CURSOS/ARM - NUCLEO/STM32_FromScratch/SETIEMBRE-2023/ETH_MQTT_RTOS/Middlewares/Third_Party/FreeRTOS/portable/GCC/ARM_CM4F" -I"D:/TRABAJO/UMAKER/CURSOS/ARM - NUCLEO/STM32_FromScratch/SETIEMBRE-2023/ETH_MQTT_RTOS/Components/mpu6050" -I"D:/TRABAJO/UMAKER/CURSOS/ARM - NUCLEO/STM32_FromScratch/SETIEMBRE-2023/ETH_MQTT_RTOS/Components/ioLibrary_Driver/Ethernet" -I"D:/TRABAJO/UMAKER/CURSOS/ARM - NUCLEO/STM32_FromScratch/SETIEMBRE-2023/ETH_MQTT_RTOS/Components/ioLibrary_Driver/Internet" -I"D:/TRABAJO/UMAKER/CURSOS/ARM - NUCLEO/STM32_FromScratch/SETIEMBRE-2023/ETH_MQTT_RTOS/Components/ioLibrary_Driver/Internet/DHCP" -I"D:/TRABAJO/UMAKER/CURSOS/ARM - NUCLEO/STM32_FromScratch/SETIEMBRE-2023/ETH_MQTT_RTOS/Components/ioLibrary_Driver/Internet/DNS" -I"D:/TRABAJO/UMAKER/CURSOS/ARM - NUCLEO/STM32_FromScratch/SETIEMBRE-2023/ETH_MQTT_RTOS/Components/ioLibrary_Driver/Internet/FTPClient" -I"D:/TRABAJO/UMAKER/CURSOS/ARM - NUCLEO/STM32_FromScratch/SETIEMBRE-2023/ETH_MQTT_RTOS/Components/ioLibrary_Driver/Internet/FTPServer" -I"D:/TRABAJO/UMAKER/CURSOS/ARM - NUCLEO/STM32_FromScratch/SETIEMBRE-2023/ETH_MQTT_RTOS/Components/ioLibrary_Driver/Internet/httpServer" -I"D:/TRABAJO/UMAKER/CURSOS/ARM - NUCLEO/STM32_FromScratch/SETIEMBRE-2023/ETH_MQTT_RTOS/Components/ioLibrary_Driver/Internet/MQTT" -I"D:/TRABAJO/UMAKER/CURSOS/ARM - NUCLEO/STM32_FromScratch/SETIEMBRE-2023/ETH_MQTT_RTOS/Components/ioLibrary_Driver/Internet/SNMP" -I"D:/TRABAJO/UMAKER/CURSOS/ARM - NUCLEO/STM32_FromScratch/SETIEMBRE-2023/ETH_MQTT_RTOS/Components/ioLibrary_Driver/Internet/SNTP" -I"D:/TRABAJO/UMAKER/CURSOS/ARM - NUCLEO/STM32_FromScratch/SETIEMBRE-2023/ETH_MQTT_RTOS/Components/ioLibrary_Driver/Internet/TFTP" -I"D:/TRABAJO/UMAKER/CURSOS/ARM - NUCLEO/STM32_FromScratch/SETIEMBRE-2023/ETH_MQTT_RTOS/Drivers/CMSIS/Device/ST/STM32F4xx/Include" -I"D:/TRABAJO/UMAKER/CURSOS/ARM - NUCLEO/STM32_FromScratch/SETIEMBRE-2023/ETH_MQTT_RTOS/Drivers/CMSIS/Include" -O0 -ffunction-sections -fdata-sections -Wall -fstack-usage -fcyclomatic-complexity -MMD -MP -MF"Middlewares/Third_Party/FreeRTOS/CMSIS_RTOS/cmsis_os.d" -MT"Middlewares/Third_Party/FreeRTOS/CMSIS_RTOS/cmsis_os.o" --specs=nano.specs -mfpu=fpv4-sp-d16 -mfloat-abi=hard -mthumb -o "Middlewares/Third_Party/FreeRTOS/CMSIS_RTOS/cmsis_os.o"
arm-none-eabi-gcc "../Middlewares/Third_Party/FreeRTOS/croutine.c" -mcpu=cortex-m4 -std=gnu11 -g3 -DDEBUG -DSTM32F407xx -DSTM32 -DSTM32F4 -DSTM32F407VGTx -c -I../Inc -I"D:/TRABAJO/UMAKER/CURSOS/ARM - NUCLEO/STM32_FromScratch/SETIEMBRE-2023/ETH_MQTT_RTOS/Middlewares/Third_Party/FreeRTOS/CMSIS_RTOS" -I"D:/TRABAJO/UMAKER/CURSOS/ARM - NUCLEO/STM32_FromScratch/SETIEMBRE-2023/ETH_MQTT_RTOS/Middlewares/Third_Party/FreeRTOS/include" -I"D:/TRABAJO/UMAKER/CURSOS/ARM - NUCLEO/STM32_FromScratch/SETIEMBRE-2023/ETH_MQTT_RTOS/Middlewares/Third_Party/FreeRTOS/portable/GCC/ARM_CM4F" -I"D:/TRABAJO/UMAKER/CURSOS/ARM - NUCLEO/STM32_FromScratch/SETIEMBRE-2023/ETH_MQTT_RTOS/Components/mpu6050" -I"D:/TRABAJO/UMAKER/CURSOS/ARM - NUCLEO/STM32_FromScratch/SETIEMBRE-2023/ETH_MQTT_RTOS/Components/ioLibrary_Driver/Ethernet" -I"D:/TRABAJO/UMAKER/CURSOS/ARM - NUCLEO/STM32_FromScratch/SETIEMBRE-2023/ETH_MQTT_RTOS/Components/ioLibrary_Driver/Internet" -I"D:/TRABAJO/UMAKER/CURSOS/ARM - NUCLEO/STM32_FromScratch/SETIEMBRE-2023/ETH_MQTT_RTOS/Components/ioLibrary_Driver/Internet/DHCP" -I"D:/TRABAJO/UMAKER/CURSOS/ARM - NUCLEO/STM32_FromScratch/SETIEMBRE-2023/ETH_MQTT_RTOS/Components/ioLibrary_Driver/Internet/DNS" -I"D:/TRABAJO/UMAKER/CURSOS/ARM - NUCLEO/STM32_FromScratch/SETIEMBRE-2023/ETH_MQTT_RTOS/Components/ioLibrary_Driver/Internet/FTPClient" -I"D:/TRABAJO/UMAKER/CURSOS/ARM - NUCLEO/STM32_FromScratch/SETIEMBRE-2023/ETH_MQTT_RTOS/Components/ioLibrary_Driver/Internet/FTPServer" -I"D:/TRABAJO/UMAKER/CURSOS/ARM - NUCLEO/STM32_FromScratch/SETIEMBRE-2023/ETH_MQTT_RTOS/Components/ioLibrary_Driver/Internet/httpServer" -I"D:/TRABAJO/UMAKER/CURSOS/ARM - NUCLEO/STM32_FromScratch/SETIEMBRE-2023/ETH_MQTT_RTOS/Components/ioLibrary_Driver/Internet/MQTT" -I"D:/TRABAJO/UMAKER/CURSOS/ARM - NUCLEO/STM32_FromScratch/SETIEMBRE-2023/ETH_MQTT_RTOS/Components/ioLibrary_Driver/Internet/SNMP" -I"D:/TRABAJO/UMAKER/CURSOS/ARM - NUCLEO/STM32_FromScratch/SETIEMBRE-2023/ETH_MQTT_RTOS/Components/ioLibrary_Driver/Internet/SNTP" -I"D:/TRABAJO/UMAKER/CURSOS/ARM - NUCLEO/STM32_FromScratch/SETIEMBRE-2023/ETH_MQTT_RTOS/Components/ioLibrary_Driver/Internet/TFTP" -I"D:/TRABAJO/UMAKER/CURSOS/ARM - NUCLEO/STM32_FromScratch/SETIEMBRE-2023/ETH_MQTT_RTOS/Drivers/CMSIS/Device/ST/STM32F4xx/Include" -I"D:/TRABAJO/UMAKER/CURSOS/ARM - NUCLEO/STM32_FromScratch/SETIEMBRE-2023/ETH_MQTT_RTOS/Drivers/CMSIS/Include" -O0 -ffunction-sections -fdata-sections -Wall -fstack-usage -fcyclomatic-complexity -MMD -MP -MF"Middlewares/Third_Party/FreeRTOS/croutine.d" -MT"Middlewares/Third_Party/FreeRTOS/croutine.o" --specs=nano.specs -mfpu=fpv4-sp-d16 -mfloat-abi=hard -mthumb -o "Middlewares/Third_Party/FreeRTOS/croutine.o"
arm-none-eabi-gcc "../Middlewares/Third_Party/FreeRTOS/event_groups.c" -mcpu=cortex-m4 -std=gnu11 -g3 -DDEBUG -DSTM32F407xx -DSTM32 -DSTM32F4 -DSTM32F407VGTx -c -I../Inc -I"D:/TRABAJO/UMAKER/CURSOS/ARM - NUCLEO/STM32_FromScratch/SETIEMBRE-2023/ETH_MQTT_RTOS/Middlewares/Third_Party/FreeRTOS/CMSIS_RTOS" -I"D:/TRABAJO/UMAKER/CURSOS/ARM - NUCLEO/STM32_FromScratch/SETIEMBRE-2023/ETH_MQTT_RTOS/Middlewares/Third_Party/FreeRTOS/include" -I"D:/TRABAJO/UMAKER/CURSOS/ARM - NUCLEO/STM32_FromScratch/SETIEMBRE-2023/ETH_MQTT_RTOS/Middlewares/Third_Party/FreeRTOS/portable/GCC/ARM_CM4F" -I"D:/TRABAJO/UMAKER/CURSOS/ARM - NUCLEO/STM32_FromScratch/SETIEMBRE-2023/ETH_MQTT_RTOS/Components/mpu6050" -I"D:/TRABAJO/UMAKER/CURSOS/ARM - NUCLEO/STM32_FromScratch/SETIEMBRE-2023/ETH_MQTT_RTOS/Components/ioLibrary_Driver/Ethernet" -I"D:/TRABAJO/UMAKER/CURSOS/ARM - NUCLEO/STM32_FromScratch/SETIEMBRE-2023/ETH_MQTT_RTOS/Components/ioLibrary_Driver/Internet" -I"D:/TRABAJO/UMAKER/CURSOS/ARM - NUCLEO/STM32_FromScratch/SETIEMBRE-2023/ETH_MQTT_RTOS/Components/ioLibrary_Driver/Internet/DHCP" -I"D:/TRABAJO/UMAKER/CURSOS/ARM - NUCLEO/STM32_FromScratch/SETIEMBRE-2023/ETH_MQTT_RTOS/Components/ioLibrary_Driver/Internet/DNS" -I"D:/TRABAJO/UMAKER/CURSOS/ARM - NUCLEO/STM32_FromScratch/SETIEMBRE-2023/ETH_MQTT_RTOS/Components/ioLibrary_Driver/Internet/FTPClient" -I"D:/TRABAJO/UMAKER/CURSOS/ARM - NUCLEO/STM32_FromScratch/SETIEMBRE-2023/ETH_MQTT_RTOS/Components/ioLibrary_Driver/Internet/FTPServer" -I"D:/TRABAJO/UMAKER/CURSOS/ARM - NUCLEO/STM32_FromScratch/SETIEMBRE-2023/ETH_MQTT_RTOS/Components/ioLibrary_Driver/Internet/httpServer" -I"D:/TRABAJO/UMAKER/CURSOS/ARM - NUCLEO/STM32_FromScratch/SETIEMBRE-2023/ETH_MQTT_RTOS/Components/ioLibrary_Driver/Internet/MQTT" -I"D:/TRABAJO/UMAKER/CURSOS/ARM - NUCLEO/STM32_FromScratch/SETIEMBRE-2023/ETH_MQTT_RTOS/Components/ioLibrary_Driver/Internet/SNMP" -I"D:/TRABAJO/UMAKER/CURSOS/ARM - NUCLEO/STM32_FromScratch/SETIEMBRE-2023/ETH_MQTT_RTOS/Components/ioLibrary_Driver/Internet/SNTP" -I"D:/TRABAJO/UMAKER/CURSOS/ARM - NUCLEO/STM32_FromScratch/SETIEMBRE-2023/ETH_MQTT_RTOS/Components/ioLibrary_Driver/Internet/TFTP" -I"D:/TRABAJO/UMAKER/CURSOS/ARM - NUCLEO/STM32_FromScratch/SETIEMBRE-2023/ETH_MQTT_RTOS/Drivers/CMSIS/Device/ST/STM32F4xx/Include" -I"D:/TRABAJO/UMAKER/CURSOS/ARM - NUCLEO/STM32_FromScratch/SETIEMBRE-2023/ETH_MQTT_RTOS/Drivers/CMSIS/Include" -O0 -ffunction-sections -fdata-sections -Wall -fstack-usage -fcyclomatic-complexity -MMD -MP -MF"Middlewares/Third_Party/FreeRTOS/event_groups.d" -MT"Middlewares/Third_Party/FreeRTOS/event_groups.o" --specs=nano.specs -mfpu=fpv4-sp-d16 -mfloat-abi=hard -mthumb -o "Middlewares/Third_Party/FreeRTOS/event_groups.o"
arm-none-eabi-gcc "../Middlewares/Third_Party/FreeRTOS/list.c" -mcpu=cortex-m4 -std=gnu11 -g3 -DDEBUG -DSTM32F407xx -DSTM32 -DSTM32F4 -DSTM32F407VGTx -c -I../Inc -I"D:/TRABAJO/UMAKER/CURSOS/ARM - NUCLEO/STM32_FromScratch/SETIEMBRE-2023/ETH_MQTT_RTOS/Middlewares/Third_Party/FreeRTOS/CMSIS_RTOS" -I"D:/TRABAJO/UMAKER/CURSOS/ARM - NUCLEO/STM32_FromScratch/SETIEMBRE-2023/ETH_MQTT_RTOS/Middlewares/Third_Party/FreeRTOS/include" -I"D:/TRABAJO/UMAKER/CURSOS/ARM - NUCLEO/STM32_FromScratch/SETIEMBRE-2023/ETH_MQTT_RTOS/Middlewares/Third_Party/FreeRTOS/portable/GCC/ARM_CM4F" -I"D:/TRABAJO/UMAKER/CURSOS/ARM - NUCLEO/STM32_FromScratch/SETIEMBRE-2023/ETH_MQTT_RTOS/Components/mpu6050" -I"D:/TRABAJO/UMAKER/CURSOS/ARM - NUCLEO/STM32_FromScratch/SETIEMBRE-2023/ETH_MQTT_RTOS/Components/ioLibrary_Driver/Ethernet" -I"D:/TRABAJO/UMAKER/CURSOS/ARM - NUCLEO/STM32_FromScratch/SETIEMBRE-2023/ETH_MQTT_RTOS/Components/ioLibrary_Driver/Internet" -I"D:/TRABAJO/UMAKER/CURSOS/ARM - NUCLEO/STM32_FromScratch/SETIEMBRE-2023/ETH_MQTT_RTOS/Components/ioLibrary_Driver/Internet/DHCP" -I"D:/TRABAJO/UMAKER/CURSOS/ARM - NUCLEO/STM32_FromScratch/SETIEMBRE-2023/ETH_MQTT_RTOS/Components/ioLibrary_Driver/Internet/DNS" -I"D:/TRABAJO/UMAKER/CURSOS/ARM - NUCLEO/STM32_FromScratch/SETIEMBRE-2023/ETH_MQTT_RTOS/Components/ioLibrary_Driver/Internet/FTPClient" -I"D:/TRABAJO/UMAKER/CURSOS/ARM - NUCLEO/STM32_FromScratch/SETIEMBRE-2023/ETH_MQTT_RTOS/Components/ioLibrary_Driver/Internet/FTPServer" -I"D:/TRABAJO/UMAKER/CURSOS/ARM - NUCLEO/STM32_FromScratch/SETIEMBRE-2023/ETH_MQTT_RTOS/Components/ioLibrary_Driver/Internet/httpServer" -I"D:/TRABAJO/UMAKER/CURSOS/ARM - NUCLEO/STM32_FromScratch/SETIEMBRE-2023/ETH_MQTT_RTOS/Components/ioLibrary_Driver/Internet/MQTT" -I"D:/TRABAJO/UMAKER/CURSOS/ARM - NUCLEO/STM32_FromScratch/SETIEMBRE-2023/ETH_MQTT_RTOS/Components/ioLibrary_Driver/Internet/SNMP" -I"D:/TRABAJO/UMAKER/CURSOS/ARM - NUCLEO/STM32_FromScratch/SETIEMBRE-2023/ETH_MQTT_RTOS/Components/ioLibrary_Driver/Internet/SNTP" -I"D:/TRABAJO/UMAKER/CURSOS/ARM - NUCLEO/STM32_FromScratch/SETIEMBRE-2023/ETH_MQTT_RTOS/Components/ioLibrary_Driver/Internet/TFTP" -I"D:/TRABAJO/UMAKER/CURSOS/ARM - NUCLEO/STM32_FromScratch/SETIEMBRE-2023/ETH_MQTT_RTOS/Drivers/CMSIS/Device/ST/STM32F4xx/Include" -I"D:/TRABAJO/UMAKER/CURSOS/ARM - NUCLEO/STM32_FromScratch/SETIEMBRE-2023/ETH_MQTT_RTOS/Drivers/CMSIS/Include" -O0 -ffunction-sections -fdata-sections -Wall -fstack-usage -fcyclomatic-complexity -MMD -MP -MF"Middlewares/Third_Party/FreeRTOS/list.d" -MT"Middlewares/Third_Party/FreeRTOS/list.o" --specs=nano.specs -mfpu=fpv4-sp-d16 -mfloat-abi=hard -mthumb -o "Middlewares/Third_Party/FreeRTOS/list.o"
arm-none-eabi-gcc "../Middlewares/Third_Party/FreeRTOS/queue.c" -mcpu=cortex-m4 -std=gnu11 -g3 -DDEBUG -DSTM32F407xx -DSTM32 -DSTM32F4 -DSTM32F407VGTx -c -I../Inc -I"D:/TRABAJO/UMAKER/CURSOS/ARM - NUCLEO/STM32_FromScratch/SETIEMBRE-2023/ETH_MQTT_RTOS/Middlewares/Third_Party/FreeRTOS/CMSIS_RTOS" -I"D:/TRABAJO/UMAKER/CURSOS/ARM - NUCLEO/STM32_FromScratch/SETIEMBRE-2023/ETH_MQTT_RTOS/Middlewares/Third_Party/FreeRTOS/include" -I"D:/TRABAJO/UMAKER/CURSOS/ARM - NUCLEO/STM32_FromScratch/SETIEMBRE-2023/ETH_MQTT_RTOS/Middlewares/Third_Party/FreeRTOS/portable/GCC/ARM_CM4F" -I"D:/TRABAJO/UMAKER/CURSOS/ARM - NUCLEO/STM32_FromScratch/SETIEMBRE-2023/ETH_MQTT_RTOS/Components/mpu6050" -I"D:/TRABAJO/UMAKER/CURSOS/ARM - NUCLEO/STM32_FromScratch/SETIEMBRE-2023/ETH_MQTT_RTOS/Components/ioLibrary_Driver/Ethernet" -I"D:/TRABAJO/UMAKER/CURSOS/ARM - NUCLEO/STM32_FromScratch/SETIEMBRE-2023/ETH_MQTT_RTOS/Components/ioLibrary_Driver/Internet" -I"D:/TRABAJO/UMAKER/CURSOS/ARM - NUCLEO/STM32_FromScratch/SETIEMBRE-2023/ETH_MQTT_RTOS/Components/ioLibrary_Driver/Internet/DHCP" -I"D:/TRABAJO/UMAKER/CURSOS/ARM - NUCLEO/STM32_FromScratch/SETIEMBRE-2023/ETH_MQTT_RTOS/Components/ioLibrary_Driver/Internet/DNS" -I"D:/TRABAJO/UMAKER/CURSOS/ARM - NUCLEO/STM32_FromScratch/SETIEMBRE-2023/ETH_MQTT_RTOS/Components/ioLibrary_Driver/Internet/FTPClient" -I"D:/TRABAJO/UMAKER/CURSOS/ARM - NUCLEO/STM32_FromScratch/SETIEMBRE-2023/ETH_MQTT_RTOS/Components/ioLibrary_Driver/Internet/FTPServer" -I"D:/TRABAJO/UMAKER/CURSOS/ARM - NUCLEO/STM32_FromScratch/SETIEMBRE-2023/ETH_MQTT_RTOS/Components/ioLibrary_Driver/Internet/httpServer" -I"D:/TRABAJO/UMAKER/CURSOS/ARM - NUCLEO/STM32_FromScratch/SETIEMBRE-2023/ETH_MQTT_RTOS/Components/ioLibrary_Driver/Internet/MQTT" -I"D:/TRABAJO/UMAKER/CURSOS/ARM - NUCLEO/STM32_FromScratch/SETIEMBRE-2023/ETH_MQTT_RTOS/Components/ioLibrary_Driver/Internet/SNMP" -I"D:/TRABAJO/UMAKER/CURSOS/ARM - NUCLEO/STM32_FromScratch/SETIEMBRE-2023/ETH_MQTT_RTOS/Components/ioLibrary_Driver/Internet/SNTP" -I"D:/TRABAJO/UMAKER/CURSOS/ARM - NUCLEO/STM32_FromScratch/SETIEMBRE-2023/ETH_MQTT_RTOS/Components/ioLibrary_Driver/Internet/TFTP" -I"D:/TRABAJO/UMAKER/CURSOS/ARM - NUCLEO/STM32_FromScratch/SETIEMBRE-2023/ETH_MQTT_RTOS/Drivers/CMSIS/Device/ST/STM32F4xx/Include" -I"D:/TRABAJO/UMAKER/CURSOS/ARM - NUCLEO/STM32_FromScratch/SETIEMBRE-2023/ETH_MQTT_RTOS/Drivers/CMSIS/Include" -O0 -ffunction-sections -fdata-sections -Wall -fstack-usage -fcyclomatic-complexity -MMD -MP -MF"Middlewares/Third_Party/FreeRTOS/queue.d" -MT"Middlewares/Third_Party/FreeRTOS/queue.o" --specs=nano.specs -mfpu=fpv4-sp-d16 -mfloat-abi=hard -mthumb -o "Middlewares/Third_Party/FreeRTOS/queue.o"
arm-none-eabi-gcc "../Middlewares/Third_Party/FreeRTOS/stream_buffer.c" -mcpu=cortex-m4 -std=gnu11 -g3 -DDEBUG -DSTM32F407xx -DSTM32 -DSTM32F4 -DSTM32F407VGTx -c -I../Inc -I"D:/TRABAJO/UMAKER/CURSOS/ARM - NUCLEO/STM32_FromScratch/SETIEMBRE-2023/ETH_MQTT_RTOS/Middlewares/Third_Party/FreeRTOS/CMSIS_RTOS" -I"D:/TRABAJO/UMAKER/CURSOS/ARM - NUCLEO/STM32_FromScratch/SETIEMBRE-2023/ETH_MQTT_RTOS/Middlewares/Third_Party/FreeRTOS/include" -I"D:/TRABAJO/UMAKER/CURSOS/ARM - NUCLEO/STM32_FromScratch/SETIEMBRE-2023/ETH_MQTT_RTOS/Middlewares/Third_Party/FreeRTOS/portable/GCC/ARM_CM4F" -I"D:/TRABAJO/UMAKER/CURSOS/ARM - NUCLEO/STM32_FromScratch/SETIEMBRE-2023/ETH_MQTT_RTOS/Components/mpu6050" -I"D:/TRABAJO/UMAKER/CURSOS/ARM - NUCLEO/STM32_FromScratch/SETIEMBRE-2023/ETH_MQTT_RTOS/Components/ioLibrary_Driver/Ethernet" -I"D:/TRABAJO/UMAKER/CURSOS/ARM - NUCLEO/STM32_FromScratch/SETIEMBRE-2023/ETH_MQTT_RTOS/Components/ioLibrary_Driver/Internet" -I"D:/TRABAJO/UMAKER/CURSOS/ARM - NUCLEO/STM32_FromScratch/SETIEMBRE-2023/ETH_MQTT_RTOS/Components/ioLibrary_Driver/Internet/DHCP" -I"D:/TRABAJO/UMAKER/CURSOS/ARM - NUCLEO/STM32_FromScratch/SETIEMBRE-2023/ETH_MQTT_RTOS/Components/ioLibrary_Driver/Internet/DNS" -I"D:/TRABAJO/UMAKER/CURSOS/ARM - NUCLEO/STM32_FromScratch/SETIEMBRE-2023/ETH_MQTT_RTOS/Components/ioLibrary_Driver/Internet/FTPClient" -I"D:/TRABAJO/UMAKER/CURSOS/ARM - NUCLEO/STM32_FromScratch/SETIEMBRE-2023/ETH_MQTT_RTOS/Components/ioLibrary_Driver/Internet/FTPServer" -I"D:/TRABAJO/UMAKER/CURSOS/ARM - NUCLEO/STM32_FromScratch/SETIEMBRE-2023/ETH_MQTT_RTOS/Components/ioLibrary_Driver/Internet/httpServer" -I"D:/TRABAJO/UMAKER/CURSOS/ARM - NUCLEO/STM32_FromScratch/SETIEMBRE-2023/ETH_MQTT_RTOS/Components/ioLibrary_Driver/Internet/MQTT" -I"D:/TRABAJO/UMAKER/CURSOS/ARM - NUCLEO/STM32_FromScratch/SETIEMBRE-2023/ETH_MQTT_RTOS/Components/ioLibrary_Driver/Internet/SNMP" -I"D:/TRABAJO/UMAKER/CURSOS/ARM - NUCLEO/STM32_FromScratch/SETIEMBRE-2023/ETH_MQTT_RTOS/Components/ioLibrary_Driver/Internet/SNTP" -I"D:/TRABAJO/UMAKER/CURSOS/ARM - NUCLEO/STM32_FromScratch/SETIEMBRE-2023/ETH_MQTT_RTOS/Components/ioLibrary_Driver/Internet/TFTP" -I"D:/TRABAJO/UMAKER/CURSOS/ARM - NUCLEO/STM32_FromScratch/SETIEMBRE-2023/ETH_MQTT_RTOS/Drivers/CMSIS/Device/ST/STM32F4xx/Include" -I"D:/TRABAJO/UMAKER/CURSOS/ARM - NUCLEO/STM32_FromScratch/SETIEMBRE-2023/ETH_MQTT_RTOS/Drivers/CMSIS/Include" -O0 -ffunction-sections -fdata-sections -Wall -fstack-usage -fcyclomatic-complexity -MMD -MP -MF"Middlewares/Third_Party/FreeRTOS/stream_buffer.d" -MT"Middlewares/Third_Party/FreeRTOS/stream_buffer.o" --specs=nano.specs -mfpu=fpv4-sp-d16 -mfloat-abi=hard -mthumb -o "Middlewares/Third_Party/FreeRTOS/stream_buffer.o"
arm-none-eabi-gcc "../Middlewares/Third_Party/FreeRTOS/tasks.c" -mcpu=cortex-m4 -std=gnu11 -g3 -DDEBUG -DSTM32F407xx -DSTM32 -DSTM32F4 -DSTM32F407VGTx -c -I../Inc -I"D:/TRABAJO/UMAKER/CURSOS/ARM - NUCLEO/STM32_FromScratch/SETIEMBRE-2023/ETH_MQTT_RTOS/Middlewares/Third_Party/FreeRTOS/CMSIS_RTOS" -I"D:/TRABAJO/UMAKER/CURSOS/ARM - NUCLEO/STM32_FromScratch/SETIEMBRE-2023/ETH_MQTT_RTOS/Middlewares/Third_Party/FreeRTOS/include" -I"D:/TRABAJO/UMAKER/CURSOS/ARM - NUCLEO/STM32_FromScratch/SETIEMBRE-2023/ETH_MQTT_RTOS/Middlewares/Third_Party/FreeRTOS/portable/GCC/ARM_CM4F" -I"D:/TRABAJO/UMAKER/CURSOS/ARM - NUCLEO/STM32_FromScratch/SETIEMBRE-2023/ETH_MQTT_RTOS/Components/mpu6050" -I"D:/TRABAJO/UMAKER/CURSOS/ARM - NUCLEO/STM32_FromScratch/SETIEMBRE-2023/ETH_MQTT_RTOS/Components/ioLibrary_Driver/Ethernet" -I"D:/TRABAJO/UMAKER/CURSOS/ARM - NUCLEO/STM32_FromScratch/SETIEMBRE-2023/ETH_MQTT_RTOS/Components/ioLibrary_Driver/Internet" -I"D:/TRABAJO/UMAKER/CURSOS/ARM - NUCLEO/STM32_FromScratch/SETIEMBRE-2023/ETH_MQTT_RTOS/Components/ioLibrary_Driver/Internet/DHCP" -I"D:/TRABAJO/UMAKER/CURSOS/ARM - NUCLEO/STM32_FromScratch/SETIEMBRE-2023/ETH_MQTT_RTOS/Components/ioLibrary_Driver/Internet/DNS" -I"D:/TRABAJO/UMAKER/CURSOS/ARM - NUCLEO/STM32_FromScratch/SETIEMBRE-2023/ETH_MQTT_RTOS/Components/ioLibrary_Driver/Internet/FTPClient" -I"D:/TRABAJO/UMAKER/CURSOS/ARM - NUCLEO/STM32_FromScratch/SETIEMBRE-2023/ETH_MQTT_RTOS/Components/ioLibrary_Driver/Internet/FTPServer" -I"D:/TRABAJO/UMAKER/CURSOS/ARM - NUCLEO/STM32_FromScratch/SETIEMBRE-2023/ETH_MQTT_RTOS/Components/ioLibrary_Driver/Internet/httpServer" -I"D:/TRABAJO/UMAKER/CURSOS/ARM - NUCLEO/STM32_FromScratch/SETIEMBRE-2023/ETH_MQTT_RTOS/Components/ioLibrary_Driver/Internet/MQTT" -I"D:/TRABAJO/UMAKER/CURSOS/ARM - NUCLEO/STM32_FromScratch/SETIEMBRE-2023/ETH_MQTT_RTOS/Components/ioLibrary_Driver/Internet/SNMP" -I"D:/TRABAJO/UMAKER/CURSOS/ARM - NUCLEO/STM32_FromScratch/SETIEMBRE-2023/ETH_MQTT_RTOS/Components/ioLibrary_Driver/Internet/SNTP" -I"D:/TRABAJO/UMAKER/CURSOS/ARM - NUCLEO/STM32_FromScratch/SETIEMBRE-2023/ETH_MQTT_RTOS/Components/ioLibrary_Driver/Internet/TFTP" -I"D:/TRABAJO/UMAKER/CURSOS/ARM - NUCLEO/STM32_FromScratch/SETIEMBRE-2023/ETH_MQTT_RTOS/Drivers/CMSIS/Device/ST/STM32F4xx/Include" -I"D:/TRABAJO/UMAKER/CURSOS/ARM - NUCLEO/STM32_FromScratch/SETIEMBRE-2023/ETH_MQTT_RTOS/Drivers/CMSIS/Include" -O0 -ffunction-sections -fdata-sections -Wall -fstack-usage -fcyclomatic-complexity -MMD -MP -MF"Middlewares/Third_Party/FreeRTOS/tasks.d" -MT"Middlewares/Third_Party/FreeRTOS/tasks.o" --specs=nano.specs -mfpu=fpv4-sp-d16 -mfloat-abi=hard -mthumb -o "Middlewares/Third_Party/FreeRTOS/tasks.o"
arm-none-eabi-gcc "../Middlewares/Third_Party/FreeRTOS/timers.c" -mcpu=cortex-m4 -std=gnu11 -g3 -DDEBUG -DSTM32F407xx -DSTM32 -DSTM32F4 -DSTM32F407VGTx -c -I../Inc -I"D:/TRABAJO/UMAKER/CURSOS/ARM - NUCLEO/STM32_FromScratch/SETIEMBRE-2023/ETH_MQTT_RTOS/Middlewares/Third_Party/FreeRTOS/CMSIS_RTOS" -I"D:/TRABAJO/UMAKER/CURSOS/ARM - NUCLEO/STM32_FromScratch/SETIEMBRE-2023/ETH_MQTT_RTOS/Middlewares/Third_Party/FreeRTOS/include" -I"D:/TRABAJO/UMAKER/CURSOS/ARM - NUCLEO/STM32_FromScratch/SETIEMBRE-2023/ETH_MQTT_RTOS/Middlewares/Third_Party/FreeRTOS/portable/GCC/ARM_CM4F" -I"D:/TRABAJO/UMAKER/CURSOS/ARM - NUCLEO/STM32_FromScratch/SETIEMBRE-2023/ETH_MQTT_RTOS/Components/mpu6050" -I"D:/TRABAJO/UMAKER/CURSOS/ARM - NUCLEO/STM32_FromScratch/SETIEMBRE-2023/ETH_MQTT_RTOS/Components/ioLibrary_Driver/Ethernet" -I"D:/TRABAJO/UMAKER/CURSOS/ARM - NUCLEO/STM32_FromScratch/SETIEMBRE-2023/ETH_MQTT_RTOS/Components/ioLibrary_Driver/Internet" -I"D:/TRABAJO/UMAKER/CURSOS/ARM - NUCLEO/STM32_FromScratch/SETIEMBRE-2023/ETH_MQTT_RTOS/Components/ioLibrary_Driver/Internet/DHCP" -I"D:/TRABAJO/UMAKER/CURSOS/ARM - NUCLEO/STM32_FromScratch/SETIEMBRE-2023/ETH_MQTT_RTOS/Components/ioLibrary_Driver/Internet/DNS" -I"D:/TRABAJO/UMAKER/CURSOS/ARM - NUCLEO/STM32_FromScratch/SETIEMBRE-2023/ETH_MQTT_RTOS/Components/ioLibrary_Driver/Internet/FTPClient" -I"D:/TRABAJO/UMAKER/CURSOS/ARM - NUCLEO/STM32_FromScratch/SETIEMBRE-2023/ETH_MQTT_RTOS/Components/ioLibrary_Driver/Internet/FTPServer" -I"D:/TRABAJO/UMAKER/CURSOS/ARM - NUCLEO/STM32_FromScratch/SETIEMBRE-2023/ETH_MQTT_RTOS/Components/ioLibrary_Driver/Internet/httpServer" -I"D:/TRABAJO/UMAKER/CURSOS/ARM - NUCLEO/STM32_FromScratch/SETIEMBRE-2023/ETH_MQTT_RTOS/Components/ioLibrary_Driver/Internet/MQTT" -I"D:/TRABAJO/UMAKER/CURSOS/ARM - NUCLEO/STM32_FromScratch/SETIEMBRE-2023/ETH_MQTT_RTOS/Components/ioLibrary_Driver/Internet/SNMP" -I"D:/TRABAJO/UMAKER/CURSOS/ARM - NUCLEO/STM32_FromScratch/SETIEMBRE-2023/ETH_MQTT_RTOS/Components/ioLibrary_Driver/Internet/SNTP" -I"D:/TRABAJO/UMAKER/CURSOS/ARM - NUCLEO/STM32_FromScratch/SETIEMBRE-2023/ETH_MQTT_RTOS/Components/ioLibrary_Driver/Internet/TFTP" -I"D:/TRABAJO/UMAKER/CURSOS/ARM - NUCLEO/STM32_FromScratch/SETIEMBRE-2023/ETH_MQTT_RTOS/Drivers/CMSIS/Device/ST/STM32F4xx/Include" -I"D:/TRABAJO/UMAKER/CURSOS/ARM - NUCLEO/STM32_FromScratch/SETIEMBRE-2023/ETH_MQTT_RTOS/Drivers/CMSIS/Include" -O0 -ffunction-sections -fdata-sections -Wall -fstack-usage -fcyclomatic-complexity -MMD -MP -MF"Middlewares/Third_Party/FreeRTOS/timers.d" -MT"Middlewares/Third_Party/FreeRTOS/timers.o" --specs=nano.specs -mfpu=fpv4-sp-d16 -mfloat-abi=hard -mthumb -o "Middlewares/Third_Party/FreeRTOS/timers.o"
arm-none-eabi-g++ -o "ETH_MQTT_RTOS.elf" @"objects.list"   -mcpu=cortex-m4 -T"D:\TRABAJO\UMAKER\CURSOS\ARM - NUCLEO\STM32_FromScratch\SETIEMBRE-2023\ETH_MQTT_RTOS\STM32F407VGTX_FLASH.ld" --specs=nosys.specs -Wl,-Map="ETH_MQTT_RTOS.map" -Wl,--gc-sections -static --specs=nano.specs -mfpu=fpv4-sp-d16 -mfloat-abi=hard -mthumb -Wl,--start-group -lc -lm -lstdc++ -lsupc++ -Wl,--end-group
Finished building target: ETH_MQTT_RTOS.elf
 
arm-none-eabi-size   ETH_MQTT_RTOS.elf 
arm-none-eabi-objdump -h -S  ETH_MQTT_RTOS.elf  > "ETH_MQTT_RTOS.list"
arm-none-eabi-objcopy  -O ihex  ETH_MQTT_RTOS.elf  "ETH_MQTT_RTOS.hex"
arm-none-eabi-objcopy  -O binary  ETH_MQTT_RTOS.elf  "ETH_MQTT_RTOS.bin"
   text	   data	    bss	    dec	    hex	filename
  83984	    268	  35908	 120160	  1d560	ETH_MQTT_RTOS.elf
Finished building: default.size.stdout
 
Finished building: ETH_MQTT_RTOS.bin
Finished building: ETH_MQTT_RTOS.hex
 
 
Finished building: ETH_MQTT_RTOS.list
 

22:06:33 Build Finished. 0 errors, 0 warnings. (took 6s.580ms)

