21:52:12 **** Incremental Build of configuration Debug for project SysTick_IT ****
make -j8 all 
arm-none-eabi-gcc "../Src/main.c" -mcpu=cortex-m0plus -std=gnu11 -g3 -DDEBUG -DSTM32C031xx -DNUCLEO_C031C6 -DSTM32 -DSTM32C0 -DSTM32C031C6Tx -c -I../Inc -I"D:/TRABAJO/UMAKER/CURSOS/ARM - NUCLEO/STM32_FromScratch/SETIEMBRE-2023/SysTick_IT/Components/lwbtn/src/include" -I"D:/TRABAJO/UMAKER/CURSOS/ARM - NUCLEO/STM32_FromScratch/SETIEMBRE-2023/SysTick_IT/Drivers/CMSIS/Include" -I"D:/TRABAJO/UMAKER/CURSOS/ARM - NUCLEO/STM32_FromScratch/SETIEMBRE-2023/SysTick_IT/Drivers/CMSIS/Device/ST/STM32C0xx/Include" -O0 -ffunction-sections -fdata-sections -Wall -fstack-usage -fcyclomatic-complexity -MMD -MP -MF"Src/main.d" -MT"Src/main.o" --specs=nano.specs -mfloat-abi=soft -mthumb -o "Src/main.o"
arm-none-eabi-gcc -o "SysTick_IT.elf" @"objects.list"   -mcpu=cortex-m0plus -T"D:\TRABAJO\UMAKER\CURSOS\ARM - NUCLEO\STM32_FromScratch\SETIEMBRE-2023\SysTick_IT\STM32C031C6TX_FLASH.ld" --specs=nosys.specs -Wl,-Map="SysTick_IT.map" -Wl,--gc-sections -static --specs=nano.specs -mfloat-abi=soft -mthumb -Wl,--start-group -lc -lm -Wl,--end-group
Finished building target: SysTick_IT.elf
 
arm-none-eabi-size   SysTick_IT.elf 
arm-none-eabi-objdump -h -S  SysTick_IT.elf  > "SysTick_IT.list"
   text	   data	    bss	    dec	    hex	filename
   6956	    200	   1928	   9084	   237c	SysTick_IT.elf
Finished building: default.size.stdout
 
Finished building: SysTick_IT.list
 
21:52:15 **** Incremental Build of configuration Debug for project SysTick_IT ****
make -j8 all 
arm-none-eabi-size   SysTick_IT.elf 
   text	   data	    bss	    dec	    hex	filename
   6956	    200	   1928	   9084	   237c	SysTick_IT.elf
Finished building: default.size.stdout
 
