../Core/Components/driver_mpu6050.c:196:16:a_mpu6050_iic_read	32	static
../Core/Components/driver_mpu6050.c:219:16:a_mpu6050_iic_write	32	static
../Core/Components/driver_mpu6050.c:243:16:a_mpu6050_write_mem	40	static
../Core/Components/driver_mpu6050.c:279:16:a_mpu6050_read_mem	40	static
../Core/Components/driver_mpu6050.c:310:16:a_mpu6050_reset_fifo	24	static
../Core/Components/driver_mpu6050.c:414:17:a_mpu6050_inv_row_2_scale	24	static
../Core/Components/driver_mpu6050.c:456:17:a_mpu6050_inv_orientation_matrix_to_scalar	24	static
../Core/Components/driver_mpu6050.c:472:13:a_mpu6050_dmp_decode_gesture	24	static
../Core/Components/driver_mpu6050.c:508:16:a_mpu6050_get_accel_prod_shift	32	static
../Core/Components/driver_mpu6050.c:552:16:a_mpu6050_accel_self_test	48	static
../Core/Components/driver_mpu6050.c:595:16:a_mpu6050_gyro_self_test	48	static
../Core/Components/driver_mpu6050.c:651:16:a_mpu6050_get_st_biases	232	static
../Core/Components/driver_mpu6050.c:836:9:mpu6050_dmp_load_firmware	56	static
../Core/Components/driver_mpu6050.c:914:9:mpu6050_dmp_set_pedometer_walk_time	24	static
../Core/Components/driver_mpu6050.c:963:9:mpu6050_dmp_get_pedometer_walk_time	24	static
../Core/Components/driver_mpu6050.c:1008:9:mpu6050_dmp_set_pedometer_step_count	24	static
../Core/Components/driver_mpu6050.c:1056:9:mpu6050_dmp_get_pedometer_step_count	24	static
../Core/Components/driver_mpu6050.c:1101:9:mpu6050_dmp_set_shake_reject_timeout	24	static
../Core/Components/driver_mpu6050.c:1148:9:mpu6050_dmp_get_shake_reject_timeout	24	static
../Core/Components/driver_mpu6050.c:1193:9:mpu6050_dmp_set_shake_reject_time	24	static
../Core/Components/driver_mpu6050.c:1240:9:mpu6050_dmp_get_shake_reject_time	24	static
../Core/Components/driver_mpu6050.c:1285:9:mpu6050_dmp_set_shake_reject_thresh	32	static
../Core/Components/driver_mpu6050.c:1335:9:mpu6050_dmp_get_shake_reject_thresh	32	static
../Core/Components/driver_mpu6050.c:1383:9:mpu6050_dmp_set_tap_time_multi	24	static
../Core/Components/driver_mpu6050.c:1430:9:mpu6050_dmp_get_tap_time_multi	24	static
../Core/Components/driver_mpu6050.c:1475:9:mpu6050_dmp_set_tap_time	24	static
../Core/Components/driver_mpu6050.c:1522:9:mpu6050_dmp_get_tap_time	24	static
../Core/Components/driver_mpu6050.c:1568:9:mpu6050_dmp_set_min_tap_count	24	static
../Core/Components/driver_mpu6050.c:1618:9:mpu6050_dmp_get_min_tap_count	24	static
../Core/Components/driver_mpu6050.c:1662:9:mpu6050_dmp_set_gyro_calibrate	40	static
../Core/Components/driver_mpu6050.c:1725:9:mpu6050_dmp_set_3x_quaternion	32	static
../Core/Components/driver_mpu6050.c:1802:9:mpu6050_dmp_set_6x_quaternion	32	static
../Core/Components/driver_mpu6050.c:1879:9:mpu6050_dmp_set_interrupt_mode	40	static
../Core/Components/driver_mpu6050.c:1948:9:mpu6050_dmp_set_gyro_bias	88	static
../Core/Components/driver_mpu6050.c:2038:9:mpu6050_dmp_set_accel_bias	104	static
../Core/Components/driver_mpu6050.c:2141:9:mpu6050_dmp_set_orientation	48	static
../Core/Components/driver_mpu6050.c:2245:9:mpu6050_dmp_set_feature	96	static
../Core/Components/driver_mpu6050.c:2688:9:mpu6050_dmp_set_fifo_rate	40	static
../Core/Components/driver_mpu6050.c:2754:9:mpu6050_dmp_get_fifo_rate	24	static
../Core/Components/driver_mpu6050.c:2801:9:mpu6050_dmp_set_tap_axes	24	static
../Core/Components/driver_mpu6050.c:2862:9:mpu6050_dmp_get_tap_axes	32	static
../Core/Components/driver_mpu6050.c:2918:9:mpu6050_dmp_set_tap_thresh	32	static
../Core/Components/driver_mpu6050.c:3063:9:mpu6050_dmp_get_tap_thresh	40	static
../Core/Components/driver_mpu6050.c:3179:9:mpu6050_dmp_read	88	static
../Core/Components/driver_mpu6050.c:3449:9:mpu6050_dmp_set_tap_callback	16	static
../Core/Components/driver_mpu6050.c:3483:9:mpu6050_dmp_set_orient_callback	16	static
../Core/Components/driver_mpu6050.c:3517:9:mpu6050_dmp_set_enable	24	static
../Core/Components/driver_mpu6050.c:3572:9:mpu6050_dmp_gyro_accel_raw_offset_convert	32	static
../Core/Components/driver_mpu6050.c:3672:9:mpu6050_set_addr_pin	16	static
../Core/Components/driver_mpu6050.c:3693:9:mpu6050_get_addr_pin	16	static
../Core/Components/driver_mpu6050.c:3717:9:mpu6050_init	24	static
../Core/Components/driver_mpu6050.c:3837:9:mpu6050_deinit	24	static
../Core/Components/driver_mpu6050.c:3890:9:mpu6050_read	40	static
../Core/Components/driver_mpu6050.c:4133:9:mpu6050_read_temperature	32	static
../Core/Components/driver_mpu6050.c:4170:9:mpu6050_irq_handler	24	static
../Core/Components/driver_mpu6050.c:4242:9:mpu6050_set_fifo	24	static
../Core/Components/driver_mpu6050.c:4287:9:mpu6050_get_fifo	24	static
../Core/Components/driver_mpu6050.c:4323:9:mpu6050_force_fifo_reset	24	static
../Core/Components/driver_mpu6050.c:4358:9:mpu6050_set_iic_master	24	static
../Core/Components/driver_mpu6050.c:4403:9:mpu6050_get_iic_master	24	static
../Core/Components/driver_mpu6050.c:4439:9:mpu6050_fifo_reset	24	static
../Core/Components/driver_mpu6050.c:4484:9:mpu6050_get_fifo_reset	24	static
../Core/Components/driver_mpu6050.c:4520:9:mpu6050_iic_master_reset	24	static
../Core/Components/driver_mpu6050.c:4565:9:mpu6050_get_iic_master_reset	24	static
../Core/Components/driver_mpu6050.c:4601:9:mpu6050_sensor_reset	24	static
../Core/Components/driver_mpu6050.c:4646:9:mpu6050_get_sensor_reset	24	static
../Core/Components/driver_mpu6050.c:4682:9:mpu6050_device_reset	24	static
../Core/Components/driver_mpu6050.c:4727:9:mpu6050_get_device_reset	24	static
../Core/Components/driver_mpu6050.c:4764:9:mpu6050_set_clock_source	24	static
../Core/Components/driver_mpu6050.c:4809:9:mpu6050_get_clock_source	24	static
../Core/Components/driver_mpu6050.c:4846:9:mpu6050_set_temperature_sensor	24	static
../Core/Components/driver_mpu6050.c:4891:9:mpu6050_get_temperature_sensor	24	static
../Core/Components/driver_mpu6050.c:4928:9:mpu6050_set_cycle_wake_up	24	static
../Core/Components/driver_mpu6050.c:4973:9:mpu6050_get_cycle_wake_up	24	static
../Core/Components/driver_mpu6050.c:5010:9:mpu6050_set_sleep	24	static
../Core/Components/driver_mpu6050.c:5055:9:mpu6050_get_sleep	24	static
../Core/Components/driver_mpu6050.c:5093:9:mpu6050_set_standby_mode	24	static
../Core/Components/driver_mpu6050.c:5139:9:mpu6050_get_standby_mode	32	static
../Core/Components/driver_mpu6050.c:5176:9:mpu6050_set_wake_up_frequency	24	static
../Core/Components/driver_mpu6050.c:5221:9:mpu6050_get_wake_up_frequency	24	static
../Core/Components/driver_mpu6050.c:5258:9:mpu6050_get_fifo_count	24	static
../Core/Components/driver_mpu6050.c:5296:9:mpu6050_fifo_get	32	static
../Core/Components/driver_mpu6050.c:5332:9:mpu6050_fifo_set	32	static
../Core/Components/driver_mpu6050.c:5367:9:mpu6050_set_signal_path_reset	24	static
../Core/Components/driver_mpu6050.c:5412:9:mpu6050_set_sample_rate_divider	24	static
../Core/Components/driver_mpu6050.c:5447:9:mpu6050_get_sample_rate_divider	24	static
../Core/Components/driver_mpu6050.c:5482:9:mpu6050_set_extern_sync	24	static
../Core/Components/driver_mpu6050.c:5527:9:mpu6050_get_extern_sync	24	static
../Core/Components/driver_mpu6050.c:5564:9:mpu6050_set_low_pass_filter	24	static
../Core/Components/driver_mpu6050.c:5609:9:mpu6050_get_low_pass_filter	24	static
../Core/Components/driver_mpu6050.c:5647:9:mpu6050_set_gyroscope_test	24	static
../Core/Components/driver_mpu6050.c:5693:9:mpu6050_get_gyroscope_test	32	static
../Core/Components/driver_mpu6050.c:5730:9:mpu6050_set_gyroscope_range	24	static
../Core/Components/driver_mpu6050.c:5775:9:mpu6050_get_gyroscope_range	24	static
../Core/Components/driver_mpu6050.c:5813:9:mpu6050_set_accelerometer_test	24	static
../Core/Components/driver_mpu6050.c:5859:9:mpu6050_get_accelerometer_test	32	static
../Core/Components/driver_mpu6050.c:5896:9:mpu6050_set_accelerometer_range	24	static
../Core/Components/driver_mpu6050.c:5941:9:mpu6050_get_accelerometer_range	24	static
../Core/Components/driver_mpu6050.c:5979:9:mpu6050_set_fifo_enable	24	static
../Core/Components/driver_mpu6050.c:6025:9:mpu6050_get_fifo_enable	32	static
../Core/Components/driver_mpu6050.c:6062:9:mpu6050_set_interrupt_level	24	static
../Core/Components/driver_mpu6050.c:6107:9:mpu6050_get_interrupt_level	24	static
../Core/Components/driver_mpu6050.c:6144:9:mpu6050_set_interrupt_pin_type	24	static
../Core/Components/driver_mpu6050.c:6189:9:mpu6050_get_interrupt_pin_type	24	static
../Core/Components/driver_mpu6050.c:6226:9:mpu6050_set_interrupt_latch	24	static
../Core/Components/driver_mpu6050.c:6271:9:mpu6050_get_interrupt_latch	24	static
../Core/Components/driver_mpu6050.c:6308:9:mpu6050_set_interrupt_read_clear	24	static
../Core/Components/driver_mpu6050.c:6353:9:mpu6050_get_interrupt_read_clear	24	static
../Core/Components/driver_mpu6050.c:6390:9:mpu6050_set_fsync_interrupt_level	24	static
../Core/Components/driver_mpu6050.c:6435:9:mpu6050_get_fsync_interrupt_level	24	static
../Core/Components/driver_mpu6050.c:6472:9:mpu6050_set_fsync_interrupt	24	static
../Core/Components/driver_mpu6050.c:6517:9:mpu6050_get_fsync_interrupt	24	static
../Core/Components/driver_mpu6050.c:6554:9:mpu6050_set_iic_bypass	24	static
../Core/Components/driver_mpu6050.c:6599:9:mpu6050_get_iic_bypass	24	static
../Core/Components/driver_mpu6050.c:6637:9:mpu6050_set_interrupt	24	static
../Core/Components/driver_mpu6050.c:6683:9:mpu6050_get_interrupt	32	static
../Core/Components/driver_mpu6050.c:6720:9:mpu6050_get_interrupt_status	24	static
../Core/Components/driver_mpu6050.c:6756:9:mpu6050_set_gyroscope_x_test	24	static
../Core/Components/driver_mpu6050.c:6807:9:mpu6050_get_gyroscope_x_test	24	static
../Core/Components/driver_mpu6050.c:6844:9:mpu6050_set_gyroscope_y_test	24	static
../Core/Components/driver_mpu6050.c:6895:9:mpu6050_get_gyroscope_y_test	24	static
../Core/Components/driver_mpu6050.c:6932:9:mpu6050_set_gyroscope_z_test	24	static
../Core/Components/driver_mpu6050.c:6983:9:mpu6050_get_gyroscope_z_test	24	static
../Core/Components/driver_mpu6050.c:7020:9:mpu6050_set_accelerometer_x_test	24	static
../Core/Components/driver_mpu6050.c:7087:9:mpu6050_get_accelerometer_x_test	24	static
../Core/Components/driver_mpu6050.c:7133:9:mpu6050_set_accelerometer_y_test	24	static
../Core/Components/driver_mpu6050.c:7200:9:mpu6050_get_accelerometer_y_test	24	static
../Core/Components/driver_mpu6050.c:7246:9:mpu6050_set_accelerometer_z_test	24	static
../Core/Components/driver_mpu6050.c:7313:9:mpu6050_get_accelerometer_z_test	24	static
../Core/Components/driver_mpu6050.c:7358:9:mpu6050_set_motion_threshold	24	static
../Core/Components/driver_mpu6050.c:7393:9:mpu6050_get_motion_threshold	24	static
../Core/Components/driver_mpu6050.c:7428:9:mpu6050_motion_threshold_convert_to_register	24	static
../Core/Components/driver_mpu6050.c:7455:9:mpu6050_motion_threshold_convert_to_data	24	static
../Core/Components/driver_mpu6050.c:7482:9:mpu6050_set_motion_duration	24	static
../Core/Components/driver_mpu6050.c:7517:9:mpu6050_get_motion_duration	24	static
../Core/Components/driver_mpu6050.c:7552:9:mpu6050_motion_duration_convert_to_register	24	static
../Core/Components/driver_mpu6050.c:7579:9:mpu6050_motion_duration_convert_to_data	24	static
../Core/Components/driver_mpu6050.c:7606:9:mpu6050_set_force_accel_sample	24	static
../Core/Components/driver_mpu6050.c:7659:9:mpu6050_self_test	56	static
../Core/Components/driver_mpu6050.c:7743:9:mpu6050_set_iic_clock	24	static
../Core/Components/driver_mpu6050.c:7788:9:mpu6050_get_iic_clock	24	static
../Core/Components/driver_mpu6050.c:7825:9:mpu6050_set_iic_multi_master	24	static
../Core/Components/driver_mpu6050.c:7870:9:mpu6050_get_iic_multi_master	24	static
../Core/Components/driver_mpu6050.c:7907:9:mpu6050_set_iic_wait_for_external_sensor	24	static
../Core/Components/driver_mpu6050.c:7952:9:mpu6050_get_iic_wait_for_external_sensor	24	static
../Core/Components/driver_mpu6050.c:7989:9:mpu6050_set_iic_read_mode	24	static
../Core/Components/driver_mpu6050.c:8034:9:mpu6050_get_iic_read_mode	24	static
../Core/Components/driver_mpu6050.c:8073:9:mpu6050_set_iic_fifo_enable	24	static
../Core/Components/driver_mpu6050.c:8151:9:mpu6050_get_iic_fifo_enable	32	static
../Core/Components/driver_mpu6050.c:8213:9:mpu6050_set_iic_mode	24	static
../Core/Components/driver_mpu6050.c:8345:9:mpu6050_get_iic_mode	32	static
../Core/Components/driver_mpu6050.c:8437:9:mpu6050_set_iic_address	24	static
../Core/Components/driver_mpu6050.c:8569:9:mpu6050_get_iic_address	32	static
../Core/Components/driver_mpu6050.c:8661:9:mpu6050_set_iic_register	24	static
../Core/Components/driver_mpu6050.c:8747:9:mpu6050_get_iic_register	32	static
../Core/Components/driver_mpu6050.c:8833:9:mpu6050_set_iic_data_out	24	static
../Core/Components/driver_mpu6050.c:8909:9:mpu6050_get_iic_data_out	32	static
../Core/Components/driver_mpu6050.c:8985:9:mpu6050_set_iic_enable	24	static
../Core/Components/driver_mpu6050.c:9098:9:mpu6050_get_iic_enable	32	static
../Core/Components/driver_mpu6050.c:9179:9:mpu6050_set_iic_byte_swap	24	static
../Core/Components/driver_mpu6050.c:9292:9:mpu6050_get_iic_byte_swap	32	static
../Core/Components/driver_mpu6050.c:9373:9:mpu6050_set_iic_transaction_mode	24	static
../Core/Components/driver_mpu6050.c:9486:9:mpu6050_get_iic_transaction_mode	32	static
../Core/Components/driver_mpu6050.c:9567:9:mpu6050_set_iic_group_order	24	static
../Core/Components/driver_mpu6050.c:9680:9:mpu6050_get_iic_group_order	32	static
../Core/Components/driver_mpu6050.c:9762:9:mpu6050_set_iic_transferred_len	24	static
../Core/Components/driver_mpu6050.c:9881:9:mpu6050_get_iic_transferred_len	32	static
../Core/Components/driver_mpu6050.c:9960:9:mpu6050_get_iic_status	24	static
../Core/Components/driver_mpu6050.c:9996:9:mpu6050_set_iic_delay_enable	24	static
../Core/Components/driver_mpu6050.c:10042:9:mpu6050_get_iic_delay_enable	32	static
../Core/Components/driver_mpu6050.c:10079:9:mpu6050_set_iic4_enable	24	static
../Core/Components/driver_mpu6050.c:10124:9:mpu6050_get_iic4_enable	24	static
../Core/Components/driver_mpu6050.c:10161:9:mpu6050_set_iic4_interrupt	24	static
../Core/Components/driver_mpu6050.c:10206:9:mpu6050_get_iic4_interrupt	24	static
../Core/Components/driver_mpu6050.c:10243:9:mpu6050_set_iic4_transaction_mode	24	static
../Core/Components/driver_mpu6050.c:10288:9:mpu6050_get_iic4_transaction_mode	24	static
../Core/Components/driver_mpu6050.c:10326:9:mpu6050_set_iic_delay	24	static
../Core/Components/driver_mpu6050.c:10377:9:mpu6050_get_iic_delay	24	static
../Core/Components/driver_mpu6050.c:10414:9:mpu6050_set_iic4_data_out	24	static
../Core/Components/driver_mpu6050.c:10449:9:mpu6050_get_iic4_data_out	24	static
../Core/Components/driver_mpu6050.c:10484:9:mpu6050_set_iic4_data_in	24	static
../Core/Components/driver_mpu6050.c:10519:9:mpu6050_get_iic4_data_in	24	static
../Core/Components/driver_mpu6050.c:10556:9:mpu6050_read_extern_sensor_data	32	static
../Core/Components/driver_mpu6050.c:10599:9:mpu6050_set_reg	24	static
../Core/Components/driver_mpu6050.c:10626:9:mpu6050_get_reg	24	static
../Core/Components/driver_mpu6050.c:10648:9:mpu6050_info	16	static
