D:/TRABAJO/UMAKER/CURSOS/ARM - NUCLEO/STM32_FromScratch/NOVIEMBRE - 2023/EXTI/Drivers/CMSIS/Include/core_cm4.h:1688:22:__NVIC_EnableIRQ	2
D:/TRABAJO/UMAKER/CURSOS/ARM - NUCLEO/STM32_FromScratch/NOVIEMBRE - 2023/EXTI/Drivers/CMSIS/Include/core_cm4.h:1816:22:__NVIC_SetPriority	2
D:/TRABAJO/UMAKER/CURSOS/ARM - NUCLEO/STM32_FromScratch/NOVIEMBRE - 2023/EXTI/Drivers/CMSIS/Include/core_cm4.h:2022:26:SysTick_Config	2
D:/TRABAJO/UMAKER/CURSOS/ARM - NUCLEO/STM32_FromScratch/NOVIEMBRE - 2023/EXTI/Drivers/CMSIS/Include/core_cm4.h:2064:26:ITM_SendChar	4
../Src/main.c:76:5:main	1
../Src/main.c:134:5:__io_putchar	1
../Src/main.c:140:1:prv_btn_get_state	4
../Src/main.c:158:1:prv_btn_event	5
