Archive member included to satisfy reference by file (symbol)

c:/arm_tools/arm-gnu-toolchain-12.3.rel1-mingw-w64-i686-arm-none-eabi/bin/../lib/gcc/arm-none-eabi/12.3.1/thumb/v7e-m+fp/hard\libc_nano.a(libc_a-exit.o)
                              c:/arm_tools/arm-gnu-toolchain-12.3.rel1-mingw-w64-i686-arm-none-eabi/bin/../lib/gcc/arm-none-eabi/12.3.1/thumb/v7e-m+fp/hard/crt0.o (exit)
c:/arm_tools/arm-gnu-toolchain-12.3.rel1-mingw-w64-i686-arm-none-eabi/bin/../lib/gcc/arm-none-eabi/12.3.1/thumb/v7e-m+fp/hard\libc_nano.a(libc_a-nano-vfprintf_float.o)
                              (_printf_float)
c:/arm_tools/arm-gnu-toolchain-12.3.rel1-mingw-w64-i686-arm-none-eabi/bin/../lib/gcc/arm-none-eabi/12.3.1/thumb/v7e-m+fp/hard\libc_nano.a(libc_a-nano-vfprintf_i.o)
                              c:/arm_tools/arm-gnu-toolchain-12.3.rel1-mingw-w64-i686-arm-none-eabi/bin/../lib/gcc/arm-none-eabi/12.3.1/thumb/v7e-m+fp/hard\libc_nano.a(libc_a-nano-vfprintf_float.o) (_printf_common)
c:/arm_tools/arm-gnu-toolchain-12.3.rel1-mingw-w64-i686-arm-none-eabi/bin/../lib/gcc/arm-none-eabi/12.3.1/thumb/v7e-m+fp/hard\libc_nano.a(libc_a-findfp.o)
                              c:/arm_tools/arm-gnu-toolchain-12.3.rel1-mingw-w64-i686-arm-none-eabi/bin/../lib/gcc/arm-none-eabi/12.3.1/thumb/v7e-m+fp/hard\libc_nano.a(libc_a-exit.o) (__stdio_exit_handler)
c:/arm_tools/arm-gnu-toolchain-12.3.rel1-mingw-w64-i686-arm-none-eabi/bin/../lib/gcc/arm-none-eabi/12.3.1/thumb/v7e-m+fp/hard\libc_nano.a(libc_a-fwalk.o)
                              c:/arm_tools/arm-gnu-toolchain-12.3.rel1-mingw-w64-i686-arm-none-eabi/bin/../lib/gcc/arm-none-eabi/12.3.1/thumb/v7e-m+fp/hard\libc_nano.a(libc_a-findfp.o) (_fwalk_sglue)
c:/arm_tools/arm-gnu-toolchain-12.3.rel1-mingw-w64-i686-arm-none-eabi/bin/../lib/gcc/arm-none-eabi/12.3.1/thumb/v7e-m+fp/hard\libc_nano.a(libc_a-stdio.o)
                              c:/arm_tools/arm-gnu-toolchain-12.3.rel1-mingw-w64-i686-arm-none-eabi/bin/../lib/gcc/arm-none-eabi/12.3.1/thumb/v7e-m+fp/hard\libc_nano.a(libc_a-findfp.o) (__sread)
c:/arm_tools/arm-gnu-toolchain-12.3.rel1-mingw-w64-i686-arm-none-eabi/bin/../lib/gcc/arm-none-eabi/12.3.1/thumb/v7e-m+fp/hard\libc_nano.a(libc_a-memset.o)
                              c:/arm_tools/arm-gnu-toolchain-12.3.rel1-mingw-w64-i686-arm-none-eabi/bin/../lib/gcc/arm-none-eabi/12.3.1/thumb/v7e-m+fp/hard/crt0.o (memset)
c:/arm_tools/arm-gnu-toolchain-12.3.rel1-mingw-w64-i686-arm-none-eabi/bin/../lib/gcc/arm-none-eabi/12.3.1/thumb/v7e-m+fp/hard\libc_nano.a(libc_a-localeconv.o)
                              c:/arm_tools/arm-gnu-toolchain-12.3.rel1-mingw-w64-i686-arm-none-eabi/bin/../lib/gcc/arm-none-eabi/12.3.1/thumb/v7e-m+fp/hard\libc_nano.a(libc_a-nano-vfprintf_float.o) (_localeconv_r)
c:/arm_tools/arm-gnu-toolchain-12.3.rel1-mingw-w64-i686-arm-none-eabi/bin/../lib/gcc/arm-none-eabi/12.3.1/thumb/v7e-m+fp/hard\libc_nano.a(libc_a-closer.o)
                              c:/arm_tools/arm-gnu-toolchain-12.3.rel1-mingw-w64-i686-arm-none-eabi/bin/../lib/gcc/arm-none-eabi/12.3.1/thumb/v7e-m+fp/hard\libc_nano.a(libc_a-stdio.o) (_close_r)
c:/arm_tools/arm-gnu-toolchain-12.3.rel1-mingw-w64-i686-arm-none-eabi/bin/../lib/gcc/arm-none-eabi/12.3.1/thumb/v7e-m+fp/hard\libc_nano.a(libc_a-reent.o)
                              c:/arm_tools/arm-gnu-toolchain-12.3.rel1-mingw-w64-i686-arm-none-eabi/bin/../lib/gcc/arm-none-eabi/12.3.1/thumb/v7e-m+fp/hard\libc_nano.a(libc_a-closer.o) (errno)
c:/arm_tools/arm-gnu-toolchain-12.3.rel1-mingw-w64-i686-arm-none-eabi/bin/../lib/gcc/arm-none-eabi/12.3.1/thumb/v7e-m+fp/hard\libc_nano.a(libc_a-impure.o)
                              c:/arm_tools/arm-gnu-toolchain-12.3.rel1-mingw-w64-i686-arm-none-eabi/bin/../lib/gcc/arm-none-eabi/12.3.1/thumb/v7e-m+fp/hard\libc_nano.a(libc_a-reent.o) (_impure_ptr)
c:/arm_tools/arm-gnu-toolchain-12.3.rel1-mingw-w64-i686-arm-none-eabi/bin/../lib/gcc/arm-none-eabi/12.3.1/thumb/v7e-m+fp/hard\libc_nano.a(libc_a-lseekr.o)
                              c:/arm_tools/arm-gnu-toolchain-12.3.rel1-mingw-w64-i686-arm-none-eabi/bin/../lib/gcc/arm-none-eabi/12.3.1/thumb/v7e-m+fp/hard\libc_nano.a(libc_a-stdio.o) (_lseek_r)
c:/arm_tools/arm-gnu-toolchain-12.3.rel1-mingw-w64-i686-arm-none-eabi/bin/../lib/gcc/arm-none-eabi/12.3.1/thumb/v7e-m+fp/hard\libc_nano.a(libc_a-readr.o)
                              c:/arm_tools/arm-gnu-toolchain-12.3.rel1-mingw-w64-i686-arm-none-eabi/bin/../lib/gcc/arm-none-eabi/12.3.1/thumb/v7e-m+fp/hard\libc_nano.a(libc_a-stdio.o) (_read_r)
c:/arm_tools/arm-gnu-toolchain-12.3.rel1-mingw-w64-i686-arm-none-eabi/bin/../lib/gcc/arm-none-eabi/12.3.1/thumb/v7e-m+fp/hard\libc_nano.a(libc_a-writer.o)
                              c:/arm_tools/arm-gnu-toolchain-12.3.rel1-mingw-w64-i686-arm-none-eabi/bin/../lib/gcc/arm-none-eabi/12.3.1/thumb/v7e-m+fp/hard\libc_nano.a(libc_a-stdio.o) (_write_r)
c:/arm_tools/arm-gnu-toolchain-12.3.rel1-mingw-w64-i686-arm-none-eabi/bin/../lib/gcc/arm-none-eabi/12.3.1/thumb/v7e-m+fp/hard\libc_nano.a(libc_a-init.o)
[...]
Memory Configuration

Name             Origin             Length             Attributes
CCMRAM           0x10000000         0x00010000         xrw
RAM              0x20000000         0x00020000         xrw
FLASH            0x08000000         0x00100000         xr
*default*        0x00000000         0xffffffff

Linker script and memory map

LOAD c:/arm_tools/arm-gnu-toolchain-12.3.rel1-mingw-w64-i686-arm-none-eabi/bin/../lib/gcc/arm-none-eabi/12.3.1/thumb/v7e-m+fp/hard/crti.o
LOAD c:/arm_tools/arm-gnu-toolchain-12.3.rel1-mingw-w64-i686-arm-none-eabi/bin/../lib/gcc/arm-none-eabi/12.3.1/thumb/v7e-m+fp/hard/crtbegin.o
LOAD c:/arm_tools/arm-gnu-toolchain-12.3.rel1-mingw-w64-i686-arm-none-eabi/bin/../lib/gcc/arm-none-eabi/12.3.1/thumb/v7e-m+fp/hard/crt0.o
START GROUP
LOAD c:/arm_tools/arm-gnu-toolchain-12.3.rel1-mingw-w64-i686-arm-none-eabi/bin/../lib/gcc/arm-none-eabi/12.3.1/thumb/v7e-m+fp/hard\libc_nano.a
LOAD c:/arm_tools/arm-gnu-toolchain-12.3.rel1-mingw-w64-i686-arm-none-eabi/bin/../lib/gcc/arm-none-eabi/12.3.1/thumb/v7e-m+fp/hard\libm.a
LOAD c:/arm_tools/arm-gnu-toolchain-12.3.rel1-mingw-w64-i686-arm-none-eabi/bin/../lib/gcc/arm-none-eabi/12.3.1/thumb/v7e-m+fp/hard\libstdc++_nano.a
LOAD c:/arm_tools/arm-gnu-toolchain-12.3.rel1-mingw-w64-i686-arm-none-eabi/bin/../lib/gcc/arm-none-eabi/12.3.1/thumb/v7e-m+fp/hard\libsupc++_nano.a
END GROUP
LOAD CMakeFiles/SysTick_IT.dir/Src/main.c.obj
LOAD CMakeFiles/SysTick_IT.dir/Src/delay.c.obj
LOAD CMakeFiles/SysTick_IT.dir/Src/stm32f4xx_it.c.obj
LOAD CMakeFiles/SysTick_IT.dir/Src/syscalls.c.obj
LOAD CMakeFiles/SysTick_IT.dir/Src/sysmem.c.obj
LOAD CMakeFiles/SysTick_IT.dir/Src/system_stm32f4xx.c.obj
LOAD CMakeFiles/SysTick_IT.dir/Startup/startup_stm32f407vgtx.s.obj
START GROUP
LOAD c:/arm_tools/arm-gnu-toolchain-12.3.rel1-mingw-w64-i686-arm-none-eabi/bin/../lib/gcc/arm-none-eabi/12.3.1/thumb/v7e-m+fp/hard\libgcc.a
LOAD c:/arm_tools/arm-gnu-toolchain-12.3.rel1-mingw-w64-i686-arm-none-eabi/bin/../lib/gcc/arm-none-eabi/12.3.1/thumb/v7e-m+fp/hard\libg_nano.a
LOAD c:/arm_tools/arm-gnu-toolchain-12.3.rel1-mingw-w64-i686-arm-none-eabi/bin/../lib/gcc/arm-none-eabi/12.3.1/thumb/v7e-m+fp/hard\libc_nano.a
END GROUP
START GROUP
LOAD c:/arm_tools/arm-gnu-toolchain-12.3.rel1-mingw-w64-i686-arm-none-eabi/bin/../lib/gcc/arm-none-eabi/12.3.1/thumb/v7e-m+fp/hard\libgcc.a
LOAD c:/arm_tools/arm-gnu-toolchain-12.3.rel1-mingw-w64-i686-arm-none-eabi/bin/../lib/gcc/arm-none-eabi/12.3.1/thumb/v7e-m+fp/hard\libc_nano.a
LOAD c:/arm_tools/arm-gnu-toolchain-12.3.rel1-mingw-w64-i686-arm-none-eabi/bin/../lib/gcc/arm-none-eabi/12.3.1/thumb/v7e-m+fp/hard\libnosys.a
END GROUP
START GROUP
LOAD c:/arm_tools/arm-gnu-toolchain-12.3.rel1-mingw-w64-i686-arm-none-eabi/bin/../lib/gcc/arm-none-eabi/12.3.1/thumb/v7e-m+fp/hard\libgcc.a
LOAD c:/arm_tools/arm-gnu-toolchain-12.3.rel1-mingw-w64-i686-arm-none-eabi/bin/../lib/gcc/arm-none-eabi/12.3.1/thumb/v7e-m+fp/hard\libc_nano.a
LOAD c:/arm_tools/arm-gnu-toolchain-12.3.rel1-mingw-w64-i686-arm-none-eabi/bin/../lib/gcc/arm-none-eabi/12.3.1/thumb/v7e-m+fp/hard\libnosys.a
END GROUP
LOAD c:/arm_tools/arm-gnu-toolchain-12.3.rel1-mingw-w64-i686-arm-none-eabi/bin/../lib/gcc/arm-none-eabi/12.3.1/thumb/v7e-m+fp/hard/crtend.o
LOAD c:/arm_tools/arm-gnu-toolchain-12.3.rel1-mingw-w64-i686-arm-none-eabi/bin/../lib/gcc/arm-none-eabi/12.3.1/thumb/v7e-m+fp/hard/crtn.o
                0x20020000                        _estack = (ORIGIN (RAM) + LENGTH (RAM))
                0x00000200                        _Min_Heap_Size = 0x200
                0x00000400                        _Min_Stack_Size = 0x400

.isr_vector     0x08000000      0x1a8
                0x08000000                        . = ALIGN (0x4)
 *(.isr_vector)
 .isr_vector    0x08000000      0x1a8 CMakeFiles/SysTick_IT.dir/Startup/startup_stm32f407vgtx.s.obj
                0x08000000                g_pfnVectors
                0x080001a8                        . = ALIGN (0x4)

.text           0x080001b0     0x36b0
                0x080001b0                        . = ALIGN (0x4)
 *(.text)
 .text          0x080001b0       0xa0 c:/arm_tools/arm-gnu-toolchain-12.3.rel1-mingw-w64-i686-arm-none-eabi/bin/../lib/gcc/arm-none-eabi/12.3.1/thumb/v7e-m+fp/hard\libc_nano.a(libc_a-memchr.o)
                0x080001b0                memchr
 .text          0x08000250       0x10 c:/arm_tools/arm-gnu-toolchain-12.3.rel1-mingw-w64-i686-arm-none-eabi/bin/../lib/gcc/arm-none-eabi/12.3.1/thumb/v7e-m+fp/hard\libc_nano.a(libc_a-strlen.o)
                0x08000250                strlen
 .text          0x08000260      0x378 c:/arm_tools/arm-gnu-toolchain-12.3.rel1-mingw-w64-i686-arm-none-eabi/bin/../lib/gcc/arm-none-eabi/12.3.1/thumb/v7e-m+fp/hard\libgcc.a(_arm_addsubdf3.o)
                0x08000260                __aeabi_drsub
                0x08000268                __aeabi_dsub
                0x08000268                __subdf3
                0x0800026c                __aeabi_dadd
                0x0800026c                __adddf3
                0x080004e4                __floatunsidf
                0x080004e4                __aeabi_ui2d
                0x08000504                __floatsidf
                0x08000504                __aeabi_i2d
                0x08000528                __aeabi_f2d
                0x08000528                __extendsfdf2
                0x0800056c                __floatundidf
                0x0800056c                __aeabi_ul2d
                0x0800057c                __floatdidf
                0x0800057c                __aeabi_l2d
 .text          0x080005d8      0x424 c:/arm_tools/arm-gnu-toolchain-12.3.rel1-mingw-w64-i686-arm-none-eabi/bin/../lib/gcc/arm-none-eabi/12.3.1/thumb/v7e-m+fp/hard\libgcc.a(_arm_muldivdf3.o)
                0x080005d8                __aeabi_dmul
                0x080005d8                __muldf3
                0x0800082c                __divdf3
                0x0800082c                __aeabi_ddiv
 .text          0x080009fc      0x110 c:/arm_tools/arm-gnu-toolchain-12.3.rel1-mingw-w64-i686-arm-none-eabi/bin/../lib/gcc/arm-none-eabi/12.3.1/thumb/v7e-m+fp/hard\libgcc.a(_arm_cmpdf2.o)
                0x080009fc                __gtdf2
                0x080009fc                __gedf2
                0x08000a04                __ltdf2
                0x08000a04                __ledf2
                0x08000a0c                __nedf2
                0x08000a0c                __eqdf2
                0x08000a0c                __cmpdf2
                0x08000a88                __aeabi_cdrcmple
                0x08000a98                __aeabi_cdcmpeq
                0x08000a98                __aeabi_cdcmple
                0x08000aa8                __aeabi_dcmpeq
                0x08000abc                __aeabi_dcmplt
                0x08000ad0                __aeabi_dcmple
                0x08000ae4                __aeabi_dcmpge
                0x08000af8                __aeabi_dcmpgt
 .text          0x08000b0c       0x2c c:/arm_tools/arm-gnu-toolchain-12.3.rel1-mingw-w64-i686-arm-none-eabi/bin/../lib/gcc/arm-none-eabi/12.3.1/thumb/v7e-m+fp/hard\libgcc.a(_arm_unorddf2.o)
                0x08000b0c                __unorddf2
                0x08000b0c                __aeabi_dcmpun
 .text          0x08000b38       0x50 c:/arm_tools/arm-gnu-toolchain-12.3.rel1-mingw-w64-i686-arm-none-eabi/bin/../lib/gcc/arm-none-eabi/12.3.1/thumb/v7e-m+fp/hard\libgcc.a(_arm_fixdfsi.o)
                0x08000b38                __aeabi_d2iz
                0x08000b38                __fixdfsi
 *(.text*)
 .text.deregister_tm_clones
                0x08000b88       0x1c c:/arm_tools/arm-gnu-toolchain-12.3.rel1-mingw-w64-i686-arm-none-eabi/bin/../lib/gcc/arm-none-eabi/12.3.1/thumb/v7e-m+fp/hard/crtbegin.o
 .text.register_tm_clones
                0x08000ba4       0x24 c:/arm_tools/arm-gnu-toolchain-12.3.rel1-mingw-w64-i686-arm-none-eabi/bin/../lib/gcc/arm-none-eabi/12.3.1/thumb/v7e-m+fp/hard/crtbegin.o
 .text.__do_global_dtors_aux
                0x08000bc8       0x28 c:/arm_tools/arm-gnu-toolchain-12.3.rel1-mingw-w64-i686-arm-none-eabi/bin/../lib/gcc/arm-none-eabi/12.3.1/thumb/v7e-m+fp/hard/crtbegin.o
 .text.frame_dummy
                0x08000bf0       0x24 c:/arm_tools/arm-gnu-toolchain-12.3.rel1-mingw-w64-i686-arm-none-eabi/bin/../lib/gcc/arm-none-eabi/12.3.1/thumb/v7e-m+fp/hard/crtbegin.o
 .text.__cvt    0x08000c14       0xd2 c:/arm_tools/arm-gnu-toolchain-12.3.rel1-mingw-w64-i686-arm-none-eabi/bin/../lib/gcc/arm-none-eabi/12.3.1/thumb/v7e-m+fp/hard\libc_nano.a(libc_a-nano-vfprintf_float.o)
                0x08000c14                __cvt
 .text.__exponent
                0x08000ce6       0x74 c:/arm_tools/arm-gnu-toolchain-12.3.rel1-mingw-w64-i686-arm-none-eabi/bin/../lib/gcc/arm-none-eabi/12.3.1/thumb/v7e-m+fp/hard\libc_nano.a(libc_a-nano-vfprintf_float.o)
                0x08000ce6                __exponent
 *fill*         0x08000d5a        0x2 
 .text._printf_float
                0x08000d5c      0x464 c:/arm_tools/arm-gnu-toolchain-12.3.rel1-mingw-w64-i686-arm-none-eabi/bin/../lib/gcc/arm-none-eabi/12.3.1/thumb/v7e-m+fp/hard\libc_nano.a(libc_a-nano-vfprintf_float.o)
                0x08000d5c                _printf_float
 .text._printf_common
                0x080011c0       0xda c:/arm_tools/arm-gnu-toolchain-12.3.rel1-mingw-w64-i686-arm-none-eabi/bin/../lib/gcc/arm-none-eabi/12.3.1/thumb/v7e-m+fp/hard\libc_nano.a(libc_a-nano-vfprintf_i.o)
                0x080011c0                _printf_common
 *fill*         0x0800129a        0x2 
 .text._printf_i
                0x0800129c      0x258 c:/arm_tools/arm-gnu-toolchain-12.3.rel1-mingw-w64-i686-arm-none-eabi/bin/../lib/gcc/arm-none-eabi/12.3.1/thumb/v7e-m+fp/hard\libc_nano.a(libc_a-nano-vfprintf_i.o)
                0x0800129c                _printf_i
 .text.std      0x080014f4       0x6c c:/arm_tools/arm-gnu-toolchain-12.3.rel1-mingw-w64-i686-arm-none-eabi/bin/../lib/gcc/arm-none-eabi/12.3.1/thumb/v7e-m+fp/hard\libc_nano.a(libc_a-findfp.o)
 .text.stdio_exit_handler
                0x08001560       0x18 c:/arm_tools/arm-gnu-toolchain-12.3.rel1-mingw-w64-i686-arm-none-eabi/bin/../lib/gcc/arm-none-eabi/12.3.1/thumb/v7e-m+fp/hard\libc_nano.a(libc_a-findfp.o)
 .text.cleanup_stdio
                0x08001578       0x40 c:/arm_tools/arm-gnu-toolchain-12.3.rel1-mingw-w64-i686-arm-none-eabi/bin/../lib/gcc/arm-none-eabi/12.3.1/thumb/v7e-m+fp/hard\libc_nano.a(libc_a-findfp.o)
 .text.global_stdio_init.part.0
                0x080015b8       0x3c c:/arm_tools/arm-gnu-toolchain-12.3.rel1-mingw-w64-i686-arm-none-eabi/bin/../lib/gcc/arm-none-eabi/12.3.1/thumb/v7e-m+fp/hard\libc_nano.a(libc_a-findfp.o)
 .text.__sfp_lock_acquire
                0x080015f4        0xc c:/arm_tools/arm-gnu-toolchain-12.3.rel1-mingw-w64-i686-arm-none-eabi/bin/../lib/gcc/arm-none-eabi/12.3.1/thumb/v7e-m+fp/hard\libc_nano.a(libc_a-findfp.o)
                0x080015f4                __sfp_lock_acquire
 .text.__sfp_lock_release
                0x08001600        0xc c:/arm_tools/arm-gnu-toolchain-12.3.rel1-mingw-w64-i686-arm-none-eabi/bin/../lib/gcc/arm-none-eabi/12.3.1/thumb/v7e-m+fp/hard\libc_nano.a(libc_a-findfp.o)
                0x08001600                __sfp_lock_release
 .text.__sinit  0x0800160c       0x30 c:/arm_tools/arm-gnu-toolchain-12.3.rel1-mingw-w64-i686-arm-none-eabi/bin/../lib/gcc/arm-none-eabi/12.3.1/thumb/v7e-m+fp/hard\libc_nano.a(libc_a-findfp.o)
                0x0800160c                __sinit
 .text._fwalk_sglue
                0x0800163c       0x3c c:/arm_tools/arm-gnu-toolchain-12.3.rel1-mingw-w64-i686-arm-none-eabi/bin/../lib/gcc/arm-none-eabi/12.3.1/thumb/v7e-m+fp/hard\libc_nano.a(libc_a-fwalk.o)
                0x0800163c                _fwalk_sglue
 .text.__sread  0x08001678       0x22 c:/arm_tools/arm-gnu-toolchain-12.3.rel1-mingw-w64-i686-arm-none-eabi/bin/../lib/gcc/arm-none-eabi/12.3.1/thumb/v7e-m+fp/hard\libc_nano.a(libc_a-stdio.o)
                0x08001678                __sread
 .text.__swrite
                0x0800169a       0x38 c:/arm_tools/arm-gnu-toolchain-12.3.rel1-mingw-w64-i686-arm-none-eabi/bin/../lib/gcc/arm-none-eabi/12.3.1/thumb/v7e-m+fp/hard\libc_nano.a(libc_a-stdio.o)
                0x0800169a                __swrite
 .text.__sseek  0x080016d2       0x24 c:/arm_tools/arm-gnu-toolchain-12.3.rel1-mingw-w64-i686-arm-none-eabi/bin/../lib/gcc/arm-none-eabi/12.3.1/thumb/v7e-m+fp/hard\libc_nano.a(libc_a-stdio.o)
                0x080016d2                __sseek
 .text.__sclose
                0x080016f6        0x8 c:/arm_tools/arm-gnu-toolchain-12.3.rel1-mingw-w64-i686-arm-none-eabi/bin/../lib/gcc/arm-none-eabi/12.3.1/thumb/v7e-m+fp/hard\libc_nano.a(libc_a-stdio.o)
                0x080016f6                __sclose
 .text.memset   0x080016fe       0x10 c:/arm_tools/arm-gnu-toolchain-12.3.rel1-mingw-w64-i686-arm-none-eabi/bin/../lib/gcc/arm-none-eabi/12.3.1/thumb/v7e-m+fp/hard\libc_nano.a(libc_a-memset.o)
                0x080016fe                memset
 *fill*         0x0800170e        0x2 
 .text._localeconv_r
                0x08001710        0x8 c:/arm_tools/arm-gnu-toolchain-12.3.rel1-mingw-w64-i686-arm-none-eabi/bin/../lib/gcc/arm-none-eabi/12.3.1/thumb/v7e-m+fp/hard\libc_nano.a(libc_a-localeconv.o)
                0x08001710                _localeconv_r
 .text._close_r
                0x08001718       0x20 c:/arm_tools/arm-gnu-toolchain-12.3.rel1-mingw-w64-i686-arm-none-eabi/bin/../lib/gcc/arm-none-eabi/12.3.1/thumb/v7e-m+fp/hard\libc_nano.a(libc_a-closer.o)
                0x08001718                _close_r
 .text._lseek_r
                0x08001738       0x24 c:/arm_tools/arm-gnu-toolchain-12.3.rel1-mingw-w64-i686-arm-none-eabi/bin/../lib/gcc/arm-none-eabi/12.3.1/thumb/v7e-m+fp/hard\libc_nano.a(libc_a-lseekr.o)
                0x08001738                _lseek_r
 .text._read_r  0x0800175c       0x24 c:/arm_tools/arm-gnu-toolchain-12.3.rel1-mingw-w64-i686-arm-none-eabi/bin/../lib/gcc/arm-none-eabi/12.3.1/thumb/v7e-m+fp/hard\libc_nano.a(libc_a-readr.o)
                0x0800175c                _read_r
 .text._write_r
                0x08001780       0x24 c:/arm_tools/arm-gnu-toolchain-12.3.rel1-mingw-w64-i686-arm-none-eabi/bin/../lib/gcc/arm-none-eabi/12.3.1/thumb/v7e-m+fp/hard\libc_nano.a(libc_a-writer.o)
                0x08001780                _write_r
 .text.__libc_init_array
                0x080017a4       0x48 c:/arm_tools/arm-gnu-toolchain-12.3.rel1-mingw-w64-i686-arm-none-eabi/bin/../lib/gcc/arm-none-eabi/12.3.1/thumb/v7e-m+fp/hard\libc_nano.a(libc_a-init.o)
                0x080017a4                __libc_init_array
 .text.__retarget_lock_init_recursive
                0x080017ec        0x2 c:/arm_tools/arm-gnu-toolchain-12.3.rel1-mingw-w64-i686-arm-none-eabi/bin/../lib/gcc/arm-none-eabi/12.3.1/thumb/v7e-m+fp/hard\libc_nano.a(libc_a-lock.o)
                0x080017ec                __retarget_lock_init_recursive
 .text.__retarget_lock_acquire_recursive
                0x080017ee        0x2 c:/arm_tools/arm-gnu-toolchain-12.3.rel1-mingw-w64-i686-arm-none-eabi/bin/../lib/gcc/arm-none-eabi/12.3.1/thumb/v7e-m+fp/hard\libc_nano.a(libc_a-lock.o)
                0x080017ee                __retarget_lock_acquire_recursive
 .text.__retarget_lock_release_recursive
                0x080017f0        0x2 c:/arm_tools/arm-gnu-toolchain-12.3.rel1-mingw-w64-i686-arm-none-eabi/bin/../lib/gcc/arm-none-eabi/12.3.1/thumb/v7e-m+fp/hard\libc_nano.a(libc_a-lock.o)
                0x080017f0                __retarget_lock_release_recursive
 .text.quorem   0x080017f2      0x110 c:/arm_tools/arm-gnu-toolchain-12.3.rel1-mingw-w64-i686-arm-none-eabi/bin/../lib/gcc/arm-none-eabi/12.3.1/thumb/v7e-m+fp/hard\libc_nano.a(libc_a-dtoa.o)
 *fill*         0x08001902        0x6 
 .text._dtoa_r  0x08001908      0xc58 c:/arm_tools/arm-gnu-toolchain-12.3.rel1-mingw-w64-i686-arm-none-eabi/bin/../lib/gcc/arm-none-eabi/12.3.1/thumb/v7e-m+fp/hard\libc_nano.a(libc_a-dtoa.o)
                0x08001908                _dtoa_r
 .text._free_r  0x08002560       0x94 c:/arm_tools/arm-gnu-toolchain-12.3.rel1-mingw-w64-i686-arm-none-eabi/bin/../lib/gcc/arm-none-eabi/12.3.1/thumb/v7e-m+fp/hard\libc_nano.a(libc_a-freer.o)
                0x08002560                _free_r
 .text.malloc   0x080025f4       0x10 c:/arm_tools/arm-gnu-toolchain-12.3.rel1-mingw-w64-i686-arm-none-eabi/bin/../lib/gcc/arm-none-eabi/12.3.1/thumb/v7e-m+fp/hard\libc_nano.a(libc_a-malloc.o)
                0x080025f4                malloc
 .text.sbrk_aligned
                0x08002604       0x44 c:/arm_tools/arm-gnu-toolchain-12.3.rel1-mingw-w64-i686-arm-none-eabi/bin/../lib/gcc/arm-none-eabi/12.3.1/thumb/v7e-m+fp/hard\libc_nano.a(libc_a-mallocr.o)
 .text._malloc_r
                0x08002648      0x100 c:/arm_tools/arm-gnu-toolchain-12.3.rel1-mingw-w64-i686-arm-none-eabi/bin/../lib/gcc/arm-none-eabi/12.3.1/thumb/v7e-m+fp/hard\libc_nano.a(libc_a-mallocr.o)
                0x08002648                _malloc_r
 .text.__malloc_lock
                0x08002748        0xc c:/arm_tools/arm-gnu-toolchain-12.3.rel1-mingw-w64-i686-arm-none-eabi/bin/../lib/gcc/arm-none-eabi/12.3.1/thumb/v7e-m+fp/hard\libc_nano.a(libc_a-mlock.o)
                0x08002748                __malloc_lock
 .text.__malloc_unlock
                0x08002754        0xc c:/arm_tools/arm-gnu-toolchain-12.3.rel1-mingw-w64-i686-arm-none-eabi/bin/../lib/gcc/arm-none-eabi/12.3.1/thumb/v7e-m+fp/hard\libc_nano.a(libc_a-mlock.o)
                0x08002754                __malloc_unlock
 .text._Balloc  0x08002760       0x80 c:/arm_tools/arm-gnu-toolchain-12.3.rel1-mingw-w64-i686-arm-none-eabi/bin/../lib/gcc/arm-none-eabi/12.3.1/thumb/v7e-m+fp/hard\libc_nano.a(libc_a-mprec.o)
                0x08002760                _Balloc
 .text._Bfree   0x080027e0       0x44 c:/arm_tools/arm-gnu-toolchain-12.3.rel1-mingw-w64-i686-arm-none-eabi/bin/../lib/gcc/arm-none-eabi/12.3.1/thumb/v7e-m+fp/hard\libc_nano.a(libc_a-mprec.o)
                0x080027e0                _Bfree
 .text.__multadd
                0x08002824       0x8c c:/arm_tools/arm-gnu-toolchain-12.3.rel1-mingw-w64-i686-arm-none-eabi/bin/../lib/gcc/arm-none-eabi/12.3.1/thumb/v7e-m+fp/hard\libc_nano.a(libc_a-mprec.o)
                0x08002824                __multadd
 .text.__hi0bits
                0x080028b0       0x44 c:/arm_tools/arm-gnu-toolchain-12.3.rel1-mingw-w64-i686-arm-none-eabi/bin/../lib/gcc/arm-none-eabi/12.3.1/thumb/v7e-m+fp/hard\libc_nano.a(libc_a-mprec.o)
                0x080028b0                __hi0bits
 .text.__lo0bits
                0x080028f4       0x5a c:/arm_tools/arm-gnu-toolchain-12.3.rel1-mingw-w64-i686-arm-none-eabi/bin/../lib/gcc/arm-none-eabi/12.3.1/thumb/v7e-m+fp/hard\libc_nano.a(libc_a-mprec.o)
                0x080028f4                __lo0bits
 *fill*         0x0800294e        0x2 
 .text.__i2b    0x08002950       0x2c c:/arm_tools/arm-gnu-toolchain-12.3.rel1-mingw-w64-i686-arm-none-eabi/bin/../lib/gcc/arm-none-eabi/12.3.1/thumb/v7e-m+fp/hard\libc_nano.a(libc_a-mprec.o)
                0x08002950                __i2b
 .text.__multiply
                0x0800297c      0x154 c:/arm_tools/arm-gnu-toolchain-12.3.rel1-mingw-w64-i686-arm-none-eabi/bin/../lib/gcc/arm-none-eabi/12.3.1/thumb/v7e-m+fp/hard\libc_nano.a(libc_a-mprec.o)
                0x0800297c                __multiply
 .text.__pow5mult
                0x08002ad0       0xb4 c:/arm_tools/arm-gnu-toolchain-12.3.rel1-mingw-w64-i686-arm-none-eabi/bin/../lib/gcc/arm-none-eabi/12.3.1/thumb/v7e-m+fp/hard\libc_nano.a(libc_a-mprec.o)
                0x08002ad0                __pow5mult
 .text.__lshift
                0x08002b84       0xd8 c:/arm_tools/arm-gnu-toolchain-12.3.rel1-mingw-w64-i686-arm-none-eabi/bin/../lib/gcc/arm-none-eabi/12.3.1/thumb/v7e-m+fp/hard\libc_nano.a(libc_a-mprec.o)
                0x08002b84                __lshift
 .text.__mcmp   0x08002c5c       0x36 c:/arm_tools/arm-gnu-toolchain-12.3.rel1-mingw-w64-i686-arm-none-eabi/bin/../lib/gcc/arm-none-eabi/12.3.1/thumb/v7e-m+fp/hard\libc_nano.a(libc_a-mprec.o)
                0x08002c5c                __mcmp
 *fill*         0x08002c92        0x2 
 .text.__mdiff  0x08002c94      0x128 c:/arm_tools/arm-gnu-toolchain-12.3.rel1-mingw-w64-i686-arm-none-eabi/bin/../lib/gcc/arm-none-eabi/12.3.1/thumb/v7e-m+fp/hard\libc_nano.a(libc_a-mprec.o)
                0x08002c94                __mdiff
 .text.__d2b    0x08002dbc       0xb0 c:/arm_tools/arm-gnu-toolchain-12.3.rel1-mingw-w64-i686-arm-none-eabi/bin/../lib/gcc/arm-none-eabi/12.3.1/thumb/v7e-m+fp/hard\libc_nano.a(libc_a-mprec.o)
                0x08002dbc                __d2b
 .text.__sflush_r
                0x08002e6c      0x108 c:/arm_tools/arm-gnu-toolchain-12.3.rel1-mingw-w64-i686-arm-none-eabi/bin/../lib/gcc/arm-none-eabi/12.3.1/thumb/v7e-m+fp/hard\libc_nano.a(libc_a-fflush.o)
                0x08002e6c                __sflush_r
 .text._fflush_r
                0x08002f74       0x50 c:/arm_tools/arm-gnu-toolchain-12.3.rel1-mingw-w64-i686-arm-none-eabi/bin/../lib/gcc/arm-none-eabi/12.3.1/thumb/v7e-m+fp/hard\libc_nano.a(libc_a-fflush.o)
                0x08002f74                _fflush_r
 .text._sbrk_r  0x08002fc4       0x20 c:/arm_tools/arm-gnu-toolchain-12.3.rel1-mingw-w64-i686-arm-none-eabi/bin/../lib/gcc/arm-none-eabi/12.3.1/thumb/v7e-m+fp/hard\libc_nano.a(libc_a-sbrkr.o)
                0x08002fc4                _sbrk_r
 .text.memcpy   0x08002fe4       0x1c c:/arm_tools/arm-gnu-toolchain-12.3.rel1-mingw-w64-i686-arm-none-eabi/bin/../lib/gcc/arm-none-eabi/12.3.1/thumb/v7e-m+fp/hard\libc_nano.a(libc_a-memcpy-stub.o)
                0x08002fe4                memcpy
 .text.__assert_func
                0x08003000       0x3c c:/arm_tools/arm-gnu-toolchain-12.3.rel1-mingw-w64-i686-arm-none-eabi/bin/../lib/gcc/arm-none-eabi/12.3.1/thumb/v7e-m+fp/hard\libc_nano.a(libc_a-assert.o)
                0x08003000                __assert_func
 .text._calloc_r
                0x0800303c       0x28 c:/arm_tools/arm-gnu-toolchain-12.3.rel1-mingw-w64-i686-arm-none-eabi/bin/../lib/gcc/arm-none-eabi/12.3.1/thumb/v7e-m+fp/hard\libc_nano.a(libc_a-callocr.o)
                0x0800303c                _calloc_r
 .text.__ascii_mbtowc
                0x08003064       0x24 c:/arm_tools/arm-gnu-toolchain-12.3.rel1-mingw-w64-i686-arm-none-eabi/bin/../lib/gcc/arm-none-eabi/12.3.1/thumb/v7e-m+fp/hard\libc_nano.a(libc_a-mbtowc_r.o)
                0x08003064                __ascii_mbtowc
 .text.__ascii_wctomb
                0x08003088       0x1a c:/arm_tools/arm-gnu-toolchain-12.3.rel1-mingw-w64-i686-arm-none-eabi/bin/../lib/gcc/arm-none-eabi/12.3.1/thumb/v7e-m+fp/hard\libc_nano.a(libc_a-wctomb_r.o)
                0x08003088                __ascii_wctomb
 *fill*         0x080030a2        0x2 
 .text.fprintf  0x080030a4       0x24 c:/arm_tools/arm-gnu-toolchain-12.3.rel1-mingw-w64-i686-arm-none-eabi/bin/../lib/gcc/arm-none-eabi/12.3.1/thumb/v7e-m+fp/hard\libc_nano.a(libc_a-fprintf.o)
                0x080030a4                fiprintf
                0x080030a4                fprintf
 .text.abort    0x080030c8        0xe c:/arm_tools/arm-gnu-toolchain-12.3.rel1-mingw-w64-i686-arm-none-eabi/bin/../lib/gcc/arm-none-eabi/12.3.1/thumb/v7e-m+fp/hard\libc_nano.a(libc_a-abort.o)
                0x080030c8                abort
 .text.__sfputc_r
                0x080030d6       0x2e c:/arm_tools/arm-gnu-toolchain-12.3.rel1-mingw-w64-i686-arm-none-eabi/bin/../lib/gcc/arm-none-eabi/12.3.1/thumb/v7e-m+fp/hard\libc_nano.a(libc_a-nano-vfprintf.o)
 .text.__sfputs_r
                0x08003104       0x24 c:/arm_tools/arm-gnu-toolchain-12.3.rel1-mingw-w64-i686-arm-none-eabi/bin/../lib/gcc/arm-none-eabi/12.3.1/thumb/v7e-m+fp/hard\libc_nano.a(libc_a-nano-vfprintf.o)
                0x08003104                __sfputs_r
 .text._vfprintf_r
                0x08003128      0x230 c:/arm_tools/arm-gnu-toolchain-12.3.rel1-mingw-w64-i686-arm-none-eabi/bin/../lib/gcc/arm-none-eabi/12.3.1/thumb/v7e-m+fp/hard\libc_nano.a(libc_a-nano-vfprintf.o)
                0x08003128                _vfprintf_r
                0x08003128                _vfiprintf_r
 .text.__swbuf_r
                0x08003358       0x7c c:/arm_tools/arm-gnu-toolchain-12.3.rel1-mingw-w64-i686-arm-none-eabi/bin/../lib/gcc/arm-none-eabi/12.3.1/thumb/v7e-m+fp/hard\libc_nano.a(libc_a-wbuf.o)
                0x08003358                __swbuf_r
 .text.__swsetup_r
                0x080033d4       0xac c:/arm_tools/arm-gnu-toolchain-12.3.rel1-mingw-w64-i686-arm-none-eabi/bin/../lib/gcc/arm-none-eabi/12.3.1/thumb/v7e-m+fp/hard\libc_nano.a(libc_a-wsetup.o)
                0x080033d4                __swsetup_r
 .text._raise_r
                0x08003480       0x50 c:/arm_tools/arm-gnu-toolchain-12.3.rel1-mingw-w64-i686-arm-none-eabi/bin/../lib/gcc/arm-none-eabi/12.3.1/thumb/v7e-m+fp/hard\libc_nano.a(libc_a-signal.o)
                0x08003480                _raise_r
 .text.raise    0x080034d0       0x10 c:/arm_tools/arm-gnu-toolchain-12.3.rel1-mingw-w64-i686-arm-none-eabi/bin/../lib/gcc/arm-none-eabi/12.3.1/thumb/v7e-m+fp/hard\libc_nano.a(libc_a-signal.o)
                0x080034d0                raise
 .text._kill_r  0x080034e0       0x24 c:/arm_tools/arm-gnu-toolchain-12.3.rel1-mingw-w64-i686-arm-none-eabi/bin/../lib/gcc/arm-none-eabi/12.3.1/thumb/v7e-m+fp/hard\libc_nano.a(libc_a-signalr.o)
                0x080034e0                _kill_r
 .text._getpid_r
                0x08003504        0x4 c:/arm_tools/arm-gnu-toolchain-12.3.rel1-mingw-w64-i686-arm-none-eabi/bin/../lib/gcc/arm-none-eabi/12.3.1/thumb/v7e-m+fp/hard\libc_nano.a(libc_a-signalr.o)
                0x08003504                _getpid_r
 .text.__swhatbuf_r
                0x08003508       0x4c c:/arm_tools/arm-gnu-toolchain-12.3.rel1-mingw-w64-i686-arm-none-eabi/bin/../lib/gcc/arm-none-eabi/12.3.1/thumb/v7e-m+fp/hard\libc_nano.a(libc_a-makebuf.o)
                0x08003508                __swhatbuf_r
 .text.__smakebuf_r
                0x08003554       0x78 c:/arm_tools/arm-gnu-toolchain-12.3.rel1-mingw-w64-i686-arm-none-eabi/bin/../lib/gcc/arm-none-eabi/12.3.1/thumb/v7e-m+fp/hard\libc_nano.a(libc_a-makebuf.o)
                0x08003554                __smakebuf_r
 .text._fstat_r
                0x080035cc       0x24 c:/arm_tools/arm-gnu-toolchain-12.3.rel1-mingw-w64-i686-arm-none-eabi/bin/../lib/gcc/arm-none-eabi/12.3.1/thumb/v7e-m+fp/hard\libc_nano.a(libc_a-fstatr.o)
                0x080035cc                _fstat_r
 .text._isatty_r
                0x080035f0       0x20 c:/arm_tools/arm-gnu-toolchain-12.3.rel1-mingw-w64-i686-arm-none-eabi/bin/../lib/gcc/arm-none-eabi/12.3.1/thumb/v7e-m+fp/hard\libc_nano.a(libc_a-isattyr.o)
                0x080035f0                _isatty_r
 .text.ITM_SendChar
                0x08003610       0x34 CMakeFiles/SysTick_IT.dir/Src/main.c.obj
 .text.main     0x08003644       0x94 CMakeFiles/SysTick_IT.dir/Src/main.c.obj
                0x08003644                main
 .text.__io_putchar
                0x080036d8        0xc CMakeFiles/SysTick_IT.dir/Src/main.c.obj
                0x080036d8                __io_putchar
 .text.tickInc  0x080036e4       0x10 CMakeFiles/SysTick_IT.dir/Src/delay.c.obj
                0x080036e4                tickInc
 .text.getTicks
                0x080036f4        0xc CMakeFiles/SysTick_IT.dir/Src/delay.c.obj
                0x080036f4                getTicks
 .text.SysTick_Handler
                0x08003700       0x18 CMakeFiles/SysTick_IT.dir/Src/stm32f4xx_it.c.obj
                0x08003700                SysTick_Handler
 .text._getpid  0x08003718        0x4 CMakeFiles/SysTick_IT.dir/Src/syscalls.c.obj
                0x08003718                _getpid
 .text._kill    0x0800371c       0x10 CMakeFiles/SysTick_IT.dir/Src/syscalls.c.obj
                0x0800371c                _kill
 .text._exit    0x0800372c        0xc CMakeFiles/SysTick_IT.dir/Src/syscalls.c.obj
                0x0800372c                _exit
 .text._read    0x08003738       0x20 CMakeFiles/SysTick_IT.dir/Src/syscalls.c.obj
                0x08003738                _read
 .text._write   0x08003758       0x1c CMakeFiles/SysTick_IT.dir/Src/syscalls.c.obj
                0x08003758                _write
 .text._close   0x08003774        0x6 CMakeFiles/SysTick_IT.dir/Src/syscalls.c.obj
                0x08003774                _close
 .text._fstat   0x0800377a        0xa CMakeFiles/SysTick_IT.dir/Src/syscalls.c.obj
                0x0800377a                _fstat
 .text._isatty  0x08003784        0x4 CMakeFiles/SysTick_IT.dir/Src/syscalls.c.obj
                0x08003784                _isatty
 .text._lseek   0x08003788        0x4 CMakeFiles/SysTick_IT.dir/Src/syscalls.c.obj
                0x08003788                _lseek
 .text._sbrk    0x0800378c       0x48 CMakeFiles/SysTick_IT.dir/Src/sysmem.c.obj
                0x0800378c                _sbrk
 .text.SystemInit
                0x080037d4       0x14 CMakeFiles/SysTick_IT.dir/Src/system_stm32f4xx.c.obj
                0x080037d4                SystemInit
 .text.Reset_Handler
                0x080037e8       0x50 CMakeFiles/SysTick_IT.dir/Startup/startup_stm32f407vgtx.s.obj
                0x080037e8                Reset_Handler
 .text.Default_Handler
                0x08003838        0x2 CMakeFiles/SysTick_IT.dir/Startup/startup_stm32f407vgtx.s.obj
                0x08003838                RTC_Alarm_IRQHandler
                0x08003838                HASH_RNG_IRQHandler
                0x08003838                EXTI2_IRQHandler
                0x08003838                TIM8_CC_IRQHandler
                0x08003838                DebugMon_Handler
                0x08003838                TIM1_CC_IRQHandler
                0x08003838                DMA2_Stream5_IRQHandler
                0x08003838                HardFault_Handler
                0x08003838                DMA1_Stream5_IRQHandler
                0x08003838                PVD_IRQHandler
                0x08003838                SDIO_IRQHandler
                0x08003838                TAMP_STAMP_IRQHandler
                0x08003838                PendSV_Handler
                0x08003838                NMI_Handler
                0x08003838                CAN2_RX1_IRQHandler
                0x08003838                EXTI3_IRQHandler
                0x08003838                TIM8_TRG_COM_TIM14_IRQHandler
                0x08003838                TIM1_UP_TIM10_IRQHandler
                0x08003838                TIM8_UP_TIM13_IRQHandler
                0x08003838                I2C3_ER_IRQHandler
                0x08003838                LCD_TFT_IRQHandler
                0x08003838                EXTI0_IRQHandler
                0x08003838                I2C2_EV_IRQHandler
                0x08003838                DMA1_Stream2_IRQHandler
                0x08003838                CAN1_RX0_IRQHandler
                0x08003838                FPU_IRQHandler
                0x08003838                OTG_HS_WKUP_IRQHandler
                0x08003838                UsageFault_Handler
                0x08003838                CAN2_SCE_IRQHandler
                0x08003838                DMA2_Stream2_IRQHandler
                0x08003838                SPI1_IRQHandler
                0x08003838                TIM6_DAC_IRQHandler
                0x08003838                TIM1_BRK_TIM9_IRQHandler
                0x08003838                DCMI_IRQHandler
                0x08003838                CAN2_RX0_IRQHandler
                0x08003838                DMA2_Stream3_IRQHandler
                0x08003838                USART6_IRQHandler
                0x08003838                USART3_IRQHandler
                0x08003838                CRYP_IRQHandler
                0x08003838                CAN1_RX1_IRQHandler
                0x08003838                UART5_IRQHandler
                0x08003838                DMA2_Stream0_IRQHandler
                0x08003838                TIM4_IRQHandler
                0x08003838                I2C1_EV_IRQHandler
                0x08003838                DMA1_Stream6_IRQHandler
                0x08003838                DMA1_Stream1_IRQHandler
                0x08003838                UART4_IRQHandler
                0x08003838                LCD_TFT_1_IRQHandler
                0x08003838                TIM3_IRQHandler
                0x08003838                RCC_IRQHandler
                0x08003838                TIM8_BRK_TIM12_IRQHandler
                0x08003838                Default_Handler
                0x08003838                EXTI15_10_IRQHandler
                0x08003838                ADC_IRQHandler
                0x08003838                DMA1_Stream7_IRQHandler
                0x08003838                TIM7_IRQHandler
                0x08003838                CAN2_TX_IRQHandler
                0x08003838                TIM5_IRQHandler
                0x08003838                DMA2_Stream7_IRQHandler
                0x08003838                I2C3_EV_IRQHandler
                0x08003838                EXTI9_5_IRQHandler
                0x08003838                RTC_WKUP_IRQHandler
                0x08003838                ETH_WKUP_IRQHandler
                0x08003838                SPI2_IRQHandler
                0x08003838                OTG_HS_EP1_IN_IRQHandler
                0x08003838                MemManage_Handler
                0x08003838                DMA1_Stream0_IRQHandler
                0x08003838                CAN1_TX_IRQHandler
                0x08003838                SVC_Handler
                0x08003838                EXTI4_IRQHandler
                0x08003838                FSMC_IRQHandler
                0x08003838                ETH_IRQHandler
                0x08003838                OTG_HS_EP1_OUT_IRQHandler
                0x08003838                WWDG_IRQHandler
                0x08003838                TIM2_IRQHandler
                0x08003838                OTG_FS_WKUP_IRQHandler
                0x08003838                TIM1_TRG_COM_TIM11_IRQHandler
                0x08003838                OTG_HS_IRQHandler
                0x08003838                EXTI1_IRQHandler
                0x08003838                USART2_IRQHandler
                0x08003838                I2C2_ER_IRQHandler
                0x08003838                DMA2_Stream1_IRQHandler
                0x08003838                CAN1_SCE_IRQHandler
                0x08003838                DMA2_Stream4_IRQHandler
                0x08003838                BusFault_Handler
                0x08003838                USART1_IRQHandler
                0x08003838                OTG_FS_IRQHandler
                0x08003838                SPI3_IRQHandler
                0x08003838                DMA1_Stream4_IRQHandler
                0x08003838                I2C1_ER_IRQHandler
                0x08003838                DMA2_Stream6_IRQHandler
                0x08003838                DMA1_Stream3_IRQHandler
 *fill*         0x0800383a        0x2 
 .text.__errno  0x0800383c        0xc c:/arm_tools/arm-gnu-toolchain-12.3.rel1-mingw-w64-i686-arm-none-eabi/bin/../lib/gcc/arm-none-eabi/12.3.1/thumb/v7e-m+fp/hard\libg_nano.a(libc_a-errno.o)
                0x0800383c                __errno
 *(.glue_7)
 .glue_7        0x08003848        0x0 linker stubs
 *(.glue_7t)
 .glue_7t       0x08003848        0x0 linker stubs
 *(.eh_frame)
 .eh_frame      0x08003848        0x0 c:/arm_tools/arm-gnu-toolchain-12.3.rel1-mingw-w64-i686-arm-none-eabi/bin/../lib/gcc/arm-none-eabi/12.3.1/thumb/v7e-m+fp/hard/crtbegin.o
 *(.init)
 .init          0x08003848        0x4 c:/arm_tools/arm-gnu-toolchain-12.3.rel1-mingw-w64-i686-arm-none-eabi/bin/../lib/gcc/arm-none-eabi/12.3.1/thumb/v7e-m+fp/hard/crti.o
                0x08003848                _init
 .init          0x0800384c        0x8 c:/arm_tools/arm-gnu-toolchain-12.3.rel1-mingw-w64-i686-arm-none-eabi/bin/../lib/gcc/arm-none-eabi/12.3.1/thumb/v7e-m+fp/hard/crtn.o
 *(.fini)
 .fini          0x08003854        0x4 c:/arm_tools/arm-gnu-toolchain-12.3.rel1-mingw-w64-i686-arm-none-eabi/bin/../lib/gcc/arm-none-eabi/12.3.1/thumb/v7e-m+fp/hard/crti.o
                0x08003854                _fini
 .fini          0x08003858        0x8 c:/arm_tools/arm-gnu-toolchain-12.3.rel1-mingw-w64-i686-arm-none-eabi/bin/../lib/gcc/arm-none-eabi/12.3.1/thumb/v7e-m+fp/hard/crtn.o
                0x08003860                        . = ALIGN (0x4)
                0x08003860                        _etext = .

.vfp11_veneer   0x08003860        0x0
 .vfp11_veneer  0x08003860        0x0 linker stubs

.v4_bx          0x08003860        0x0
 .v4_bx         0x08003860        0x0 linker stubs

.iplt           0x08003860        0x0
 .iplt          0x08003860        0x0 c:/arm_tools/arm-gnu-toolchain-12.3.rel1-mingw-w64-i686-arm-none-eabi/bin/../lib/gcc/arm-none-eabi/12.3.1/thumb/v7e-m+fp/hard/crtbegin.o

.rodata         0x08003860      0x370
                0x08003860                        . = ALIGN (0x4)
 *(.rodata)
 *(.rodata*)
 .rodata._printf_float.str1.1
                0x08003860       0x12 c:/arm_tools/arm-gnu-toolchain-12.3.rel1-mingw-w64-i686-arm-none-eabi/bin/../lib/gcc/arm-none-eabi/12.3.1/thumb/v7e-m+fp/hard\libc_nano.a(libc_a-nano-vfprintf_float.o)
 .rodata._printf_i.str1.1
                0x08003872       0x22 c:/arm_tools/arm-gnu-toolchain-12.3.rel1-mingw-w64-i686-arm-none-eabi/bin/../lib/gcc/arm-none-eabi/12.3.1/thumb/v7e-m+fp/hard\libc_nano.a(libc_a-nano-vfprintf_i.o)
 .rodata._dtoa_r.str1.1
                0x08003894       0x8e c:/arm_tools/arm-gnu-toolchain-12.3.rel1-mingw-w64-i686-arm-none-eabi/bin/../lib/gcc/arm-none-eabi/12.3.1/thumb/v7e-m+fp/hard\libc_nano.a(libc_a-dtoa.o)
                                 0x90 (size before relaxing)
 .rodata._Balloc.str1.1
                0x08003922       0x5a c:/arm_tools/arm-gnu-toolchain-12.3.rel1-mingw-w64-i686-arm-none-eabi/bin/../lib/gcc/arm-none-eabi/12.3.1/thumb/v7e-m+fp/hard\libc_nano.a(libc_a-mprec.o)
                                 0x71 (size before relaxing)
 .rodata.__multadd.str1.1
                0x0800397c       0x11 c:/arm_tools/arm-gnu-toolchain-12.3.rel1-mingw-w64-i686-arm-none-eabi/bin/../lib/gcc/arm-none-eabi/12.3.1/thumb/v7e-m+fp/hard\libc_nano.a(libc_a-mprec.o)
 .rodata.p05.0  0x0800397c        0xc c:/arm_tools/arm-gnu-toolchain-12.3.rel1-mingw-w64-i686-arm-none-eabi/bin/../lib/gcc/arm-none-eabi/12.3.1/thumb/v7e-m+fp/hard\libc_nano.a(libc_a-mprec.o)
 .rodata.__mprec_bigtens
                0x08003988       0x28 c:/arm_tools/arm-gnu-toolchain-12.3.rel1-mingw-w64-i686-arm-none-eabi/bin/../lib/gcc/arm-none-eabi/12.3.1/thumb/v7e-m+fp/hard\libc_nano.a(libc_a-mprec.o)
                0x08003988                __mprec_bigtens
 .rodata.__mprec_tens
                0x080039b0       0xc8 c:/arm_tools/arm-gnu-toolchain-12.3.rel1-mingw-w64-i686-arm-none-eabi/bin/../lib/gcc/arm-none-eabi/12.3.1/thumb/v7e-m+fp/hard\libc_nano.a(libc_a-mprec.o)
                0x080039b0                __mprec_tens
 .rodata._setlocale_r.str1.1
                0x08003a78        0x8 c:/arm_tools/arm-gnu-toolchain-12.3.rel1-mingw-w64-i686-arm-none-eabi/bin/../lib/gcc/arm-none-eabi/12.3.1/thumb/v7e-m+fp/hard\libc_nano.a(libc_a-locale.o)
                                  0x9 (size before relaxing)
 .rodata.str1.1
                0x08003a80        0x2 c:/arm_tools/arm-gnu-toolchain-12.3.rel1-mingw-w64-i686-arm-none-eabi/bin/../lib/gcc/arm-none-eabi/12.3.1/thumb/v7e-m+fp/hard\libc_nano.a(libc_a-locale.o)
 .rodata.__assert_func.str1.1
                0x08003a82       0x3c c:/arm_tools/arm-gnu-toolchain-12.3.rel1-mingw-w64-i686-arm-none-eabi/bin/../lib/gcc/arm-none-eabi/12.3.1/thumb/v7e-m+fp/hard\libc_nano.a(libc_a-assert.o)
                                 0x3d (size before relaxing)
 .rodata._ctype_
                0x08003abe      0x101 c:/arm_tools/arm-gnu-toolchain-12.3.rel1-mingw-w64-i686-arm-none-eabi/bin/../lib/gcc/arm-none-eabi/12.3.1/thumb/v7e-m+fp/hard\libc_nano.a(libc_a-ctype_.o)
                0x08003abe                _ctype_
 .rodata._vfprintf_r.str1.1
                0x08003bbf       0x11 c:/arm_tools/arm-gnu-toolchain-12.3.rel1-mingw-w64-i686-arm-none-eabi/bin/../lib/gcc/arm-none-eabi/12.3.1/thumb/v7e-m+fp/hard\libc_nano.a(libc_a-nano-vfprintf.o)
                0x08003bd0                        . = ALIGN (0x4)

.ARM.extab      0x08003bd0        0x0
                0x08003bd0                        . = ALIGN (0x4)
 *(.ARM.extab* .gnu.linkonce.armextab.*)
                0x08003bd0                        . = ALIGN (0x4)

.ARM            0x08003bd0        0x8
                0x08003bd0                        . = ALIGN (0x4)
                0x08003bd0                        __exidx_start = .
 *(.ARM.exidx*)
 .ARM.exidx     0x08003bd0        0x8 c:/arm_tools/arm-gnu-toolchain-12.3.rel1-mingw-w64-i686-arm-none-eabi/bin/../lib/gcc/arm-none-eabi/12.3.1/thumb/v7e-m+fp/hard\libc_nano.a(libc_a-memchr.o)
 .ARM.exidx     0x08003bd8        0x0 c:/arm_tools/arm-gnu-toolchain-12.3.rel1-mingw-w64-i686-arm-none-eabi/bin/../lib/gcc/arm-none-eabi/12.3.1/thumb/v7e-m+fp/hard\libc_nano.a(libc_a-strlen.o)
                                  0x8 (size before relaxing)
                0x08003bd8                        __exidx_end = .
                0x08003bd8                        . = ALIGN (0x4)

.rel.dyn        0x08003bd8        0x0
 .rel.iplt      0x08003bd8        0x0 c:/arm_tools/arm-gnu-toolchain-12.3.rel1-mingw-w64-i686-arm-none-eabi/bin/../lib/gcc/arm-none-eabi/12.3.1/thumb/v7e-m+fp/hard/crtbegin.o

.preinit_array  0x08003bd8        0x0
                0x08003bd8                        . = ALIGN (0x4)
                0x08003bd8                        PROVIDE (__preinit_array_start = .)
 *(.preinit_array*)
                0x08003bd8                        PROVIDE (__preinit_array_end = .)
                0x08003bd8                        . = ALIGN (0x4)

.init_array     0x08003bd8        0x4
                0x08003bd8                        . = ALIGN (0x4)
                0x08003bd8                        PROVIDE (__init_array_start = .)
 *(SORT_BY_NAME(.init_array.*))
 *(.init_array*)
 .init_array    0x08003bd8        0x4 c:/arm_tools/arm-gnu-toolchain-12.3.rel1-mingw-w64-i686-arm-none-eabi/bin/../lib/gcc/arm-none-eabi/12.3.1/thumb/v7e-m+fp/hard/crtbegin.o
                0x08003bdc                        PROVIDE (__init_array_end = .)
                0x08003bdc                        . = ALIGN (0x4)

.fini_array     0x08003bdc        0x4
                0x08003bdc                        . = ALIGN (0x4)
                [!provide]                        PROVIDE (__fini_array_start = .)
 *(SORT_BY_NAME(.fini_array.*))
 *(.fini_array*)
 .fini_array    0x08003bdc        0x4 c:/arm_tools/arm-gnu-toolchain-12.3.rel1-mingw-w64-i686-arm-none-eabi/bin/../lib/gcc/arm-none-eabi/12.3.1/thumb/v7e-m+fp/hard/crtbegin.o
                [!provide]                        PROVIDE (__fini_array_end = .)
                0x08003be0                        . = ALIGN (0x4)
                0x08003be0                        _sidata = LOADADDR (.data)

.data           0x20000000      0x1c8 load address 0x08003be0
                0x20000000                        . = ALIGN (0x4)
                0x20000000                        _sdata = .
 *(.data)
 *(.data*)
 .data.__sglue  0x20000000        0xc c:/arm_tools/arm-gnu-toolchain-12.3.rel1-mingw-w64-i686-arm-none-eabi/bin/../lib/gcc/arm-none-eabi/12.3.1/thumb/v7e-m+fp/hard\libc_nano.a(libc_a-findfp.o)
                0x20000000                __sglue
 .data._impure_ptr
                0x2000000c        0x4 c:/arm_tools/arm-gnu-toolchain-12.3.rel1-mingw-w64-i686-arm-none-eabi/bin/../lib/gcc/arm-none-eabi/12.3.1/thumb/v7e-m+fp/hard\libc_nano.a(libc_a-impure.o)
                0x2000000c                _impure_ptr
 .data._impure_data
                0x20000010       0x4c c:/arm_tools/arm-gnu-toolchain-12.3.rel1-mingw-w64-i686-arm-none-eabi/bin/../lib/gcc/arm-none-eabi/12.3.1/thumb/v7e-m+fp/hard\libc_nano.a(libc_a-impure.o)
                0x20000010                _impure_data
 .data.__global_locale
                0x2000005c      0x16c c:/arm_tools/arm-gnu-toolchain-12.3.rel1-mingw-w64-i686-arm-none-eabi/bin/../lib/gcc/arm-none-eabi/12.3.1/thumb/v7e-m+fp/hard\libc_nano.a(libc_a-locale.o)
                0x2000005c                __global_locale
 *(.RamFunc)
 *(.RamFunc*)
                0x200001c8                        . = ALIGN (0x4)
                0x200001c8                        _edata = .
                0x08003da8                        _siccmram = LOADADDR (.ccmram)

.tm_clone_table
                0x200001c8        0x0 load address 0x08003da8
 .tm_clone_table
                0x200001c8        0x0 c:/arm_tools/arm-gnu-toolchain-12.3.rel1-mingw-w64-i686-arm-none-eabi/bin/../lib/gcc/arm-none-eabi/12.3.1/thumb/v7e-m+fp/hard/crtbegin.o
 .tm_clone_table
                0x200001c8        0x0 c:/arm_tools/arm-gnu-toolchain-12.3.rel1-mingw-w64-i686-arm-none-eabi/bin/../lib/gcc/arm-none-eabi/12.3.1/thumb/v7e-m+fp/hard/crtend.o

.igot.plt       0x200001c8        0x0 load address 0x08003da8
 .igot.plt      0x200001c8        0x0 c:/arm_tools/arm-gnu-toolchain-12.3.rel1-mingw-w64-i686-arm-none-eabi/bin/../lib/gcc/arm-none-eabi/12.3.1/thumb/v7e-m+fp/hard/crtbegin.o

.ccmram         0x10000000        0x0 load address 0x08003da8
                0x10000000                        . = ALIGN (0x4)
                0x10000000                        _sccmram = .
 *(.ccmram)
 *(.ccmram*)
                0x10000000                        . = ALIGN (0x4)
                0x10000000                        _eccmram = .
                0x10000000                        . = ALIGN (0x4)

.bss            0x200001c8      0x170
                0x200001c8                        _sbss = .
                0x200001c8                        __bss_start__ = _sbss
 *(.bss)
 *(.bss*)
 .bss.completed.1
                0x200001c8        0x1 c:/arm_tools/arm-gnu-toolchain-12.3.rel1-mingw-w64-i686-arm-none-eabi/bin/../lib/gcc/arm-none-eabi/12.3.1/thumb/v7e-m+fp/hard/crtbegin.o
 *fill*         0x200001c9        0x3 
 .bss.object.0  0x200001cc       0x18 c:/arm_tools/arm-gnu-toolchain-12.3.rel1-mingw-w64-i686-arm-none-eabi/bin/../lib/gcc/arm-none-eabi/12.3.1/thumb/v7e-m+fp/hard/crtbegin.o
 .bss.__sf      0x200001e4      0x138 c:/arm_tools/arm-gnu-toolchain-12.3.rel1-mingw-w64-i686-arm-none-eabi/bin/../lib/gcc/arm-none-eabi/12.3.1/thumb/v7e-m+fp/hard\libc_nano.a(libc_a-findfp.o)
                0x200001e4                __sf
 .bss.__stdio_exit_handler
                0x2000031c        0x4 c:/arm_tools/arm-gnu-toolchain-12.3.rel1-mingw-w64-i686-arm-none-eabi/bin/../lib/gcc/arm-none-eabi/12.3.1/thumb/v7e-m+fp/hard\libc_nano.a(libc_a-findfp.o)
                0x2000031c                __stdio_exit_handler
 .bss.errno     0x20000320        0x4 c:/arm_tools/arm-gnu-toolchain-12.3.rel1-mingw-w64-i686-arm-none-eabi/bin/../lib/gcc/arm-none-eabi/12.3.1/thumb/v7e-m+fp/hard\libc_nano.a(libc_a-reent.o)
                0x20000320                errno
 .bss.__lock___malloc_recursive_mutex
                0x20000324        0x1 c:/arm_tools/arm-gnu-toolchain-12.3.rel1-mingw-w64-i686-arm-none-eabi/bin/../lib/gcc/arm-none-eabi/12.3.1/thumb/v7e-m+fp/hard\libc_nano.a(libc_a-lock.o)
                0x20000324                __lock___malloc_recursive_mutex
 .bss.__lock___sfp_recursive_mutex
                0x20000325        0x1 c:/arm_tools/arm-gnu-toolchain-12.3.rel1-mingw-w64-i686-arm-none-eabi/bin/../lib/gcc/arm-none-eabi/12.3.1/thumb/v7e-m+fp/hard\libc_nano.a(libc_a-lock.o)
                0x20000325                __lock___sfp_recursive_mutex
 *fill*         0x20000326        0x2 
 .bss.__malloc_sbrk_start
                0x20000328        0x4 c:/arm_tools/arm-gnu-toolchain-12.3.rel1-mingw-w64-i686-arm-none-eabi/bin/../lib/gcc/arm-none-eabi/12.3.1/thumb/v7e-m+fp/hard\libc_nano.a(libc_a-mallocr.o)
                0x20000328                __malloc_sbrk_start
 .bss.__malloc_free_list
                0x2000032c        0x4 c:/arm_tools/arm-gnu-toolchain-12.3.rel1-mingw-w64-i686-arm-none-eabi/bin/../lib/gcc/arm-none-eabi/12.3.1/thumb/v7e-m+fp/hard\libc_nano.a(libc_a-mallocr.o)
                0x2000032c                __malloc_free_list
 .bss.ticks     0x20000330        0x4 CMakeFiles/SysTick_IT.dir/Src/delay.c.obj
                0x20000330                ticks
 .bss.__sbrk_heap_end
                0x20000334        0x4 CMakeFiles/SysTick_IT.dir/Src/sysmem.c.obj
 *(COMMON)
                0x20000338                        . = ALIGN (0x4)
                0x20000338                        _ebss = .
                0x20000338                        __bss_end__ = _ebss

._user_heap_stack
                0x20000338      0x600
                0x20000338                        . = ALIGN (0x8)
                [!provide]                        PROVIDE (end = .)
                0x20000338                        PROVIDE (_end = .)
                0x20000538                        . = (. + _Min_Heap_Size)
 *fill*         0x20000338      0x200 
                0x20000938                        . = (. + _Min_Stack_Size)
 *fill*         0x20000538      0x400 
                0x20000938                        . = ALIGN (0x8)

/DISCARD/
 libc.a(*)
 libm.a(*)
 libgcc.a(*)

.ARM.attributes
                0x00000000       0x30
 *(.ARM.attributes)
 .ARM.attributes
                0x00000000       0x22 c:/arm_tools/arm-gnu-toolchain-12.3.rel1-mingw-w64-i686-arm-none-eabi/bin/../lib/gcc/arm-none-eabi/12.3.1/thumb/v7e-m+fp/hard/crti.o
 .ARM.attributes
                0x00000022       0x34 c:/arm_tools/arm-gnu-toolchain-12.3.rel1-mingw-w64-i686-arm-none-eabi/bin/../lib/gcc/arm-none-eabi/12.3.1/thumb/v7e-m+fp/hard/crtbegin.o
 .ARM.attributes
                0x00000056       0x34 c:/arm_tools/arm-gnu-toolchain-12.3.rel1-mingw-w64-i686-arm-none-eabi/bin/../lib/gcc/arm-none-eabi/12.3.1/thumb/v7e-m+fp/hard\libc_nano.a(libc_a-nano-vfprintf_float.o)
 .ARM.attributes
                0x0000008a       0x34 c:/arm_tools/arm-gnu-toolchain-12.3.rel1-mingw-w64-i686-arm-none-eabi/bin/../lib/gcc/arm-none-eabi/12.3.1/thumb/v7e-m+fp/hard\libc_nano.a(libc_a-nano-vfprintf_i.o)
 .ARM.attributes
                0x000000be       0x34 c:/arm_tools/arm-gnu-toolchain-12.3.rel1-mingw-w64-i686-arm-none-eabi/bin/../lib/gcc/arm-none-eabi/12.3.1/thumb/v7e-m+fp/hard\libc_nano.a(libc_a-findfp.o)
 .ARM.attributes
                0x000000f2       0x34 c:/arm_tools/arm-gnu-toolchain-12.3.rel1-mingw-w64-i686-arm-none-eabi/bin/../lib/gcc/arm-none-eabi/12.3.1/thumb/v7e-m+fp/hard\libc_nano.a(libc_a-fwalk.o)
 .ARM.attributes
                0x00000126       0x34 c:/arm_tools/arm-gnu-toolchain-12.3.rel1-mingw-w64-i686-arm-none-eabi/bin/../lib/gcc/arm-none-eabi/12.3.1/thumb/v7e-m+fp/hard\libc_nano.a(libc_a-stdio.o)
 .ARM.attributes
                0x0000015a       0x34 c:/arm_tools/arm-gnu-toolchain-12.3.rel1-mingw-w64-i686-arm-none-eabi/bin/../lib/gcc/arm-none-eabi/12.3.1/thumb/v7e-m+fp/hard\libc_nano.a(libc_a-memset.o)
 .ARM.attributes
                0x0000018e       0x34 c:/arm_tools/arm-gnu-toolchain-12.3.rel1-mingw-w64-i686-arm-none-eabi/bin/../lib/gcc/arm-none-eabi/12.3.1/thumb/v7e-m+fp/hard\libc_nano.a(libc_a-localeconv.o)
 .ARM.attributes
                0x000001c2       0x34 c:/arm_tools/arm-gnu-toolchain-12.3.rel1-mingw-w64-i686-arm-none-eabi/bin/../lib/gcc/arm-none-eabi/12.3.1/thumb/v7e-m+fp/hard\libc_nano.a(libc_a-closer.o)
 .ARM.attributes
                0x000001f6       0x34 c:/arm_tools/arm-gnu-toolchain-12.3.rel1-mingw-w64-i686-arm-none-eabi/bin/../lib/gcc/arm-none-eabi/12.3.1/thumb/v7e-m+fp/hard\libc_nano.a(libc_a-reent.o)
 .ARM.attributes
                0x0000022a       0x34 c:/arm_tools/arm-gnu-toolchain-12.3.rel1-mingw-w64-i686-arm-none-eabi/bin/../lib/gcc/arm-none-eabi/12.3.1/thumb/v7e-m+fp/hard\libc_nano.a(libc_a-impure.o)
 .ARM.attributes
                0x0000025e       0x34 c:/arm_tools/arm-gnu-toolchain-12.3.rel1-mingw-w64-i686-arm-none-eabi/bin/../lib/gcc/arm-none-eabi/12.3.1/thumb/v7e-m+fp/hard\libc_nano.a(libc_a-lseekr.o)
 .ARM.attributes
                0x00000292       0x34 c:/arm_tools/arm-gnu-toolchain-12.3.rel1-mingw-w64-i686-arm-none-eabi/bin/../lib/gcc/arm-none-eabi/12.3.1/thumb/v7e-m+fp/hard\libc_nano.a(libc_a-readr.o)
 .ARM.attributes
                0x000002c6       0x34 c:/arm_tools/arm-gnu-toolchain-12.3.rel1-mingw-w64-i686-arm-none-eabi/bin/../lib/gcc/arm-none-eabi/12.3.1/thumb/v7e-m+fp/hard\libc_nano.a(libc_a-writer.o)
 .ARM.attributes
                0x000002fa       0x34 c:/arm_tools/arm-gnu-toolchain-12.3.rel1-mingw-w64-i686-arm-none-eabi/bin/../lib/gcc/arm-none-eabi/12.3.1/thumb/v7e-m+fp/hard\libc_nano.a(libc_a-init.o)
 .ARM.attributes
                0x0000032e       0x34 c:/arm_tools/arm-gnu-toolchain-12.3.rel1-mingw-w64-i686-arm-none-eabi/bin/../lib/gcc/arm-none-eabi/12.3.1/thumb/v7e-m+fp/hard\libc_nano.a(libc_a-lock.o)
 .ARM.attributes
                0x00000362       0x1c c:/arm_tools/arm-gnu-toolchain-12.3.rel1-mingw-w64-i686-arm-none-eabi/bin/../lib/gcc/arm-none-eabi/12.3.1/thumb/v7e-m+fp/hard\libc_nano.a(libc_a-memchr.o)
 .ARM.attributes
                0x0000037e       0x17 c:/arm_tools/arm-gnu-toolchain-12.3.rel1-mingw-w64-i686-arm-none-eabi/bin/../lib/gcc/arm-none-eabi/12.3.1/thumb/v7e-m+fp/hard\libc_nano.a(libc_a-strlen.o)
 .ARM.attributes
                0x00000395       0x34 c:/arm_tools/arm-gnu-toolchain-12.3.rel1-mingw-w64-i686-arm-none-eabi/bin/../lib/gcc/arm-none-eabi/12.3.1/thumb/v7e-m+fp/hard\libc_nano.a(libc_a-dtoa.o)
 .ARM.attributes
                0x000003c9       0x34 c:/arm_tools/arm-gnu-toolchain-12.3.rel1-mingw-w64-i686-arm-none-eabi/bin/../lib/gcc/arm-none-eabi/12.3.1/thumb/v7e-m+fp/hard\libc_nano.a(libc_a-freer.o)
 .ARM.attributes
                0x000003fd       0x34 c:/arm_tools/arm-gnu-toolchain-12.3.rel1-mingw-w64-i686-arm-none-eabi/bin/../lib/gcc/arm-none-eabi/12.3.1/thumb/v7e-m+fp/hard\libc_nano.a(libc_a-malloc.o)
 .ARM.attributes
                0x00000431       0x34 c:/arm_tools/arm-gnu-toolchain-12.3.rel1-mingw-w64-i686-arm-none-eabi/bin/../lib/gcc/arm-none-eabi/12.3.1/thumb/v7e-m+fp/hard\libc_nano.a(libc_a-mallocr.o)
 .ARM.attributes
                0x00000465       0x34 c:/arm_tools/arm-gnu-toolchain-12.3.rel1-mingw-w64-i686-arm-none-eabi/bin/../lib/gcc/arm-none-eabi/12.3.1/thumb/v7e-m+fp/hard\libc_nano.a(libc_a-mlock.o)
 .ARM.attributes
                0x00000499       0x34 c:/arm_tools/arm-gnu-toolchain-12.3.rel1-mingw-w64-i686-arm-none-eabi/bin/../lib/gcc/arm-none-eabi/12.3.1/thumb/v7e-m+fp/hard\libc_nano.a(libc_a-mprec.o)
 .ARM.attributes
                0x000004cd       0x34 c:/arm_tools/arm-gnu-toolchain-12.3.rel1-mingw-w64-i686-arm-none-eabi/bin/../lib/gcc/arm-none-eabi/12.3.1/thumb/v7e-m+fp/hard\libc_nano.a(libc_a-fflush.o)
 .ARM.attributes
                0x00000501       0x34 c:/arm_tools/arm-gnu-toolchain-12.3.rel1-mingw-w64-i686-arm-none-eabi/bin/../lib/gcc/arm-none-eabi/12.3.1/thumb/v7e-m+fp/hard\libc_nano.a(libc_a-locale.o)
 .ARM.attributes
                0x00000535       0x34 c:/arm_tools/arm-gnu-toolchain-12.3.rel1-mingw-w64-i686-arm-none-eabi/bin/../lib/gcc/arm-none-eabi/12.3.1/thumb/v7e-m+fp/hard\libc_nano.a(libc_a-sbrkr.o)
 .ARM.attributes
                0x00000569       0x34 c:/arm_tools/arm-gnu-toolchain-12.3.rel1-mingw-w64-i686-arm-none-eabi/bin/../lib/gcc/arm-none-eabi/12.3.1/thumb/v7e-m+fp/hard\libc_nano.a(libc_a-memcpy-stub.o)
 .ARM.attributes
                0x0000059d       0x34 c:/arm_tools/arm-gnu-toolchain-12.3.rel1-mingw-w64-i686-arm-none-eabi/bin/../lib/gcc/arm-none-eabi/12.3.1/thumb/v7e-m+fp/hard\libc_nano.a(libc_a-assert.o)
 .ARM.attributes
                0x000005d1       0x34 c:/arm_tools/arm-gnu-toolchain-12.3.rel1-mingw-w64-i686-arm-none-eabi/bin/../lib/gcc/arm-none-eabi/12.3.1/thumb/v7e-m+fp/hard\libc_nano.a(libc_a-callocr.o)
 .ARM.attributes
                0x00000605       0x34 c:/arm_tools/arm-gnu-toolchain-12.3.rel1-mingw-w64-i686-arm-none-eabi/bin/../lib/gcc/arm-none-eabi/12.3.1/thumb/v7e-m+fp/hard\libc_nano.a(libc_a-mbtowc_r.o)
 .ARM.attributes
                0x00000639       0x34 c:/arm_tools/arm-gnu-toolchain-12.3.rel1-mingw-w64-i686-arm-none-eabi/bin/../lib/gcc/arm-none-eabi/12.3.1/thumb/v7e-m+fp/hard\libc_nano.a(libc_a-wctomb_r.o)
 .ARM.attributes
                0x0000066d       0x34 c:/arm_tools/arm-gnu-toolchain-12.3.rel1-mingw-w64-i686-arm-none-eabi/bin/../lib/gcc/arm-none-eabi/12.3.1/thumb/v7e-m+fp/hard\libc_nano.a(libc_a-ctype_.o)
 .ARM.attributes
                0x000006a1       0x34 c:/arm_tools/arm-gnu-toolchain-12.3.rel1-mingw-w64-i686-arm-none-eabi/bin/../lib/gcc/arm-none-eabi/12.3.1/thumb/v7e-m+fp/hard\libc_nano.a(libc_a-fprintf.o)
 .ARM.attributes
                0x000006d5       0x34 c:/arm_tools/arm-gnu-toolchain-12.3.rel1-mingw-w64-i686-arm-none-eabi/bin/../lib/gcc/arm-none-eabi/12.3.1/thumb/v7e-m+fp/hard\libc_nano.a(libc_a-abort.o)
 .ARM.attributes
                0x00000709       0x34 c:/arm_tools/arm-gnu-toolchain-12.3.rel1-mingw-w64-i686-arm-none-eabi/bin/../lib/gcc/arm-none-eabi/12.3.1/thumb/v7e-m+fp/hard\libc_nano.a(libc_a-nano-vfprintf.o)
 .ARM.attributes
                0x0000073d       0x34 c:/arm_tools/arm-gnu-toolchain-12.3.rel1-mingw-w64-i686-arm-none-eabi/bin/../lib/gcc/arm-none-eabi/12.3.1/thumb/v7e-m+fp/hard\libc_nano.a(libc_a-wbuf.o)
 .ARM.attributes
                0x00000771       0x34 c:/arm_tools/arm-gnu-toolchain-12.3.rel1-mingw-w64-i686-arm-none-eabi/bin/../lib/gcc/arm-none-eabi/12.3.1/thumb/v7e-m+fp/hard\libc_nano.a(libc_a-wsetup.o)
 .ARM.attributes
                0x000007a5       0x34 c:/arm_tools/arm-gnu-toolchain-12.3.rel1-mingw-w64-i686-arm-none-eabi/bin/../lib/gcc/arm-none-eabi/12.3.1/thumb/v7e-m+fp/hard\libc_nano.a(libc_a-signal.o)
 .ARM.attributes
                0x000007d9       0x34 c:/arm_tools/arm-gnu-toolchain-12.3.rel1-mingw-w64-i686-arm-none-eabi/bin/../lib/gcc/arm-none-eabi/12.3.1/thumb/v7e-m+fp/hard\libc_nano.a(libc_a-signalr.o)
 .ARM.attributes
                0x0000080d       0x34 c:/arm_tools/arm-gnu-toolchain-12.3.rel1-mingw-w64-i686-arm-none-eabi/bin/../lib/gcc/arm-none-eabi/12.3.1/thumb/v7e-m+fp/hard\libc_nano.a(libc_a-makebuf.o)
 .ARM.attributes
                0x00000841       0x34 c:/arm_tools/arm-gnu-toolchain-12.3.rel1-mingw-w64-i686-arm-none-eabi/bin/../lib/gcc/arm-none-eabi/12.3.1/thumb/v7e-m+fp/hard\libc_nano.a(libc_a-fstatr.o)
 .ARM.attributes
                0x00000875       0x34 c:/arm_tools/arm-gnu-toolchain-12.3.rel1-mingw-w64-i686-arm-none-eabi/bin/../lib/gcc/arm-none-eabi/12.3.1/thumb/v7e-m+fp/hard\libc_nano.a(libc_a-isattyr.o)
 .ARM.attributes
                0x000008a9       0x34 CMakeFiles/SysTick_IT.dir/Src/main.c.obj
 .ARM.attributes
                0x000008dd       0x34 CMakeFiles/SysTick_IT.dir/Src/delay.c.obj
 .ARM.attributes
                0x00000911       0x34 CMakeFiles/SysTick_IT.dir/Src/stm32f4xx_it.c.obj
 .ARM.attributes
                0x00000945       0x34 CMakeFiles/SysTick_IT.dir/Src/syscalls.c.obj
 .ARM.attributes
                0x00000979       0x34 CMakeFiles/SysTick_IT.dir/Src/sysmem.c.obj
 .ARM.attributes
                0x000009ad       0x34 CMakeFiles/SysTick_IT.dir/Src/system_stm32f4xx.c.obj
 .ARM.attributes
                0x000009e1       0x21 CMakeFiles/SysTick_IT.dir/Startup/startup_stm32f407vgtx.s.obj
 .ARM.attributes
                0x00000a02       0x22 c:/arm_tools/arm-gnu-toolchain-12.3.rel1-mingw-w64-i686-arm-none-eabi/bin/../lib/gcc/arm-none-eabi/12.3.1/thumb/v7e-m+fp/hard\libgcc.a(_arm_addsubdf3.o)
 .ARM.attributes
                0x00000a24       0x22 c:/arm_tools/arm-gnu-toolchain-12.3.rel1-mingw-w64-i686-arm-none-eabi/bin/../lib/gcc/arm-none-eabi/12.3.1/thumb/v7e-m+fp/hard\libgcc.a(_arm_muldivdf3.o)
 .ARM.attributes
                0x00000a46       0x22 c:/arm_tools/arm-gnu-toolchain-12.3.rel1-mingw-w64-i686-arm-none-eabi/bin/../lib/gcc/arm-none-eabi/12.3.1/thumb/v7e-m+fp/hard\libgcc.a(_arm_cmpdf2.o)
 .ARM.attributes
                0x00000a68       0x22 c:/arm_tools/arm-gnu-toolchain-12.3.rel1-mingw-w64-i686-arm-none-eabi/bin/../lib/gcc/arm-none-eabi/12.3.1/thumb/v7e-m+fp/hard\libgcc.a(_arm_unorddf2.o)
 .ARM.attributes
                0x00000a8a       0x22 c:/arm_tools/arm-gnu-toolchain-12.3.rel1-mingw-w64-i686-arm-none-eabi/bin/../lib/gcc/arm-none-eabi/12.3.1/thumb/v7e-m+fp/hard\libgcc.a(_arm_fixdfsi.o)
 .ARM.attributes
                0x00000aac       0x34 c:/arm_tools/arm-gnu-toolchain-12.3.rel1-mingw-w64-i686-arm-none-eabi/bin/../lib/gcc/arm-none-eabi/12.3.1/thumb/v7e-m+fp/hard\libg_nano.a(libc_a-errno.o)
 .ARM.attributes
                0x00000ae0       0x34 c:/arm_tools/arm-gnu-toolchain-12.3.rel1-mingw-w64-i686-arm-none-eabi/bin/../lib/gcc/arm-none-eabi/12.3.1/thumb/v7e-m+fp/hard/crtend.o
 .ARM.attributes
                0x00000b14       0x22 c:/arm_tools/arm-gnu-toolchain-12.3.rel1-mingw-w64-i686-arm-none-eabi/bin/../lib/gcc/arm-none-eabi/12.3.1/thumb/v7e-m+fp/hard/crtn.o
OUTPUT(SysTick_IT.elf elf32-littlearm)
LOAD linker stubs
LOAD c:/arm_tools/arm-gnu-toolchain-12.3.rel1-mingw-w64-i686-arm-none-eabi/bin/../lib/gcc/arm-none-eabi/12.3.1/thumb/v7e-m+fp/hard\libc.a
LOAD c:/arm_tools/arm-gnu-toolchain-12.3.rel1-mingw-w64-i686-arm-none-eabi/bin/../lib/gcc/arm-none-eabi/12.3.1/thumb/v7e-m+fp/hard\libm.a
LOAD c:/arm_tools/arm-gnu-toolchain-12.3.rel1-mingw-w64-i686-arm-none-eabi/bin/../lib/gcc/arm-none-eabi/12.3.1/thumb/v7e-m+fp/hard\libgcc.a

.debug_frame    0x00000000     0x12dc
 .debug_frame   0x00000000       0x94 c:/arm_tools/arm-gnu-toolchain-12.3.rel1-mingw-w64-i686-arm-none-eabi/bin/../lib/gcc/arm-none-eabi/12.3.1/thumb/v7e-m+fp/hard\libc_nano.a(libc_a-nano-vfprintf_float.o)
 .debug_frame   0x00000094       0x60 c:/arm_tools/arm-gnu-toolchain-12.3.rel1-mingw-w64-i686-arm-none-eabi/bin/../lib/gcc/arm-none-eabi/12.3.1/thumb/v7e-m+fp/hard\libc_nano.a(libc_a-nano-vfprintf_i.o)
 .debug_frame   0x000000f4      0x144 c:/arm_tools/arm-gnu-toolchain-12.3.rel1-mingw-w64-i686-arm-none-eabi/bin/../lib/gcc/arm-none-eabi/12.3.1/thumb/v7e-m+fp/hard\libc_nano.a(libc_a-findfp.o)
 .debug_frame   0x00000238       0x34 c:/arm_tools/arm-gnu-toolchain-12.3.rel1-mingw-w64-i686-arm-none-eabi/bin/../lib/gcc/arm-none-eabi/12.3.1/thumb/v7e-m+fp/hard\libc_nano.a(libc_a-fwalk.o)
 .debug_frame   0x0000026c       0x88 c:/arm_tools/arm-gnu-toolchain-12.3.rel1-mingw-w64-i686-arm-none-eabi/bin/../lib/gcc/arm-none-eabi/12.3.1/thumb/v7e-m+fp/hard\libc_nano.a(libc_a-stdio.o)
 .debug_frame   0x000002f4       0x20 c:/arm_tools/arm-gnu-toolchain-12.3.rel1-mingw-w64-i686-arm-none-eabi/bin/../lib/gcc/arm-none-eabi/12.3.1/thumb/v7e-m+fp/hard\libc_nano.a(libc_a-memset.o)
 .debug_frame   0x00000314       0x40 c:/arm_tools/arm-gnu-toolchain-12.3.rel1-mingw-w64-i686-arm-none-eabi/bin/../lib/gcc/arm-none-eabi/12.3.1/thumb/v7e-m+fp/hard\libc_nano.a(libc_a-localeconv.o)
 .debug_frame   0x00000354       0x2c c:/arm_tools/arm-gnu-toolchain-12.3.rel1-mingw-w64-i686-arm-none-eabi/bin/../lib/gcc/arm-none-eabi/12.3.1/thumb/v7e-m+fp/hard\libc_nano.a(libc_a-closer.o)
 .debug_frame   0x00000380       0x38 c:/arm_tools/arm-gnu-toolchain-12.3.rel1-mingw-w64-i686-arm-none-eabi/bin/../lib/gcc/arm-none-eabi/12.3.1/thumb/v7e-m+fp/hard\libc_nano.a(libc_a-reent.o)
 .debug_frame   0x000003b8       0x2c c:/arm_tools/arm-gnu-toolchain-12.3.rel1-mingw-w64-i686-arm-none-eabi/bin/../lib/gcc/arm-none-eabi/12.3.1/thumb/v7e-m+fp/hard\libc_nano.a(libc_a-lseekr.o)
 .debug_frame   0x000003e4       0x2c c:/arm_tools/arm-gnu-toolchain-12.3.rel1-mingw-w64-i686-arm-none-eabi/bin/../lib/gcc/arm-none-eabi/12.3.1/thumb/v7e-m+fp/hard\libc_nano.a(libc_a-readr.o)
 .debug_frame   0x00000410       0x2c c:/arm_tools/arm-gnu-toolchain-12.3.rel1-mingw-w64-i686-arm-none-eabi/bin/../lib/gcc/arm-none-eabi/12.3.1/thumb/v7e-m+fp/hard\libc_nano.a(libc_a-writer.o)
 .debug_frame   0x0000043c       0x2c c:/arm_tools/arm-gnu-toolchain-12.3.rel1-mingw-w64-i686-arm-none-eabi/bin/../lib/gcc/arm-none-eabi/12.3.1/thumb/v7e-m+fp/hard\libc_nano.a(libc_a-init.o)
 .debug_frame   0x00000468       0xb0 c:/arm_tools/arm-gnu-toolchain-12.3.rel1-mingw-w64-i686-arm-none-eabi/bin/../lib/gcc/arm-none-eabi/12.3.1/thumb/v7e-m+fp/hard\libc_nano.a(libc_a-lock.o)
 .debug_frame   0x00000518       0x6c c:/arm_tools/arm-gnu-toolchain-12.3.rel1-mingw-w64-i686-arm-none-eabi/bin/../lib/gcc/arm-none-eabi/12.3.1/thumb/v7e-m+fp/hard\libc_nano.a(libc_a-dtoa.o)
 .debug_frame   0x00000584       0x38 c:/arm_tools/arm-gnu-toolchain-12.3.rel1-mingw-w64-i686-arm-none-eabi/bin/../lib/gcc/arm-none-eabi/12.3.1/thumb/v7e-m+fp/hard\libc_nano.a(libc_a-freer.o)
 .debug_frame   0x000005bc       0x30 c:/arm_tools/arm-gnu-toolchain-12.3.rel1-mingw-w64-i686-arm-none-eabi/bin/../lib/gcc/arm-none-eabi/12.3.1/thumb/v7e-m+fp/hard\libc_nano.a(libc_a-malloc.o)
 .debug_frame   0x000005ec       0x50 c:/arm_tools/arm-gnu-toolchain-12.3.rel1-mingw-w64-i686-arm-none-eabi/bin/../lib/gcc/arm-none-eabi/12.3.1/thumb/v7e-m+fp/hard\libc_nano.a(libc_a-mallocr.o)
 .debug_frame   0x0000063c       0x30 c:/arm_tools/arm-gnu-toolchain-12.3.rel1-mingw-w64-i686-arm-none-eabi/bin/../lib/gcc/arm-none-eabi/12.3.1/thumb/v7e-m+fp/hard\libc_nano.a(libc_a-mlock.o)
 .debug_frame   0x0000066c      0x260 c:/arm_tools/arm-gnu-toolchain-12.3.rel1-mingw-w64-i686-arm-none-eabi/bin/../lib/gcc/arm-none-eabi/12.3.1/thumb/v7e-m+fp/hard\libc_nano.a(libc_a-mprec.o)
 .debug_frame   0x000008cc       0x5c c:/arm_tools/arm-gnu-toolchain-12.3.rel1-mingw-w64-i686-arm-none-eabi/bin/../lib/gcc/arm-none-eabi/12.3.1/thumb/v7e-m+fp/hard\libc_nano.a(libc_a-fflush.o)
 .debug_frame   0x00000928       0x48 c:/arm_tools/arm-gnu-toolchain-12.3.rel1-mingw-w64-i686-arm-none-eabi/bin/../lib/gcc/arm-none-eabi/12.3.1/thumb/v7e-m+fp/hard\libc_nano.a(libc_a-locale.o)
 .debug_frame   0x00000970       0x2c c:/arm_tools/arm-gnu-toolchain-12.3.rel1-mingw-w64-i686-arm-none-eabi/bin/../lib/gcc/arm-none-eabi/12.3.1/thumb/v7e-m+fp/hard\libc_nano.a(libc_a-sbrkr.o)
 .debug_frame   0x0000099c       0x28 c:/arm_tools/arm-gnu-toolchain-12.3.rel1-mingw-w64-i686-arm-none-eabi/bin/../lib/gcc/arm-none-eabi/12.3.1/thumb/v7e-m+fp/hard\libc_nano.a(libc_a-memcpy-stub.o)
 .debug_frame   0x000009c4       0x40 c:/arm_tools/arm-gnu-toolchain-12.3.rel1-mingw-w64-i686-arm-none-eabi/bin/../lib/gcc/arm-none-eabi/12.3.1/thumb/v7e-m+fp/hard\libc_nano.a(libc_a-assert.o)
 .debug_frame   0x00000a04       0x2c c:/arm_tools/arm-gnu-toolchain-12.3.rel1-mingw-w64-i686-arm-none-eabi/bin/../lib/gcc/arm-none-eabi/12.3.1/thumb/v7e-m+fp/hard\libc_nano.a(libc_a-callocr.o)
 .debug_frame   0x00000a30       0x48 c:/arm_tools/arm-gnu-toolchain-12.3.rel1-mingw-w64-i686-arm-none-eabi/bin/../lib/gcc/arm-none-eabi/12.3.1/thumb/v7e-m+fp/hard\libc_nano.a(libc_a-mbtowc_r.o)
 .debug_frame   0x00000a78       0x3c c:/arm_tools/arm-gnu-toolchain-12.3.rel1-mingw-w64-i686-arm-none-eabi/bin/../lib/gcc/arm-none-eabi/12.3.1/thumb/v7e-m+fp/hard\libc_nano.a(libc_a-wctomb_r.o)
 .debug_frame   0x00000ab4       0x64 c:/arm_tools/arm-gnu-toolchain-12.3.rel1-mingw-w64-i686-arm-none-eabi/bin/../lib/gcc/arm-none-eabi/12.3.1/thumb/v7e-m+fp/hard\libc_nano.a(libc_a-fprintf.o)
 .debug_frame   0x00000b18       0x28 c:/arm_tools/arm-gnu-toolchain-12.3.rel1-mingw-w64-i686-arm-none-eabi/bin/../lib/gcc/arm-none-eabi/12.3.1/thumb/v7e-m+fp/hard\libc_nano.a(libc_a-abort.o)
 .debug_frame   0x00000b40       0xa8 c:/arm_tools/arm-gnu-toolchain-12.3.rel1-mingw-w64-i686-arm-none-eabi/bin/../lib/gcc/arm-none-eabi/12.3.1/thumb/v7e-m+fp/hard\libc_nano.a(libc_a-nano-vfprintf.o)
 .debug_frame   0x00000be8       0x40 c:/arm_tools/arm-gnu-toolchain-12.3.rel1-mingw-w64-i686-arm-none-eabi/bin/../lib/gcc/arm-none-eabi/12.3.1/thumb/v7e-m+fp/hard\libc_nano.a(libc_a-wbuf.o)
 .debug_frame   0x00000c28       0x2c c:/arm_tools/arm-gnu-toolchain-12.3.rel1-mingw-w64-i686-arm-none-eabi/bin/../lib/gcc/arm-none-eabi/12.3.1/thumb/v7e-m+fp/hard\libc_nano.a(libc_a-wsetup.o)
 .debug_frame   0x00000c54       0xcc c:/arm_tools/arm-gnu-toolchain-12.3.rel1-mingw-w64-i686-arm-none-eabi/bin/../lib/gcc/arm-none-eabi/12.3.1/thumb/v7e-m+fp/hard\libc_nano.a(libc_a-signal.o)
 .debug_frame   0x00000d20       0x3c c:/arm_tools/arm-gnu-toolchain-12.3.rel1-mingw-w64-i686-arm-none-eabi/bin/../lib/gcc/arm-none-eabi/12.3.1/thumb/v7e-m+fp/hard\libc_nano.a(libc_a-signalr.o)
 .debug_frame   0x00000d5c       0x58 c:/arm_tools/arm-gnu-toolchain-12.3.rel1-mingw-w64-i686-arm-none-eabi/bin/../lib/gcc/arm-none-eabi/12.3.1/thumb/v7e-m+fp/hard\libc_nano.a(libc_a-makebuf.o)
 .debug_frame   0x00000db4       0x2c c:/arm_tools/arm-gnu-toolchain-12.3.rel1-mingw-w64-i686-arm-none-eabi/bin/../lib/gcc/arm-none-eabi/12.3.1/thumb/v7e-m+fp/hard\libc_nano.a(libc_a-fstatr.o)
 .debug_frame   0x00000de0       0x2c c:/arm_tools/arm-gnu-toolchain-12.3.rel1-mingw-w64-i686-arm-none-eabi/bin/../lib/gcc/arm-none-eabi/12.3.1/thumb/v7e-m+fp/hard\libc_nano.a(libc_a-isattyr.o)
 .debug_frame   0x00000e0c       0x50 CMakeFiles/SysTick_IT.dir/Src/main.c.obj
 .debug_frame   0x00000e5c       0x4c CMakeFiles/SysTick_IT.dir/Src/delay.c.obj
 .debug_frame   0x00000ea8       0x28 CMakeFiles/SysTick_IT.dir/Src/stm32f4xx_it.c.obj
 .debug_frame   0x00000ed0      0x190 CMakeFiles/SysTick_IT.dir/Src/syscalls.c.obj
 .debug_frame   0x00001060       0x28 CMakeFiles/SysTick_IT.dir/Src/sysmem.c.obj
 .debug_frame   0x00001088       0x30 CMakeFiles/SysTick_IT.dir/Src/system_stm32f4xx.c.obj
 .debug_frame   0x000010b8       0xac c:/arm_tools/arm-gnu-toolchain-12.3.rel1-mingw-w64-i686-arm-none-eabi/bin/../lib/gcc/arm-none-eabi/12.3.1/thumb/v7e-m+fp/hard\libgcc.a(_arm_addsubdf3.o)
 .debug_frame   0x00001164       0x50 c:/arm_tools/arm-gnu-toolchain-12.3.rel1-mingw-w64-i686-arm-none-eabi/bin/../lib/gcc/arm-none-eabi/12.3.1/thumb/v7e-m+fp/hard\libgcc.a(_arm_muldivdf3.o)
 .debug_frame   0x000011b4       0xc4 c:/arm_tools/arm-gnu-toolchain-12.3.rel1-mingw-w64-i686-arm-none-eabi/bin/../lib/gcc/arm-none-eabi/12.3.1/thumb/v7e-m+fp/hard\libgcc.a(_arm_cmpdf2.o)
 .debug_frame   0x00001278       0x20 c:/arm_tools/arm-gnu-toolchain-12.3.rel1-mingw-w64-i686-arm-none-eabi/bin/../lib/gcc/arm-none-eabi/12.3.1/thumb/v7e-m+fp/hard\libgcc.a(_arm_unorddf2.o)
 .debug_frame   0x00001298       0x24 c:/arm_tools/arm-gnu-toolchain-12.3.rel1-mingw-w64-i686-arm-none-eabi/bin/../lib/gcc/arm-none-eabi/12.3.1/thumb/v7e-m+fp/hard\libgcc.a(_arm_fixdfsi.o)
 .debug_frame   0x000012bc       0x20 c:/arm_tools/arm-gnu-toolchain-12.3.rel1-mingw-w64-i686-arm-none-eabi/bin/../lib/gcc/arm-none-eabi/12.3.1/thumb/v7e-m+fp/hard\libg_nano.a(libc_a-errno.o)

.debug_line_str
                0x00000000      0x296
 .debug_line_str
                0x00000000       0xe1 c:/arm_tools/arm-gnu-toolchain-12.3.rel1-mingw-w64-i686-arm-none-eabi/bin/../lib/gcc/arm-none-eabi/12.3.1/thumb/v7e-m+fp/hard\libc_nano.a(libc_a-memchr.o)
 .debug_line_str
                0x000000e1       0x13 c:/arm_tools/arm-gnu-toolchain-12.3.rel1-mingw-w64-i686-arm-none-eabi/bin/../lib/gcc/arm-none-eabi/12.3.1/thumb/v7e-m+fp/hard\libc_nano.a(libc_a-strlen.o)
                                 0xeb (size before relaxing)
 .debug_line_str
                0x000000f4       0xd4 CMakeFiles/SysTick_IT.dir/Startup/startup_stm32f407vgtx.s.obj
 .debug_line_str
                0x000001c8       0xce c:/arm_tools/arm-gnu-toolchain-12.3.rel1-mingw-w64-i686-arm-none-eabi/bin/../lib/gcc/arm-none-eabi/12.3.1/thumb/v7e-m+fp/hard\libgcc.a(_arm_addsubdf3.o)
 .debug_line_str
                0x00000296       0xce c:/arm_tools/arm-gnu-toolchain-12.3.rel1-mingw-w64-i686-arm-none-eabi/bin/../lib/gcc/arm-none-eabi/12.3.1/thumb/v7e-m+fp/hard\libgcc.a(_arm_muldivdf3.o)
 .debug_line_str
                0x00000296       0xce c:/arm_tools/arm-gnu-toolchain-12.3.rel1-mingw-w64-i686-arm-none-eabi/bin/../lib/gcc/arm-none-eabi/12.3.1/thumb/v7e-m+fp/hard\libgcc.a(_arm_cmpdf2.o)
 .debug_line_str
                0x00000296       0xce c:/arm_tools/arm-gnu-toolchain-12.3.rel1-mingw-w64-i686-arm-none-eabi/bin/../lib/gcc/arm-none-eabi/12.3.1/thumb/v7e-m+fp/hard\libgcc.a(_arm_unorddf2.o)
 .debug_line_str
                0x00000296       0xce c:/arm_tools/arm-gnu-toolchain-12.3.rel1-mingw-w64-i686-arm-none-eabi/bin/../lib/gcc/arm-none-eabi/12.3.1/thumb/v7e-m+fp/hard\libgcc.a(_arm_fixdfsi.o)

.debug_info     0x00000000     0x1cb2
 .debug_info    0x00000000      0xc2b CMakeFiles/SysTick_IT.dir/Src/main.c.obj
 .debug_info    0x00000c2b      0x126 CMakeFiles/SysTick_IT.dir/Src/delay.c.obj
 .debug_info    0x00000d51      0x111 CMakeFiles/SysTick_IT.dir/Src/stm32f4xx_it.c.obj
 .debug_info    0x00000e62      0x787 CMakeFiles/SysTick_IT.dir/Src/syscalls.c.obj
 .debug_info    0x000015e9      0x175 CMakeFiles/SysTick_IT.dir/Src/sysmem.c.obj
 .debug_info    0x0000175e      0x524 CMakeFiles/SysTick_IT.dir/Src/system_stm32f4xx.c.obj
 .debug_info    0x00001c82       0x30 CMakeFiles/SysTick_IT.dir/Startup/startup_stm32f407vgtx.s.obj

.debug_abbrev   0x00000000      0x7f3
 .debug_abbrev  0x00000000      0x24a CMakeFiles/SysTick_IT.dir/Src/main.c.obj
 .debug_abbrev  0x0000024a       0xe4 CMakeFiles/SysTick_IT.dir/Src/delay.c.obj
 .debug_abbrev  0x0000032e       0xd2 CMakeFiles/SysTick_IT.dir/Src/stm32f4xx_it.c.obj
 .debug_abbrev  0x00000400      0x1c3 CMakeFiles/SysTick_IT.dir/Src/syscalls.c.obj
 .debug_abbrev  0x000005c3       0xec CMakeFiles/SysTick_IT.dir/Src/sysmem.c.obj
 .debug_abbrev  0x000006af      0x120 CMakeFiles/SysTick_IT.dir/Src/system_stm32f4xx.c.obj
 .debug_abbrev  0x000007cf       0x24 CMakeFiles/SysTick_IT.dir/Startup/startup_stm32f407vgtx.s.obj

.debug_loclists
                0x00000000      0x40b
 .debug_loclists
                0x00000000       0x5b CMakeFiles/SysTick_IT.dir/Src/main.c.obj
 .debug_loclists
                0x0000005b       0x34 CMakeFiles/SysTick_IT.dir/Src/delay.c.obj
 .debug_loclists
                0x0000008f      0x25b CMakeFiles/SysTick_IT.dir/Src/syscalls.c.obj
 .debug_loclists
                0x000002ea       0x46 CMakeFiles/SysTick_IT.dir/Src/sysmem.c.obj
 .debug_loclists
                0x00000330       0xdb CMakeFiles/SysTick_IT.dir/Src/system_stm32f4xx.c.obj

.debug_aranges  0x00000000      0x198
 .debug_aranges
                0x00000000       0x30 CMakeFiles/SysTick_IT.dir/Src/main.c.obj
 .debug_aranges
                0x00000030       0x30 CMakeFiles/SysTick_IT.dir/Src/delay.c.obj
 .debug_aranges
                0x00000060       0x20 CMakeFiles/SysTick_IT.dir/Src/stm32f4xx_it.c.obj
 .debug_aranges
                0x00000080       0xa8 CMakeFiles/SysTick_IT.dir/Src/syscalls.c.obj
 .debug_aranges
                0x00000128       0x20 CMakeFiles/SysTick_IT.dir/Src/sysmem.c.obj
 .debug_aranges
                0x00000148       0x28 CMakeFiles/SysTick_IT.dir/Src/system_stm32f4xx.c.obj
 .debug_aranges
                0x00000170       0x28 CMakeFiles/SysTick_IT.dir/Startup/startup_stm32f407vgtx.s.obj

.debug_rnglists
                0x00000000      0x111
 .debug_rnglists
                0x00000000       0x20 CMakeFiles/SysTick_IT.dir/Src/main.c.obj
 .debug_rnglists
                0x00000020       0x1f CMakeFiles/SysTick_IT.dir/Src/delay.c.obj
 .debug_rnglists
                0x0000003f       0x13 CMakeFiles/SysTick_IT.dir/Src/stm32f4xx_it.c.obj
 .debug_rnglists
                0x00000052       0x79 CMakeFiles/SysTick_IT.dir/Src/syscalls.c.obj
 .debug_rnglists
                0x000000cb       0x13 CMakeFiles/SysTick_IT.dir/Src/sysmem.c.obj
 .debug_rnglists
                0x000000de       0x1a CMakeFiles/SysTick_IT.dir/Src/system_stm32f4xx.c.obj
 .debug_rnglists
                0x000000f8       0x19 CMakeFiles/SysTick_IT.dir/Startup/startup_stm32f407vgtx.s.obj

.debug_macro    0x00000000    0x1a19c
 .debug_macro   0x00000000      0x1f1 CMakeFiles/SysTick_IT.dir/Src/main.c.obj
 .debug_macro   0x000001f1      0xaba CMakeFiles/SysTick_IT.dir/Src/main.c.obj
 .debug_macro   0x00000cab       0x22 CMakeFiles/SysTick_IT.dir/Src/main.c.obj
 .debug_macro   0x00000ccd       0x8e CMakeFiles/SysTick_IT.dir/Src/main.c.obj
 .debug_macro   0x00000d5b       0x51 CMakeFiles/SysTick_IT.dir/Src/main.c.obj
 .debug_macro   0x00000dac      0x103 CMakeFiles/SysTick_IT.dir/Src/main.c.obj
 .debug_macro   0x00000eaf       0x6a CMakeFiles/SysTick_IT.dir/Src/main.c.obj
 .debug_macro   0x00000f19      0x1df CMakeFiles/SysTick_IT.dir/Src/main.c.obj
 .debug_macro   0x000010f8       0x2e CMakeFiles/SysTick_IT.dir/Src/main.c.obj
 .debug_macro   0x00001126       0x2f CMakeFiles/SysTick_IT.dir/Src/main.c.obj
 .debug_macro   0x00001155       0x1c CMakeFiles/SysTick_IT.dir/Src/main.c.obj
 .debug_macro   0x00001171       0x22 CMakeFiles/SysTick_IT.dir/Src/main.c.obj
 .debug_macro   0x00001193       0xd9 CMakeFiles/SysTick_IT.dir/Src/main.c.obj
 .debug_macro   0x0000126c     0x102d CMakeFiles/SysTick_IT.dir/Src/main.c.obj
 .debug_macro   0x00002299      0x11f CMakeFiles/SysTick_IT.dir/Src/main.c.obj
 .debug_macro   0x000023b8    0x15e82 CMakeFiles/SysTick_IT.dir/Src/main.c.obj
 .debug_macro   0x0001823a       0x6d CMakeFiles/SysTick_IT.dir/Src/main.c.obj
 .debug_macro   0x000182a7       0x61 CMakeFiles/SysTick_IT.dir/Src/main.c.obj
 .debug_macro   0x00018308       0x2a CMakeFiles/SysTick_IT.dir/Src/main.c.obj
 .debug_macro   0x00018332       0x43 CMakeFiles/SysTick_IT.dir/Src/main.c.obj
 .debug_macro   0x00018375       0x34 CMakeFiles/SysTick_IT.dir/Src/main.c.obj
 .debug_macro   0x000183a9       0x16 CMakeFiles/SysTick_IT.dir/Src/main.c.obj
 .debug_macro   0x000183bf       0x9e CMakeFiles/SysTick_IT.dir/Src/main.c.obj
 .debug_macro   0x0001845d      0x369 CMakeFiles/SysTick_IT.dir/Src/main.c.obj
 .debug_macro   0x000187c6      0x10b CMakeFiles/SysTick_IT.dir/Src/main.c.obj
 .debug_macro   0x000188d1       0x10 CMakeFiles/SysTick_IT.dir/Src/main.c.obj
 .debug_macro   0x000188e1       0x16 CMakeFiles/SysTick_IT.dir/Src/main.c.obj
 .debug_macro   0x000188f7       0x43 CMakeFiles/SysTick_IT.dir/Src/main.c.obj
 .debug_macro   0x0001893a       0x34 CMakeFiles/SysTick_IT.dir/Src/main.c.obj
 .debug_macro   0x0001896e       0x10 CMakeFiles/SysTick_IT.dir/Src/main.c.obj
 .debug_macro   0x0001897e       0x58 CMakeFiles/SysTick_IT.dir/Src/main.c.obj
 .debug_macro   0x000189d6       0x8e CMakeFiles/SysTick_IT.dir/Src/main.c.obj
 .debug_macro   0x00018a64       0x1c CMakeFiles/SysTick_IT.dir/Src/main.c.obj
 .debug_macro   0x00018a80      0x177 CMakeFiles/SysTick_IT.dir/Src/main.c.obj
 .debug_macro   0x00018bf7       0x16 CMakeFiles/SysTick_IT.dir/Src/main.c.obj
 .debug_macro   0x00018c0d       0x16 CMakeFiles/SysTick_IT.dir/Src/main.c.obj
 .debug_macro   0x00018c23      0x146 CMakeFiles/SysTick_IT.dir/Src/main.c.obj
 .debug_macro   0x00018d69       0xd8 CMakeFiles/SysTick_IT.dir/Src/delay.c.obj
 .debug_macro   0x00018e41       0xd8 CMakeFiles/SysTick_IT.dir/Src/stm32f4xx_it.c.obj
 .debug_macro   0x00018f19      0x274 CMakeFiles/SysTick_IT.dir/Src/syscalls.c.obj
 .debug_macro   0x0001918d       0x5b CMakeFiles/SysTick_IT.dir/Src/syscalls.c.obj
 .debug_macro   0x000191e8       0x94 CMakeFiles/SysTick_IT.dir/Src/syscalls.c.obj
 .debug_macro   0x0001927c       0x57 CMakeFiles/SysTick_IT.dir/Src/syscalls.c.obj
 .debug_macro   0x000192d3      0x189 CMakeFiles/SysTick_IT.dir/Src/syscalls.c.obj
 .debug_macro   0x0001945c       0x10 CMakeFiles/SysTick_IT.dir/Src/syscalls.c.obj
 .debug_macro   0x0001946c       0x35 CMakeFiles/SysTick_IT.dir/Src/syscalls.c.obj
 .debug_macro   0x000194a1       0x10 CMakeFiles/SysTick_IT.dir/Src/syscalls.c.obj
 .debug_macro   0x000194b1       0x10 CMakeFiles/SysTick_IT.dir/Src/syscalls.c.obj
 .debug_macro   0x000194c1       0x10 CMakeFiles/SysTick_IT.dir/Src/syscalls.c.obj
 .debug_macro   0x000194d1       0x1c CMakeFiles/SysTick_IT.dir/Src/syscalls.c.obj
 .debug_macro   0x000194ed       0x52 CMakeFiles/SysTick_IT.dir/Src/syscalls.c.obj
 .debug_macro   0x0001953f       0x22 CMakeFiles/SysTick_IT.dir/Src/syscalls.c.obj
 .debug_macro   0x00019561       0x10 CMakeFiles/SysTick_IT.dir/Src/syscalls.c.obj
 .debug_macro   0x00019571       0x52 CMakeFiles/SysTick_IT.dir/Src/syscalls.c.obj
 .debug_macro   0x000195c3       0xcf CMakeFiles/SysTick_IT.dir/Src/syscalls.c.obj
 .debug_macro   0x00019692       0x1c CMakeFiles/SysTick_IT.dir/Src/syscalls.c.obj
 .debug_macro   0x000196ae       0x3d CMakeFiles/SysTick_IT.dir/Src/syscalls.c.obj
 .debug_macro   0x000196eb       0x35 CMakeFiles/SysTick_IT.dir/Src/syscalls.c.obj
 .debug_macro   0x00019720      0x12c CMakeFiles/SysTick_IT.dir/Src/syscalls.c.obj
 .debug_macro   0x0001984c       0x16 CMakeFiles/SysTick_IT.dir/Src/syscalls.c.obj
 .debug_macro   0x00019862       0x16 CMakeFiles/SysTick_IT.dir/Src/syscalls.c.obj
 .debug_macro   0x00019878       0x29 CMakeFiles/SysTick_IT.dir/Src/syscalls.c.obj
 .debug_macro   0x000198a1       0x10 CMakeFiles/SysTick_IT.dir/Src/syscalls.c.obj
 .debug_macro   0x000198b1      0x242 CMakeFiles/SysTick_IT.dir/Src/syscalls.c.obj
 .debug_macro   0x00019af3       0x1c CMakeFiles/SysTick_IT.dir/Src/syscalls.c.obj
 .debug_macro   0x00019b0f       0x10 CMakeFiles/SysTick_IT.dir/Src/syscalls.c.obj
 .debug_macro   0x00019b1f      0x18a CMakeFiles/SysTick_IT.dir/Src/syscalls.c.obj
 .debug_macro   0x00019ca9       0x16 CMakeFiles/SysTick_IT.dir/Src/syscalls.c.obj
 .debug_macro   0x00019cbf       0xce CMakeFiles/SysTick_IT.dir/Src/syscalls.c.obj
 .debug_macro   0x00019d8d       0xff CMakeFiles/SysTick_IT.dir/Src/sysmem.c.obj
 .debug_macro   0x00019e8c      0x23c CMakeFiles/SysTick_IT.dir/Src/sysmem.c.obj
 .debug_macro   0x0001a0c8       0xd4 CMakeFiles/SysTick_IT.dir/Src/system_stm32f4xx.c.obj

.debug_line     0x00000000     0x2038
 .debug_line    0x00000000      0x697 CMakeFiles/SysTick_IT.dir/Src/main.c.obj
 .debug_line    0x00000697      0x4bd CMakeFiles/SysTick_IT.dir/Src/delay.c.obj
 .debug_line    0x00000b54      0x475 CMakeFiles/SysTick_IT.dir/Src/stm32f4xx_it.c.obj
 .debug_line    0x00000fc9      0x758 CMakeFiles/SysTick_IT.dir/Src/syscalls.c.obj
 .debug_line    0x00001721      0x3c9 CMakeFiles/SysTick_IT.dir/Src/sysmem.c.obj
 .debug_line    0x00001aea      0x4d3 CMakeFiles/SysTick_IT.dir/Src/system_stm32f4xx.c.obj
 .debug_line    0x00001fbd       0x7b CMakeFiles/SysTick_IT.dir/Startup/startup_stm32f407vgtx.s.obj

.debug_str      0x00000000    0x8e6ce
 .debug_str     0x00000000    0x8c294 CMakeFiles/SysTick_IT.dir/Src/main.c.obj
                              0x8c4d3 (size before relaxing)
 .debug_str     0x0008c294       0x81 CMakeFiles/SysTick_IT.dir/Src/delay.c.obj
                              0x88158 (size before relaxing)
 .debug_str     0x0008c315       0x77 CMakeFiles/SysTick_IT.dir/Src/stm32f4xx_it.c.obj
                              0x88164 (size before relaxing)
 .debug_str     0x0008c38c     0x2109 CMakeFiles/SysTick_IT.dir/Src/syscalls.c.obj
                               0x9918 (size before relaxing)
 .debug_str     0x0008e495       0xb7 CMakeFiles/SysTick_IT.dir/Src/sysmem.c.obj
                               0x6130 (size before relaxing)
 .debug_str     0x0008e54c       0xf2 CMakeFiles/SysTick_IT.dir/Src/system_stm32f4xx.c.obj
                              0x88311 (size before relaxing)
 .debug_str     0x0008e63e       0x90 CMakeFiles/SysTick_IT.dir/Startup/startup_stm32f407vgtx.s.obj
                                 0xf0 (size before relaxing)

.comment        0x00000000       0x45
 .comment       0x00000000       0x45 CMakeFiles/SysTick_IT.dir/Src/main.c.obj
                                 0x46 (size before relaxing)
 .comment       0x00000045       0x46 CMakeFiles/SysTick_IT.dir/Src/delay.c.obj
 .comment       0x00000045       0x46 CMakeFiles/SysTick_IT.dir/Src/stm32f4xx_it.c.obj
 .comment       0x00000045       0x46 CMakeFiles/SysTick_IT.dir/Src/syscalls.c.obj
 .comment       0x00000045       0x46 CMakeFiles/SysTick_IT.dir/Src/sysmem.c.obj
 .comment       0x00000045       0x46 CMakeFiles/SysTick_IT.dir/Src/system_stm32f4xx.c.obj
