D:/TRABAJO/UMAKER/CURSOS/ARM - NUCLEO/STM32_FromScratch/NOVIEMBRE - 2023/DMA/Drivers/CMSIS/Include/core_cm4.h:1688:22:__NVIC_EnableIRQ	16	static
D:/TRABAJO/UMAKER/CURSOS/ARM - NUCLEO/STM32_FromScratch/NOVIEMBRE - 2023/DMA/Drivers/CMSIS/Include/core_cm4.h:1816:22:__NVIC_SetPriority	16	static
../Inc/IIR_Filter.h:35:22:iir_coeff_reorder	40	static
../Src/main.c:43:5:__io_putchar	16	static
../Src/main.c:51:6:dataReady	16	static
../Src/main.c:58:5:main	8	static
../Src/main.c:182:6:USART1_Config	4	static
../Src/main.c:215:9:uart_send_data	32	static
