../Drivers/BSP/HD44780.c:69:6:LCD_Init	16	static
../Drivers/BSP/HD44780.c:123:6:LCD_Clear	8	static
../Drivers/BSP/HD44780.c:128:6:LCD_Puts	16	static
../Drivers/BSP/HD44780.c:150:6:LCD_DisplayOn	8	static
../Drivers/BSP/HD44780.c:155:6:LCD_DisplayOff	8	static
../Drivers/BSP/HD44780.c:160:6:LCD_BlinkOn	8	static
../Drivers/BSP/HD44780.c:165:6:LCD_BlinkOff	8	static
../Drivers/BSP/HD44780.c:170:6:LCD_CursorOn	8	static
../Drivers/BSP/HD44780.c:175:6:LCD_CursorOff	8	static
../Drivers/BSP/HD44780.c:180:6:LCD_ScrollLeft	8	static
../Drivers/BSP/HD44780.c:184:6:LCD_ScrollRight	8	static
../Drivers/BSP/HD44780.c:187:6:LCD_CreateChar	24	static
../Drivers/BSP/HD44780.c:198:6:LCD_PutCustom	16	static
../Drivers/BSP/HD44780.c:204:6:LCD_Printf	104	static
../Drivers/BSP/HD44780.c:218:13:LCD_Cmd	16	static
../Drivers/BSP/HD44780.c:228:13:LCD_Data	16	static
../Drivers/BSP/HD44780.c:235:13:LCD_CursorSet	24	static
