D:/TRABAJO/UMAKER/CURSOS/ARM - NUCLEO/STM32_FromScratch/DMA/Drivers/CMSIS/Include/core_cm4.h:1688:22:__NVIC_EnableIRQ	16	static
D:/TRABAJO/UMAKER/CURSOS/ARM - NUCLEO/STM32_FromScratch/DMA/Drivers/CMSIS/Include/core_cm4.h:2064:26:ITM_SendChar	16	static,ignoring_inline_asm
../Core/Src/main.c:50:5:main	24	static
../Core/Src/main.c:119:6:ADC1_Init	4	static
../Core/Src/main.c:140:6:DMA2_Stream4_init	8	static
../Core/Src/main.c:175:6:ADC1_CpltConvCallback	4	static
../Core/Src/main.c:181:5:__io_putchar	16	static
