D:/TRABAJO/UMAKER/CURSOS/ARM - NUCLEO/STM32_FromScratch/NOVIEMBRE - 2023/SPI/Drivers/CMSIS/Include/core_cm4.h:1816:22:__NVIC_SetPriority	2
D:/TRABAJO/UMAKER/CURSOS/ARM - NUCLEO/STM32_FromScratch/NOVIEMBRE - 2023/SPI/Drivers/CMSIS/Include/core_cm4.h:2022:26:SysTick_Config	2
D:/TRABAJO/UMAKER/CURSOS/ARM - NUCLEO/STM32_FromScratch/NOVIEMBRE - 2023/SPI/Drivers/CMSIS/Include/core_cm4.h:2064:26:ITM_SendChar	4
../Src/main.c:83:5:main	1
../Src/main.c:154:5:__io_putchar	1
../Src/main.c:163:6:SPI_SendData	5
../Src/main.c:188:6:SPI_SendReceiveData	6
../Src/main.c:223:6:SPI_ReceiveData	5
../Src/main.c:252:6:SPI_MasterReceiveData	7
