D:/TRABAJO/UMAKER/CURSOS/ARM - NUCLEO/STM32_FromScratch/I2C/Drivers/CMSIS/Include/core_cm4.h:1688:22:__NVIC_EnableIRQ	16	static
D:/TRABAJO/UMAKER/CURSOS/ARM - NUCLEO/STM32_FromScratch/I2C/Drivers/CMSIS/Include/core_cm4.h:2064:26:ITM_SendChar	16	static,ignoring_inline_asm
../Core/Src/main.c:69:5:main	8	static
../Core/Src/main.c:109:6:I2C1_Init	16	static
../Core/Src/main.c:162:6:I2C_MasterSendData	40	static
../Core/Src/main.c:224:6:I2C_isDeviceConnected	40	static
../Core/Src/main.c:266:6:I2C_MasterReceiveData	40	static
../Core/Src/main.c:336:6:i2c_write_reg	40	static
../Core/Src/main.c:344:6:i2c_read_reg	32	static
../Core/Src/main.c:355:6:GPIO_Config	8	static
../Core/Src/main.c:377:6:EXTI9_5_IRQHandler	4	static
../Core/Src/main.c:387:5:__io_putchar	16	static
