../Lib/lwrb/src/lwrb/lwrb.c:70:1:lwrb_init	40	static
../Lib/lwrb/src/lwrb/lwrb.c:89:1:lwrb_is_ready	16	static
../Lib/lwrb/src/lwrb/lwrb.c:100:1:lwrb_free	16	static
../Lib/lwrb/src/lwrb/lwrb.c:112:1:lwrb_set_evt_fn	16	static
../Lib/lwrb/src/lwrb/lwrb.c:130:1:lwrb_write	56	static
../Lib/lwrb/src/lwrb/lwrb.c:183:1:lwrb_read	56	static
../Lib/lwrb/src/lwrb/lwrb.c:235:1:lwrb_peek	48	static
../Lib/lwrb/src/lwrb/lwrb.c:282:1:lwrb_get_free	48	static
../Lib/lwrb/src/lwrb/lwrb.c:328:1:lwrb_get_full	48	static
../Lib/lwrb/src/lwrb/lwrb.c:373:1:lwrb_reset	32	static
../Lib/lwrb/src/lwrb/lwrb.c:387:1:lwrb_get_linear_block_read_address	16	static
../Lib/lwrb/src/lwrb/lwrb.c:400:1:lwrb_get_linear_block_read_length	48	static
../Lib/lwrb/src/lwrb/lwrb.c:435:1:lwrb_skip	40	static
../Lib/lwrb/src/lwrb/lwrb.c:460:1:lwrb_get_linear_block_write_address	16	static
../Lib/lwrb/src/lwrb/lwrb.c:473:1:lwrb_get_linear_block_write_length	48	static
../Lib/lwrb/src/lwrb/lwrb.c:520:1:lwrb_advance	40	static
../Lib/lwrb/src/lwrb/lwrb.c:554:1:lwrb_find	56	static
