D:/TRABAJO/UMAKER/CURSOS/ARM - NUCLEO/STM32_FromScratch/USART_RING_BUFFER/Drivers/CMSIS/Include/core_cm4.h:1688:22:__NVIC_EnableIRQ	16	static
D:/TRABAJO/UMAKER/CURSOS/ARM - NUCLEO/STM32_FromScratch/USART_RING_BUFFER/Drivers/CMSIS/Include/core_cm4.h:1816:22:__NVIC_SetPriority	16	static
D:/TRABAJO/UMAKER/CURSOS/ARM - NUCLEO/STM32_FromScratch/USART_RING_BUFFER/Drivers/CMSIS/Include/core_cm4.h:2064:26:ITM_SendChar	16	static,ignoring_inline_asm
../Core/Src/main.c:98:5:main	8	static,ignoring_inline_asm
../Core/Src/main.c:145:6:button1_callback	4	static
../Core/Src/main.c:150:6:USART1_Init	48	static
../Core/Src/main.c:189:15:UART_SendData	32	static
../Core/Src/main.c:214:15:UART_ReceiveData	32	static
../Core/Src/main.c:239:5:__io_putchar	24	static
