D:/TRABAJO/UMAKER/CURSOS/ARM - NUCLEO/STM32_FromScratch/NOVIEMBRE - 2023/USART/Drivers/CMSIS/Include/core_cm4.h:1688:22:__NVIC_EnableIRQ	2
D:/TRABAJO/UMAKER/CURSOS/ARM - NUCLEO/STM32_FromScratch/NOVIEMBRE - 2023/USART/Drivers/CMSIS/Include/core_cm4.h:1816:22:__NVIC_SetPriority	2
D:/TRABAJO/UMAKER/CURSOS/ARM - NUCLEO/STM32_FromScratch/NOVIEMBRE - 2023/USART/Drivers/CMSIS/Include/core_cm4.h:2022:26:SysTick_Config	2
../Src/main.c:37:5:__io_putchar	2
../Src/main.c:45:6:dataReady	1
../Src/main.c:52:5:main	2
../Src/main.c:76:6:USART1_Config	1
../Src/main.c:109:9:uart_send_data	4
