../Lib/nanoMODBUS/nanomodbus.c:40:16:get_1	24	static
../Lib/nanoMODBUS/nanomodbus.c:47:13:put_1	16	static
../Lib/nanoMODBUS/nanomodbus.c:53:13:discard_1	16	static
../Lib/nanoMODBUS/nanomodbus.c:58:17:get_2	24	static
../Lib/nanoMODBUS/nanomodbus.c:66:13:put_2	16	static
../Lib/nanoMODBUS/nanomodbus.c:73:13:msg_buf_reset	16	static
../Lib/nanoMODBUS/nanomodbus.c:78:13:msg_state_reset	16	static
../Lib/nanoMODBUS/nanomodbus.c:89:13:msg_state_req	16	static
../Lib/nanoMODBUS/nanomodbus.c:105:5:nmbs_create	24	static
../Lib/nanoMODBUS/nanomodbus.c:129:6:nmbs_set_read_timeout	16	static
../Lib/nanoMODBUS/nanomodbus.c:134:6:nmbs_set_byte_timeout	16	static
../Lib/nanoMODBUS/nanomodbus.c:139:6:nmbs_set_destination_rtu_address	16	static
../Lib/nanoMODBUS/nanomodbus.c:144:6:nmbs_set_platform_arg	16	static
../Lib/nanoMODBUS/nanomodbus.c:149:10:nmbs_crc_calc	32	static
../Lib/nanoMODBUS/nanomodbus.c:167:19:recv	32	static
../Lib/nanoMODBUS/nanomodbus.c:185:19:send	32	static
../Lib/nanoMODBUS/nanomodbus.c:202:19:recv_msg_footer	24	static
../Lib/nanoMODBUS/nanomodbus.c:222:19:recv_msg_header	32	static
../Lib/nanoMODBUS/nanomodbus.c:286:13:put_msg_header	16	static
../Lib/nanoMODBUS/nanomodbus.c:303:19:send_msg	24	static
../Lib/nanoMODBUS/nanomodbus.c:318:19:recv_req_header	24	static
../Lib/nanoMODBUS/nanomodbus.c:337:13:put_res_header	16	static
../Lib/nanoMODBUS/nanomodbus.c:343:19:send_exception_msg	16	static
../Lib/nanoMODBUS/nanomodbus.c:356:19:recv_res_header	24	static
../Lib/nanoMODBUS/nanomodbus.c:401:13:put_req_header	16	static
../Lib/nanoMODBUS/nanomodbus.c:410:19:handle_read_discrete	288	static
../Lib/nanoMODBUS/nanomodbus.c:471:19:handle_read_registers	288	static
../Lib/nanoMODBUS/nanomodbus.c:532:19:handle_read_coils	16	static
../Lib/nanoMODBUS/nanomodbus.c:539:19:handle_read_discrete_inputs	16	static
../Lib/nanoMODBUS/nanomodbus.c:546:19:handle_read_holding_registers	16	static
../Lib/nanoMODBUS/nanomodbus.c:553:19:handle_read_input_registers	16	static
../Lib/nanoMODBUS/nanomodbus.c:560:19:handle_write_single_coil	24	static
../Lib/nanoMODBUS/nanomodbus.c:610:19:handle_write_single_register	24	static
../Lib/nanoMODBUS/nanomodbus.c:657:19:handle_write_multiple_coils	288	static
../Lib/nanoMODBUS/nanomodbus.c:727:19:handle_write_multiple_registers	288	static
../Lib/nanoMODBUS/nanomodbus.c:796:19:handle_req_fc	24	static
../Lib/nanoMODBUS/nanomodbus.c:857:12:nmbs_server_create	40	static
../Lib/nanoMODBUS/nanomodbus.c:873:12:nmbs_server_poll	24	static
../Lib/nanoMODBUS/nanomodbus.c:907:12:nmbs_client_create	16	static
../Lib/nanoMODBUS/nanomodbus.c:912:19:read_discrete	40	static
../Lib/nanoMODBUS/nanomodbus.c:960:12:nmbs_read_coils	32	static
../Lib/nanoMODBUS/nanomodbus.c:965:12:nmbs_read_discrete_inputs	32	static
../Lib/nanoMODBUS/nanomodbus.c:970:19:read_registers	40	static
../Lib/nanoMODBUS/nanomodbus.c:1021:12:nmbs_read_holding_registers	32	static
../Lib/nanoMODBUS/nanomodbus.c:1026:12:nmbs_read_input_registers	32	static
../Lib/nanoMODBUS/nanomodbus.c:1031:12:nmbs_write_single_coil	24	static
../Lib/nanoMODBUS/nanomodbus.c:1075:12:nmbs_write_single_register	24	static
../Lib/nanoMODBUS/nanomodbus.c:1116:12:nmbs_write_multiple_coils	40	static
../Lib/nanoMODBUS/nanomodbus.c:1171:12:nmbs_write_multiple_registers	40	static
../Lib/nanoMODBUS/nanomodbus.c:1226:12:nmbs_send_raw_pdu	32	static
../Lib/nanoMODBUS/nanomodbus.c:1240:12:nmbs_receive_raw_pdu_response	40	static
../Lib/nanoMODBUS/nanomodbus.c:1263:13:nmbs_strerror	16	static
