22:16:40 **** Incremental Build of configuration Debug for project SysTick ****
make -j8 all 
arm-none-eabi-gcc "../Core/Src/main.c" -mcpu=cortex-m4 -std=gnu11 -g3 -DDEBUG -DSTM32F407xx -DSTM32 -DSTM32F4 -DSTM32F407VGTx -c -I"D:/TRABAJO/UMAKER/CURSOS/ARM - NUCLEO/STM32_FromScratch/JUNIO-2023/SysTick/Core/Inc" -I"D:/TRABAJO/UMAKER/CURSOS/ARM - NUCLEO/STM32_FromScratch/JUNIO-2023/SysTick/Drivers/BSP" -I"D:/TRABAJO/UMAKER/CURSOS/ARM - NUCLEO/STM32_FromScratch/JUNIO-2023/SysTick/Drivers/CMSIS/Device/ST/STM32F4xx/Include" -I"D:/TRABAJO/UMAKER/CURSOS/ARM - NUCLEO/STM32_FromScratch/JUNIO-2023/SysTick/Drivers/CMSIS/Include" -O0 -ffunction-sections -fdata-sections -Wall -fstack-usage -fcyclomatic-complexity -MMD -MP -MF"Core/Src/main.d" -MT"Core/Src/main.o" --specs=nano.specs -mfpu=fpv4-sp-d16 -mfloat-abi=hard -mthumb -o "Core/Src/main.o"
arm-none-eabi-gcc -o "SysTick.elf" @"objects.list"   -mcpu=cortex-m4 -T"D:\TRABAJO\UMAKER\CURSOS\ARM - NUCLEO\STM32_FromScratch\JUNIO-2023\SysTick\STM32F407VGTX_FLASH.ld" --specs=nosys.specs -Wl,-Map="SysTick.map" -Wl,--gc-sections -static --specs=nano.specs -mfpu=fpv4-sp-d16 -mfloat-abi=hard -mthumb -Wl,--start-group -lc -lm -Wl,--end-group
Finished building target: SysTick.elf
 
arm-none-eabi-size   SysTick.elf 
arm-none-eabi-objdump -h -S  SysTick.elf  > "SysTick.list"
arm-none-eabi-objcopy  -O ihex  SysTick.elf  "SysTick.hex"
   text	   data	    bss	    dec	    hex	filename
   6600	    108	   1588	   8296	   2068	SysTick.elf
arm-none-eabi-objcopy  -O binary  SysTick.elf  "SysTick.bin"
Finished building: default.size.stdout
 
Finished building: SysTick.hex
Finished building: SysTick.bin
 
 
Finished building: SysTick.list
 

22:16:42 Build Finished. 0 errors, 0 warnings. (took 1s.988ms)

