22:06:21 **** Incremental Build of configuration Debug for project HAL_Driver ****
make -j8 all 
arm-none-eabi-gcc "../Core/Src/main.c" -mcpu=cortex-m4 -std=gnu11 -g3 -DDEBUG -DUSE_HAL_DRIVER -DSTM32F429xx -c -I../Core/Inc -I"D:/TRABAJO/UMAKER/CURSOS/ARM - NUCLEO/STM32_FromScratch/NOVIEMBRE - 2023/HAL_Driver/Components/lwbtn/src" -I"D:/TRABAJO/UMAKER/CURSOS/ARM - NUCLEO/STM32_FromScratch/NOVIEMBRE - 2023/HAL_Driver/Components/lwbtn/src/include" -I"D:/TRABAJO/UMAKER/CURSOS/ARM - NUCLEO/STM32_FromScratch/NOVIEMBRE - 2023/HAL_Driver/Components/lwbtn/src/include/lwbtn" -I../Drivers/STM32F4xx_HAL_Driver/Inc -I../Drivers/STM32F4xx_HAL_Driver/Inc/Legacy -I../Drivers/CMSIS/Device/ST/STM32F4xx/Include -I../Drivers/CMSIS/Include -O0 -ffunction-sections -fdata-sections -Wall -fstack-usage -fcyclomatic-complexity -MMD -MP -MF"Core/Src/main.d" -MT"Core/Src/main.o" --specs=nano.specs -mfpu=fpv4-sp-d16 -mfloat-abi=hard -mthumb -o "Core/Src/main.o"
arm-none-eabi-gcc -o "HAL_Driver.elf" @"objects.list"   -mcpu=cortex-m4 -T"D:\TRABAJO\UMAKER\CURSOS\ARM - NUCLEO\STM32_FromScratch\NOVIEMBRE - 2023\HAL_Driver\STM32F429ZITX_FLASH.ld" --specs=nosys.specs -Wl,-Map="HAL_Driver.map" -Wl,--gc-sections -static --specs=nano.specs -mfpu=fpv4-sp-d16 -mfloat-abi=hard -mthumb -Wl,--start-group -lc -lm -Wl,--end-group
Finished building target: HAL_Driver.elf
 
arm-none-eabi-size   HAL_Driver.elf 
arm-none-eabi-objdump -h -S  HAL_Driver.elf  > "HAL_Driver.list"
   text	   data	    bss	    dec	    hex	filename
  11152	     20	   1684	  12856	   3238	HAL_Driver.elf
Finished building: default.size.stdout
 
Finished building: HAL_Driver.list
 

22:06:25 Build Finished. 0 errors, 0 warnings. (took 3s.302ms)

