D:/TRABAJO/UMAKER/CURSOS/ARM - NUCLEO/STM32_FromScratch/SETIEMBRE-2023/TIMER_BASE/Drivers/CMSIS/Include/core_cm0plus.h:741:22:__NVIC_EnableIRQ	2
D:/TRABAJO/UMAKER/CURSOS/ARM - NUCLEO/STM32_FromScratch/SETIEMBRE-2023/TIMER_BASE/Drivers/CMSIS/Include/core_cm0plus.h:850:22:__NVIC_SetPriority	2
../Src/main.c:34:9:getButton1	1
../Src/main.c:37:9:getButton2	1
../Src/main.c:40:9:getButton3	1
../Src/main.c:69:5:main	2
../Src/main.c:122:1:prv_btn_get_state	1
../Src/main.c:155:1:prv_btn_event	11
../Src/main.c:184:7:TIM14_BaseInit	1
