22:22:26 **** Incremental Build of configuration Debug for project PID ****
make -j8 all 
arm-none-eabi-gcc "../Core/Src/App.c" -mcpu=cortex-m4 -std=gnu11 -g3 -DDEBUG -DUSE_HAL_DRIVER -DSTM32F407xx -c -I../Core/Inc -I../Drivers/STM32F4xx_HAL_Driver/Inc -I../Drivers/STM32F4xx_HAL_Driver/Inc/Legacy -I../Drivers/CMSIS/Device/ST/STM32F4xx/Include -I../Drivers/CMSIS/Include -I../Middlewares/Third_Party/FreeRTOS/Source/include -I../Middlewares/Third_Party/FreeRTOS/Source/CMSIS_RTOS -I../Middlewares/Third_Party/FreeRTOS/Source/portable/GCC/ARM_CM4F -O0 -ffunction-sections -fdata-sections -Wall -fstack-usage -fcyclomatic-complexity -MMD -MP -MF"Core/Src/App.d" -MT"Core/Src/App.o" --specs=nano.specs -mfpu=fpv4-sp-d16 -mfloat-abi=hard -mthumb -o "Core/Src/App.o"
../Core/Src/App.c: In function 'Labview_Task':
../Core/Src/App.c:120:10: warning: unused variable 'evt' [-Wunused-variable]
  120 |  osEvent evt;
      |          ^~~
../Core/Src/App.c:119:8: warning: unused variable 'output' [-Wunused-variable]
  119 |  float output;
      |        ^~~~~~
arm-none-eabi-gcc -o "PID.elf" @"objects.list"   -mcpu=cortex-m4 -T"D:\TRABAJO\UMAKER\CURSOS\ARM - NUCLEO\STM32_FromScratch\MARZO-2023\PID\STM32F407VGTX_FLASH.ld" --specs=nosys.specs -Wl,-Map="PID.map" -Wl,--gc-sections -static --specs=nano.specs -mfpu=fpv4-sp-d16 -mfloat-abi=hard -mthumb -u _printf_float -Wl,--start-group -lc -lm -Wl,--end-group
Finished building target: PID.elf
 
arm-none-eabi-size   PID.elf 
arm-none-eabi-objdump -h -S  PID.elf  > "PID.list"
   text	   data	    bss	    dec	    hex	filename
  53696	    492	  18852	  73040	  11d50	PID.elf
Finished building: default.size.stdout
 
Finished building: PID.list
 
22:22:36 **** Incremental Build of configuration Debug for project PID ****
make -j8 all 
arm-none-eabi-size   PID.elf 
   text	   data	    bss	    dec	    hex	filename
  53696	    492	  18852	  73040	  11d50	PID.elf
Finished building: default.size.stdout
 
