../Drivers/STM32C0xx_HAL_Driver/Src/stm32c0xx_ll_tim.c:765:20:OC1Config	16	static
../Drivers/STM32C0xx_HAL_Driver/Src/stm32c0xx_ll_tim.c:844:20:OC2Config	16	static
../Drivers/STM32C0xx_HAL_Driver/Src/stm32c0xx_ll_tim.c:923:20:OC3Config	16	static
../Drivers/STM32C0xx_HAL_Driver/Src/stm32c0xx_ll_tim.c:1002:20:OC4Config	16	static
../Drivers/STM32C0xx_HAL_Driver/Src/stm32c0xx_ll_tim.c:1072:20:OC5Config	12	static
../Drivers/STM32C0xx_HAL_Driver/Src/stm32c0xx_ll_tim.c:1133:20:OC6Config	12	static
../Drivers/STM32C0xx_HAL_Driver/Src/stm32c0xx_ll_tim.c:1193:20:IC1Config	12	static
../Drivers/STM32C0xx_HAL_Driver/Src/stm32c0xx_ll_tim.c:1226:20:IC2Config	12	static
../Drivers/STM32C0xx_HAL_Driver/Src/stm32c0xx_ll_tim.c:1259:20:IC3Config	8	static
../Drivers/STM32C0xx_HAL_Driver/Src/stm32c0xx_ll_tim.c:1292:20:IC4Config	8	static
../Drivers/STM32C0xx_HAL_Driver/Src/stm32c0xx_ll_tim.c:222:13:LL_TIM_DeInit	0	static
../Drivers/STM32C0xx_HAL_Driver/Src/stm32c0xx_ll_tim.c:275:6:LL_TIM_StructInit	0	static
../Drivers/STM32C0xx_HAL_Driver/Src/stm32c0xx_ll_tim.c:294:13:LL_TIM_Init	0	static
../Drivers/STM32C0xx_HAL_Driver/Src/stm32c0xx_ll_tim.c:346:6:LL_TIM_OC_StructInit	0	static
../Drivers/STM32C0xx_HAL_Driver/Src/stm32c0xx_ll_tim.c:375:13:LL_TIM_OC_Init	8	static
../Drivers/STM32C0xx_HAL_Driver/Src/stm32c0xx_ll_tim.c:413:6:LL_TIM_IC_StructInit	0	static
../Drivers/STM32C0xx_HAL_Driver/Src/stm32c0xx_ll_tim.c:436:13:LL_TIM_IC_Init	8	static
../Drivers/STM32C0xx_HAL_Driver/Src/stm32c0xx_ll_tim.c:467:6:LL_TIM_ENCODER_StructInit	0	static
../Drivers/STM32C0xx_HAL_Driver/Src/stm32c0xx_ll_tim.c:490:13:LL_TIM_ENCODER_Init	12	static
../Drivers/STM32C0xx_HAL_Driver/Src/stm32c0xx_ll_tim.c:553:6:LL_TIM_HALLSENSOR_StructInit	0	static
../Drivers/STM32C0xx_HAL_Driver/Src/stm32c0xx_ll_tim.c:583:13:LL_TIM_HALLSENSOR_Init	20	static
../Drivers/STM32C0xx_HAL_Driver/Src/stm32c0xx_ll_tim.c:662:6:LL_TIM_BDTR_StructInit	0	static
../Drivers/STM32C0xx_HAL_Driver/Src/stm32c0xx_ll_tim.c:697:13:LL_TIM_BDTR_Init	0	static
