../Drivers/CMSIS/Include/core_cm4.h:2064:26:ITM_SendChar	16	static,ignoring_inline_asm
../Core/Src/syscalls.c:44:6:initialise_monitor_handles	4	static
../Core/Src/syscalls.c:48:5:_getpid	4	static
../Core/Src/syscalls.c:53:5:_kill	16	static
../Core/Src/syscalls.c:61:6:_exit	16	static
../Core/Src/syscalls.c:67:27:_read	32	static
../Core/Src/syscalls.c:80:27:_write	32	static
../Core/Src/syscalls.c:93:5:_close	16	static
../Core/Src/syscalls.c:100:5:_fstat	16	static
../Core/Src/syscalls.c:107:5:_isatty	16	static
../Core/Src/syscalls.c:113:5:_lseek	24	static
../Core/Src/syscalls.c:121:5:_open	12	static
../Core/Src/syscalls.c:129:5:_wait	16	static
../Core/Src/syscalls.c:136:5:_unlink	16	static
../Core/Src/syscalls.c:143:5:_times	16	static
../Core/Src/syscalls.c:149:5:_stat	16	static
../Core/Src/syscalls.c:156:5:_link	16	static
../Core/Src/syscalls.c:164:5:_fork	8	static
../Core/Src/syscalls.c:170:5:_execve	24	static
