D:/TRABAJO/UMAKER/CURSOS/ARM - NUCLEO/STM32_FromScratch/USART_IT/Drivers/CMSIS/Include/core_cm4.h:1688:22:__NVIC_EnableIRQ	16	static
D:/TRABAJO/UMAKER/CURSOS/ARM - NUCLEO/STM32_FromScratch/USART_IT/Drivers/CMSIS/Include/core_cm4.h:1816:22:__NVIC_SetPriority	16	static
D:/TRABAJO/UMAKER/CURSOS/ARM - NUCLEO/STM32_FromScratch/USART_IT/Drivers/CMSIS/Include/core_cm4.h:2064:26:ITM_SendChar	16	static,ignoring_inline_asm
../Core/Src/main.c:94:5:main	8	static,ignoring_inline_asm
../Core/Src/main.c:132:6:button1_callback	8	static
../Core/Src/main.c:138:6:USART1_Init	48	static
../Core/Src/main.c:177:15:UART_SendData	32	static
../Core/Src/main.c:202:15:UART_ReceiveData	32	static
../Core/Src/main.c:227:5:__io_putchar	24	static
