22:08:13 **** Incremental Build of configuration Debug for project HAL_Driver_UART ****
make -j8 all 
arm-none-eabi-gcc "../Core/Src/main.c" -mcpu=cortex-m4 -std=gnu11 -g3 -DDEBUG -DUSE_HAL_DRIVER -DSTM32F407xx -c -I../Core/Inc -I../Drivers/STM32F4xx_HAL_Driver/Inc -I../Drivers/STM32F4xx_HAL_Driver/Inc/Legacy -I../Drivers/CMSIS/Device/ST/STM32F4xx/Include -I../Drivers/CMSIS/Include -O0 -ffunction-sections -fdata-sections -Wall -fstack-usage -fcyclomatic-complexity -MMD -MP -MF"Core/Src/main.d" -MT"Core/Src/main.o" --specs=nano.specs -mfpu=fpv4-sp-d16 -mfloat-abi=hard -mthumb -o "Core/Src/main.o"
arm-none-eabi-gcc -o "HAL_Driver_UART.elf" @"objects.list"   -mcpu=cortex-m4 -T"D:\TRABAJO\UMAKER\CURSOS\ARM - NUCLEO\STM32_FromScratch\ABRIL-2023\HAL_Driver_UART\STM32F407VGTX_FLASH.ld" --specs=nosys.specs -Wl,-Map="HAL_Driver_UART.map" -Wl,--gc-sections -static --specs=nano.specs -mfpu=fpv4-sp-d16 -mfloat-abi=hard -mthumb -Wl,--start-group -lc -lm -Wl,--end-group
Finished building target: HAL_Driver_UART.elf
 
arm-none-eabi-size   HAL_Driver_UART.elf 
arm-none-eabi-objdump -h -S  HAL_Driver_UART.elf  > "HAL_Driver_UART.list"
   text	   data	    bss	    dec	    hex	filename
  14560	    120	   1720	  16400	   4010	HAL_Driver_UART.elf
Finished building: default.size.stdout
 
Finished building: HAL_Driver_UART.list
 
22:08:21 **** Incremental Build of configuration Debug for project HAL_Driver_UART ****
make -j8 all 
arm-none-eabi-size   HAL_Driver_UART.elf 
   text	   data	    bss	    dec	    hex	filename
  14560	    120	   1720	  16400	   4010	HAL_Driver_UART.elf
Finished building: default.size.stdout
 
