22:00:35 **** Incremental Build of configuration Debug for project RTOS ****
make -j8 all 
arm-none-eabi-gcc "../Core/Src/hmi_task.c" -mcpu=cortex-m4 -std=gnu11 -g3 -DDEBUG -DUSE_HAL_DRIVER -DSTM32F407xx -DUSE_FULL_LL_DRIVER -c -I../Core/Inc -I"D:/TRABAJO/UMAKER/CURSOS/ARM - NUCLEO/STM32_FromScratch/ABRIL-2023/RTOS/Lib/rbuart" -I"D:/TRABAJO/UMAKER/CURSOS/ARM - NUCLEO/STM32_FromScratch/ABRIL-2023/RTOS/Lib/lwrb/src" -I"D:/TRABAJO/UMAKER/CURSOS/ARM - NUCLEO/STM32_FromScratch/ABRIL-2023/RTOS/Lib/lwrb/src/include" -I"D:/TRABAJO/UMAKER/CURSOS/ARM - NUCLEO/STM32_FromScratch/ABRIL-2023/RTOS/Lib/lwrb/src/include/lwrb" -I../Drivers/STM32F4xx_HAL_Driver/Inc -I../Drivers/STM32F4xx_HAL_Driver/Inc/Legacy -I../Drivers/CMSIS/Device/ST/STM32F4xx/Include -I../Drivers/CMSIS/Include -I../Middlewares/Third_Party/FreeRTOS/Source/include -I../Middlewares/Third_Party/FreeRTOS/Source/CMSIS_RTOS -I../Middlewares/Third_Party/FreeRTOS/Source/portable/GCC/ARM_CM4F -O0 -ffunction-sections -fdata-sections -Wall -fstack-usage -fcyclomatic-complexity -MMD -MP -MF"Core/Src/hmi_task.d" -MT"Core/Src/hmi_task.o" --specs=nano.specs -mfpu=fpv4-sp-d16 -mfloat-abi=hard -mthumb -o "Core/Src/hmi_task.o"
arm-none-eabi-gcc -o "RTOS.elf" @"objects.list"   -mcpu=cortex-m4 -T"D:\TRABAJO\UMAKER\CURSOS\ARM - NUCLEO\STM32_FromScratch\ABRIL-2023\RTOS\STM32F407VGTX_FLASH.ld" --specs=nosys.specs -Wl,-Map="RTOS.map" -Wl,--gc-sections -static --specs=nano.specs -mfpu=fpv4-sp-d16 -mfloat-abi=hard -mthumb -Wl,--start-group -lc -lm -Wl,--end-group
Finished building target: RTOS.elf
 
arm-none-eabi-size   RTOS.elf 
arm-none-eabi-objdump -h -S  RTOS.elf  > "RTOS.list"
   text	   data	    bss	    dec	    hex	filename
  27864	    516	  18700	  47080	   b7e8	RTOS.elf
Finished building: default.size.stdout
 
Finished building: RTOS.list
 
22:00:42 **** Incremental Build of configuration Debug for project RTOS ****
make -j8 all 
arm-none-eabi-size   RTOS.elf 
   text	   data	    bss	    dec	    hex	filename
  27864	    516	  18700	  47080	   b7e8	RTOS.elf
Finished building: default.size.stdout
 
