22:05:23 **** Incremental Build of configuration Debug for project GPIO2 ****
make -j8 all 
arm-none-eabi-gcc "../Src/main.c" -mcpu=cortex-m4 -std=gnu11 -g3 -DDEBUG -DSTM32F407xx -DSTM32 -DSTM32F4 -DSTM32F407VGTx -c -I../Inc -I"D:/TRABAJO/UMAKER/CURSOS/ARM - NUCLEO/STM32_FromScratch/ABRIL-2023/GPIO2/Drivers/CMSIS/Device/ST/STM32F4xx/Include" -I"D:/TRABAJO/UMAKER/CURSOS/ARM - NUCLEO/STM32_FromScratch/ABRIL-2023/GPIO2/Drivers/CMSIS/Include" -O0 -ffunction-sections -fdata-sections -Wall -fstack-usage -fcyclomatic-complexity -MMD -MP -MF"Src/main.d" -MT"Src/main.o" --specs=nano.specs -mfpu=fpv4-sp-d16 -mfloat-abi=hard -mthumb -o "Src/main.o"
arm-none-eabi-gcc -o "GPIO2.elf" @"objects.list"   -mcpu=cortex-m4 -T"D:\TRABAJO\UMAKER\CURSOS\ARM - NUCLEO\STM32_FromScratch\ABRIL-2023\GPIO2\STM32F407VGTX_FLASH.ld" --specs=nosys.specs -Wl,-Map="GPIO2.map" -Wl,--gc-sections -static --specs=nano.specs -mfpu=fpv4-sp-d16 -mfloat-abi=hard -mthumb -Wl,--start-group -lc -lm -Wl,--end-group
Finished building target: GPIO2.elf
 
arm-none-eabi-size   GPIO2.elf 
arm-none-eabi-objdump -h -S  GPIO2.elf  > "GPIO2.list"
   text	   data	    bss	    dec	    hex	filename
    872	      8	   1568	   2448	    990	GPIO2.elf
Finished building: default.size.stdout
 
Finished building: GPIO2.list
 

22:05:24 Build Finished. 0 errors, 0 warnings. (took 1s.346ms)

