21:48:01 **** Incremental Build of configuration Debug for project USART ****
make -j8 all 
arm-none-eabi-gcc "../Core/Src/main.c" -mcpu=cortex-m4 -std=gnu11 -g3 -DDEBUG -DSTM32F407xx -DSTM32 -DSTM32F4 -DSTM32F407VGTx -c -I"D:/TRABAJO/UMAKER/CURSOS/ARM - NUCLEO/STM32_FromScratch/USART/Core/Inc" -I"D:/TRABAJO/UMAKER/CURSOS/ARM - NUCLEO/STM32_FromScratch/USART/Core/Components" -I"D:/TRABAJO/UMAKER/CURSOS/ARM - NUCLEO/STM32_FromScratch/USART/Drivers/CMSIS/Device/ST/STM32F4xx/Include" -I"D:/TRABAJO/UMAKER/CURSOS/ARM - NUCLEO/STM32_FromScratch/USART/Drivers/CMSIS/Include" -O0 -ffunction-sections -fdata-sections -Wall -fstack-usage -fcyclomatic-complexity -MMD -MP -MF"Core/Src/main.d" -MT"Core/Src/main.o" --specs=nano.specs -mfpu=fpv4-sp-d16 -mfloat-abi=hard -mthumb -o "Core/Src/main.o"
../Core/Src/main.c: In function 'button1_callback':
../Core/Src/main.c:141:33: warning: format '%u' expects argument of type 'unsigned int', but argument 2 has type 'uint32_t' {aka 'long unsigned int'} [-Wformat=]
  141 |  printf("pulsador se presiono..%u\r\n", count);
      |                                ~^       ~~~~~
      |                                 |       |
      |                                 |       uint32_t {aka long unsigned int}
      |                                 unsigned int
      |                                %lu
arm-none-eabi-gcc -o "USART.elf" @"objects.list"   -mcpu=cortex-m4 -T"D:\TRABAJO\UMAKER\CURSOS\ARM - NUCLEO\STM32_FromScratch\USART\STM32F407VGTX_FLASH.ld" --specs=nosys.specs -Wl,-Map="USART.map" -Wl,--gc-sections -static --specs=nano.specs -mfpu=fpv4-sp-d16 -mfloat-abi=hard -mthumb -Wl,--start-group -lc -lm -Wl,--end-group
Finished building target: USART.elf
 
arm-none-eabi-size   USART.elf 
arm-none-eabi-objdump -h -S  USART.elf  > "USART.list"
   text	   data	    bss	    dec	    hex	filename
   8376	    112	   1728	  10216	   27e8	USART.elf
Finished building: default.size.stdout
 
Finished building: USART.list
 
21:48:06 **** Incremental Build of configuration Debug for project USART ****
make -j8 all 
arm-none-eabi-size   USART.elf 
   text	   data	    bss	    dec	    hex	filename
   8376	    112	   1728	  10216	   27e8	USART.elf
Finished building: default.size.stdout
 
