21:59:13 **** Incremental Build of configuration Debug for project MPU650_LibDriver ****
make -j8 all 
arm-none-eabi-gcc "../Core/App/driver_mpu6050_dmp.c" -mcpu=cortex-m4 -std=gnu11 -g3 -DDEBUG -DSTM32F407xx -DSTM32 -DSTM32F4 -DSTM32F407VGTx -c -I"D:/TRABAJO/UMAKER/CURSOS/ARM - NUCLEO/STM32_FromScratch/MPU650_LibDriver/Core/Inc" -I"D:/TRABAJO/UMAKER/CURSOS/ARM - NUCLEO/STM32_FromScratch/MPU650_LibDriver/Core/App" -I"D:/TRABAJO/UMAKER/CURSOS/ARM - NUCLEO/STM32_FromScratch/MPU650_LibDriver/Core/Components" -I"D:/TRABAJO/UMAKER/CURSOS/ARM - NUCLEO/STM32_FromScratch/MPU650_LibDriver/Drivers/CMSIS/Device/ST/STM32F4xx/Include" -I"D:/TRABAJO/UMAKER/CURSOS/ARM - NUCLEO/STM32_FromScratch/MPU650_LibDriver/Drivers/CMSIS/Include" -O0 -ffunction-sections -fdata-sections -Wall -fstack-usage -fcyclomatic-complexity -MMD -MP -MF"Core/App/driver_mpu6050_dmp.d" -MT"Core/App/driver_mpu6050_dmp.o" --specs=nano.specs -mfpu=fpv4-sp-d16 -mfloat-abi=hard -mthumb -o "Core/App/driver_mpu6050_dmp.o"
arm-none-eabi-gcc -o "MPU650_LibDriver.elf" @"objects.list"   -mcpu=cortex-m4 -T"D:\TRABAJO\UMAKER\CURSOS\ARM - NUCLEO\STM32_FromScratch\MPU650_LibDriver\STM32F407VGTX_FLASH.ld" --specs=nosys.specs -Wl,-Map="MPU650_LibDriver.map" -Wl,--gc-sections -static --specs=nano.specs -mfpu=fpv4-sp-d16 -mfloat-abi=hard -mthumb -u _printf_float -Wl,--start-group -lc -lm -Wl,--end-group
Finished building target: MPU650_LibDriver.elf
 
arm-none-eabi-size   MPU650_LibDriver.elf 
arm-none-eabi-objdump -h -S  MPU650_LibDriver.elf  > "MPU650_LibDriver.list"
   text	   data	    bss	    dec	    hex	filename
  54352	   3540	   2668	  60560	   ec90	MPU650_LibDriver.elf
Finished building: default.size.stdout
 
Finished building: MPU650_LibDriver.list
 
21:59:31 **** Incremental Build of configuration Debug for project MPU650_LibDriver ****
make -j8 all 
arm-none-eabi-gcc -o "MPU650_LibDriver.elf" @"objects.list"   -mcpu=cortex-m4 -T"D:\TRABAJO\UMAKER\CURSOS\ARM - NUCLEO\STM32_FromScratch\MPU650_LibDriver\STM32F407VGTX_FLASH.ld" --specs=nosys.specs -Wl,-Map="MPU650_LibDriver.map" -Wl,--gc-sections -static --specs=nano.specs -mfpu=fpv4-sp-d16 -mfloat-abi=hard -mthumb -u _printf_float -Wl,--start-group -lc -lm -Wl,--end-group
Finished building target: MPU650_LibDriver.elf
 
arm-none-eabi-size   MPU650_LibDriver.elf 
arm-none-eabi-objdump -h -S  MPU650_LibDriver.elf  > "MPU650_LibDriver.list"
   text	   data	    bss	    dec	    hex	filename
  54352	   3540	   2668	  60560	   ec90	MPU650_LibDriver.elf
Finished building: default.size.stdout
 
Finished building: MPU650_LibDriver.list
 
22:00:32 **** Incremental Build of configuration Debug for project MPU650_LibDriver ****
make -j8 all 
arm-none-eabi-size   MPU650_LibDriver.elf 
   text	   data	    bss	    dec	    hex	filename
  54352	   3540	   2668	  60560	   ec90	MPU650_LibDriver.elf
Finished building: default.size.stdout
 
