../Core/Component/driver_mpu6050_interface_stm32.c:46:9:mpu6050_interface_iic_init	8	static
../Core/Component/driver_mpu6050_interface_stm32.c:59:9:mpu6050_interface_iic_deinit	8	static
../Core/Component/driver_mpu6050_interface_stm32.c:76:9:mpu6050_interface_iic_read	32	static
../Core/Component/driver_mpu6050_interface_stm32.c:96:9:mpu6050_interface_iic_write	32	static
../Core/Component/driver_mpu6050_interface_stm32.c:110:6:mpu6050_interface_delay_ms	16	static
../Core/Component/driver_mpu6050_interface_stm32.c:120:6:mpu6050_interface_debug_print	16	static
../Core/Component/driver_mpu6050_interface_stm32.c:133:6:mpu6050_interface_receive_callback	16	static
../Core/Component/driver_mpu6050_interface_stm32.c:182:6:mpu6050_interface_dmp_tap_callback	16	static
../Core/Component/driver_mpu6050_interface_stm32.c:236:6:mpu6050_interface_dmp_orient_callback	16	static
